Archive member included to satisfy reference by file (symbol)

c:/tools/stm32cubeide_1.3.0/stm32cubeide/plugins/com.st.stm32cube.ide.mcu.externaltools.gnu-tools-for-stm32.7-2018-q2-update.win32_1.0.0.201904181610/tools/bin/../lib/gcc/arm-none-eabi/7.3.1/../../../../arm-none-eabi/lib/thumb/v7e-m/fpv5/hard\libc_nano.a(lib_a-errno.o)
                              Core/Src/syscalls.o (__errno)
c:/tools/stm32cubeide_1.3.0/stm32cubeide/plugins/com.st.stm32cube.ide.mcu.externaltools.gnu-tools-for-stm32.7-2018-q2-update.win32_1.0.0.201904181610/tools/bin/../lib/gcc/arm-none-eabi/7.3.1/../../../../arm-none-eabi/lib/thumb/v7e-m/fpv5/hard\libc_nano.a(lib_a-exit.o)
                              c:/tools/stm32cubeide_1.3.0/stm32cubeide/plugins/com.st.stm32cube.ide.mcu.externaltools.gnu-tools-for-stm32.7-2018-q2-update.win32_1.0.0.201904181610/tools/bin/../lib/gcc/arm-none-eabi/7.3.1/../../../../arm-none-eabi/lib/thumb/v7e-m/fpv5/hard/crt0.o (exit)
c:/tools/stm32cubeide_1.3.0/stm32cubeide/plugins/com.st.stm32cube.ide.mcu.externaltools.gnu-tools-for-stm32.7-2018-q2-update.win32_1.0.0.201904181610/tools/bin/../lib/gcc/arm-none-eabi/7.3.1/../../../../arm-none-eabi/lib/thumb/v7e-m/fpv5/hard\libc_nano.a(lib_a-impure.o)
                              c:/tools/stm32cubeide_1.3.0/stm32cubeide/plugins/com.st.stm32cube.ide.mcu.externaltools.gnu-tools-for-stm32.7-2018-q2-update.win32_1.0.0.201904181610/tools/bin/../lib/gcc/arm-none-eabi/7.3.1/../../../../arm-none-eabi/lib/thumb/v7e-m/fpv5/hard\libc_nano.a(lib_a-exit.o) (_global_impure_ptr)
c:/tools/stm32cubeide_1.3.0/stm32cubeide/plugins/com.st.stm32cube.ide.mcu.externaltools.gnu-tools-for-stm32.7-2018-q2-update.win32_1.0.0.201904181610/tools/bin/../lib/gcc/arm-none-eabi/7.3.1/../../../../arm-none-eabi/lib/thumb/v7e-m/fpv5/hard\libc_nano.a(lib_a-init.o)
                              c:/tools/stm32cubeide_1.3.0/stm32cubeide/plugins/com.st.stm32cube.ide.mcu.externaltools.gnu-tools-for-stm32.7-2018-q2-update.win32_1.0.0.201904181610/tools/bin/../lib/gcc/arm-none-eabi/7.3.1/../../../../arm-none-eabi/lib/thumb/v7e-m/fpv5/hard/crt0.o (__libc_init_array)
c:/tools/stm32cubeide_1.3.0/stm32cubeide/plugins/com.st.stm32cube.ide.mcu.externaltools.gnu-tools-for-stm32.7-2018-q2-update.win32_1.0.0.201904181610/tools/bin/../lib/gcc/arm-none-eabi/7.3.1/../../../../arm-none-eabi/lib/thumb/v7e-m/fpv5/hard\libc_nano.a(lib_a-malloc.o)
                              Middlewares/ST/STM32_USB_Device_Library/Class/CDC/Src/usbd_cdc.o (malloc)
c:/tools/stm32cubeide_1.3.0/stm32cubeide/plugins/com.st.stm32cube.ide.mcu.externaltools.gnu-tools-for-stm32.7-2018-q2-update.win32_1.0.0.201904181610/tools/bin/../lib/gcc/arm-none-eabi/7.3.1/../../../../arm-none-eabi/lib/thumb/v7e-m/fpv5/hard\libc_nano.a(lib_a-memset.o)
                              c:/tools/stm32cubeide_1.3.0/stm32cubeide/plugins/com.st.stm32cube.ide.mcu.externaltools.gnu-tools-for-stm32.7-2018-q2-update.win32_1.0.0.201904181610/tools/bin/../lib/gcc/arm-none-eabi/7.3.1/../../../../arm-none-eabi/lib/thumb/v7e-m/fpv5/hard/crt0.o (memset)
c:/tools/stm32cubeide_1.3.0/stm32cubeide/plugins/com.st.stm32cube.ide.mcu.externaltools.gnu-tools-for-stm32.7-2018-q2-update.win32_1.0.0.201904181610/tools/bin/../lib/gcc/arm-none-eabi/7.3.1/../../../../arm-none-eabi/lib/thumb/v7e-m/fpv5/hard\libc_nano.a(lib_a-nano-freer.o)
                              c:/tools/stm32cubeide_1.3.0/stm32cubeide/plugins/com.st.stm32cube.ide.mcu.externaltools.gnu-tools-for-stm32.7-2018-q2-update.win32_1.0.0.201904181610/tools/bin/../lib/gcc/arm-none-eabi/7.3.1/../../../../arm-none-eabi/lib/thumb/v7e-m/fpv5/hard\libc_nano.a(lib_a-malloc.o) (_free_r)
c:/tools/stm32cubeide_1.3.0/stm32cubeide/plugins/com.st.stm32cube.ide.mcu.externaltools.gnu-tools-for-stm32.7-2018-q2-update.win32_1.0.0.201904181610/tools/bin/../lib/gcc/arm-none-eabi/7.3.1/../../../../arm-none-eabi/lib/thumb/v7e-m/fpv5/hard\libc_nano.a(lib_a-nano-mallocr.o)
                              c:/tools/stm32cubeide_1.3.0/stm32cubeide/plugins/com.st.stm32cube.ide.mcu.externaltools.gnu-tools-for-stm32.7-2018-q2-update.win32_1.0.0.201904181610/tools/bin/../lib/gcc/arm-none-eabi/7.3.1/../../../../arm-none-eabi/lib/thumb/v7e-m/fpv5/hard\libc_nano.a(lib_a-malloc.o) (_malloc_r)
c:/tools/stm32cubeide_1.3.0/stm32cubeide/plugins/com.st.stm32cube.ide.mcu.externaltools.gnu-tools-for-stm32.7-2018-q2-update.win32_1.0.0.201904181610/tools/bin/../lib/gcc/arm-none-eabi/7.3.1/../../../../arm-none-eabi/lib/thumb/v7e-m/fpv5/hard\libc_nano.a(lib_a-sbrkr.o)
                              c:/tools/stm32cubeide_1.3.0/stm32cubeide/plugins/com.st.stm32cube.ide.mcu.externaltools.gnu-tools-for-stm32.7-2018-q2-update.win32_1.0.0.201904181610/tools/bin/../lib/gcc/arm-none-eabi/7.3.1/../../../../arm-none-eabi/lib/thumb/v7e-m/fpv5/hard\libc_nano.a(lib_a-nano-mallocr.o) (_sbrk_r)
[...]
Memory Configuration

Name             Origin             Length             Attributes
RAM              0x0000000020000000 0x0000000000080000 xrw
FLASH            0x0000000008000000 0x0000000000200000 xr
*default*        0x0000000000000000 0xffffffffffffffff

Linker script and memory map

LOAD c:/tools/stm32cubeide_1.3.0/stm32cubeide/plugins/com.st.stm32cube.ide.mcu.externaltools.gnu-tools-for-stm32.7-2018-q2-update.win32_1.0.0.201904181610/tools/bin/../lib/gcc/arm-none-eabi/7.3.1/thumb/v7e-m/fpv5/hard/crti.o
LOAD c:/tools/stm32cubeide_1.3.0/stm32cubeide/plugins/com.st.stm32cube.ide.mcu.externaltools.gnu-tools-for-stm32.7-2018-q2-update.win32_1.0.0.201904181610/tools/bin/../lib/gcc/arm-none-eabi/7.3.1/thumb/v7e-m/fpv5/hard/crtbegin.o
LOAD c:/tools/stm32cubeide_1.3.0/stm32cubeide/plugins/com.st.stm32cube.ide.mcu.externaltools.gnu-tools-for-stm32.7-2018-q2-update.win32_1.0.0.201904181610/tools/bin/../lib/gcc/arm-none-eabi/7.3.1/../../../../arm-none-eabi/lib/thumb/v7e-m/fpv5/hard/crt0.o
LOAD Core/Src/main.o
LOAD Core/Src/oled_i2c.o
LOAD Core/Src/stm32f7xx_hal_msp.o
LOAD Core/Src/stm32f7xx_it.o
LOAD Core/Src/syscalls.o
LOAD Core/Src/sysmem.o
LOAD Core/Src/system_stm32f7xx.o
LOAD Core/Startup/startup_stm32f767zitx.o
LOAD Drivers/STM32F7xx_HAL_Driver/Src/stm32f7xx_hal.o
LOAD Drivers/STM32F7xx_HAL_Driver/Src/stm32f7xx_hal_cortex.o
LOAD Drivers/STM32F7xx_HAL_Driver/Src/stm32f7xx_hal_dma.o
LOAD Drivers/STM32F7xx_HAL_Driver/Src/stm32f7xx_hal_dma_ex.o
LOAD Drivers/STM32F7xx_HAL_Driver/Src/stm32f7xx_hal_exti.o
LOAD Drivers/STM32F7xx_HAL_Driver/Src/stm32f7xx_hal_flash.o
LOAD Drivers/STM32F7xx_HAL_Driver/Src/stm32f7xx_hal_flash_ex.o
LOAD Drivers/STM32F7xx_HAL_Driver/Src/stm32f7xx_hal_gpio.o
LOAD Drivers/STM32F7xx_HAL_Driver/Src/stm32f7xx_hal_i2c.o
LOAD Drivers/STM32F7xx_HAL_Driver/Src/stm32f7xx_hal_i2c_ex.o
LOAD Drivers/STM32F7xx_HAL_Driver/Src/stm32f7xx_hal_pcd.o
LOAD Drivers/STM32F7xx_HAL_Driver/Src/stm32f7xx_hal_pcd_ex.o
LOAD Drivers/STM32F7xx_HAL_Driver/Src/stm32f7xx_hal_pwr.o
LOAD Drivers/STM32F7xx_HAL_Driver/Src/stm32f7xx_hal_pwr_ex.o
LOAD Drivers/STM32F7xx_HAL_Driver/Src/stm32f7xx_hal_rcc.o
LOAD Drivers/STM32F7xx_HAL_Driver/Src/stm32f7xx_hal_rcc_ex.o
LOAD Drivers/STM32F7xx_HAL_Driver/Src/stm32f7xx_hal_tim.o
LOAD Drivers/STM32F7xx_HAL_Driver/Src/stm32f7xx_hal_tim_ex.o
LOAD Drivers/STM32F7xx_HAL_Driver/Src/stm32f7xx_hal_uart.o
LOAD Drivers/STM32F7xx_HAL_Driver/Src/stm32f7xx_hal_uart_ex.o
LOAD Drivers/STM32F7xx_HAL_Driver/Src/stm32f7xx_ll_usb.o
LOAD Middlewares/ST/STM32_USB_Device_Library/Class/CDC/Src/usbd_cdc.o
LOAD Middlewares/ST/STM32_USB_Device_Library/Core/Src/usbd_core.o
LOAD Middlewares/ST/STM32_USB_Device_Library/Core/Src/usbd_ctlreq.o
LOAD Middlewares/ST/STM32_USB_Device_Library/Core/Src/usbd_ioreq.o
LOAD USB_DEVICE/App/usb_device.o
LOAD USB_DEVICE/App/usbd_cdc_if.o
LOAD USB_DEVICE/App/usbd_desc.o
LOAD USB_DEVICE/Target/usbd_conf.o
START GROUP
LOAD c:/tools/stm32cubeide_1.3.0/stm32cubeide/plugins/com.st.stm32cube.ide.mcu.externaltools.gnu-tools-for-stm32.7-2018-q2-update.win32_1.0.0.201904181610/tools/bin/../lib/gcc/arm-none-eabi/7.3.1/../../../../arm-none-eabi/lib/thumb/v7e-m/fpv5/hard\libc_nano.a
LOAD c:/tools/stm32cubeide_1.3.0/stm32cubeide/plugins/com.st.stm32cube.ide.mcu.externaltools.gnu-tools-for-stm32.7-2018-q2-update.win32_1.0.0.201904181610/tools/bin/../lib/gcc/arm-none-eabi/7.3.1/../../../../arm-none-eabi/lib/thumb/v7e-m/fpv5/hard\libm.a
END GROUP
START GROUP
LOAD c:/tools/stm32cubeide_1.3.0/stm32cubeide/plugins/com.st.stm32cube.ide.mcu.externaltools.gnu-tools-for-stm32.7-2018-q2-update.win32_1.0.0.201904181610/tools/bin/../lib/gcc/arm-none-eabi/7.3.1/thumb/v7e-m/fpv5/hard\libgcc.a
LOAD c:/tools/stm32cubeide_1.3.0/stm32cubeide/plugins/com.st.stm32cube.ide.mcu.externaltools.gnu-tools-for-stm32.7-2018-q2-update.win32_1.0.0.201904181610/tools/bin/../lib/gcc/arm-none-eabi/7.3.1/../../../../arm-none-eabi/lib/thumb/v7e-m/fpv5/hard\libc_nano.a
END GROUP
START GROUP
LOAD c:/tools/stm32cubeide_1.3.0/stm32cubeide/plugins/com.st.stm32cube.ide.mcu.externaltools.gnu-tools-for-stm32.7-2018-q2-update.win32_1.0.0.201904181610/tools/bin/../lib/gcc/arm-none-eabi/7.3.1/thumb/v7e-m/fpv5/hard\libgcc.a
LOAD c:/tools/stm32cubeide_1.3.0/stm32cubeide/plugins/com.st.stm32cube.ide.mcu.externaltools.gnu-tools-for-stm32.7-2018-q2-update.win32_1.0.0.201904181610/tools/bin/../lib/gcc/arm-none-eabi/7.3.1/../../../../arm-none-eabi/lib/thumb/v7e-m/fpv5/hard\libc_nano.a
LOAD c:/tools/stm32cubeide_1.3.0/stm32cubeide/plugins/com.st.stm32cube.ide.mcu.externaltools.gnu-tools-for-stm32.7-2018-q2-update.win32_1.0.0.201904181610/tools/bin/../lib/gcc/arm-none-eabi/7.3.1/../../../../arm-none-eabi/lib/thumb/v7e-m/fpv5/hard\libnosys.a
END GROUP
START GROUP
LOAD c:/tools/stm32cubeide_1.3.0/stm32cubeide/plugins/com.st.stm32cube.ide.mcu.externaltools.gnu-tools-for-stm32.7-2018-q2-update.win32_1.0.0.201904181610/tools/bin/../lib/gcc/arm-none-eabi/7.3.1/thumb/v7e-m/fpv5/hard\libgcc.a
LOAD c:/tools/stm32cubeide_1.3.0/stm32cubeide/plugins/com.st.stm32cube.ide.mcu.externaltools.gnu-tools-for-stm32.7-2018-q2-update.win32_1.0.0.201904181610/tools/bin/../lib/gcc/arm-none-eabi/7.3.1/../../../../arm-none-eabi/lib/thumb/v7e-m/fpv5/hard\libc_nano.a
LOAD c:/tools/stm32cubeide_1.3.0/stm32cubeide/plugins/com.st.stm32cube.ide.mcu.externaltools.gnu-tools-for-stm32.7-2018-q2-update.win32_1.0.0.201904181610/tools/bin/../lib/gcc/arm-none-eabi/7.3.1/../../../../arm-none-eabi/lib/thumb/v7e-m/fpv5/hard\libnosys.a
END GROUP
LOAD c:/tools/stm32cubeide_1.3.0/stm32cubeide/plugins/com.st.stm32cube.ide.mcu.externaltools.gnu-tools-for-stm32.7-2018-q2-update.win32_1.0.0.201904181610/tools/bin/../lib/gcc/arm-none-eabi/7.3.1/thumb/v7e-m/fpv5/hard/crtend.o
LOAD c:/tools/stm32cubeide_1.3.0/stm32cubeide/plugins/com.st.stm32cube.ide.mcu.externaltools.gnu-tools-for-stm32.7-2018-q2-update.win32_1.0.0.201904181610/tools/bin/../lib/gcc/arm-none-eabi/7.3.1/thumb/v7e-m/fpv5/hard/crtn.o
                0x0000000020080000                _estack = (ORIGIN (RAM) + LENGTH (RAM))
                0x0000000000000200                _Min_Heap_Size = 0x200
                0x0000000000000400                _Min_Stack_Size = 0x400

.isr_vector     0x0000000008000000      0x1f8
                0x0000000008000000                . = ALIGN (0x4)
 *(.isr_vector)
 .isr_vector    0x0000000008000000      0x1f8 Core/Startup/startup_stm32f767zitx.o
                0x0000000008000000                g_pfnVectors
                0x00000000080001f8                . = ALIGN (0x4)

.text           0x00000000080001f8     0x41c0
                0x00000000080001f8                . = ALIGN (0x4)
 *(.text)
 .text          0x00000000080001f8       0x40 c:/tools/stm32cubeide_1.3.0/stm32cubeide/plugins/com.st.stm32cube.ide.mcu.externaltools.gnu-tools-for-stm32.7-2018-q2-update.win32_1.0.0.201904181610/tools/bin/../lib/gcc/arm-none-eabi/7.3.1/thumb/v7e-m/fpv5/hard/crtbegin.o
 .text          0x0000000008000238       0x30 c:/tools/stm32cubeide_1.3.0/stm32cubeide/plugins/com.st.stm32cube.ide.mcu.externaltools.gnu-tools-for-stm32.7-2018-q2-update.win32_1.0.0.201904181610/tools/bin/../lib/gcc/arm-none-eabi/7.3.1/thumb/v7e-m/fpv5/hard\libgcc.a(_aeabi_uldivmod.o)
                0x0000000008000238                __aeabi_uldivmod
 .text          0x0000000008000268      0x2cc c:/tools/stm32cubeide_1.3.0/stm32cubeide/plugins/com.st.stm32cube.ide.mcu.externaltools.gnu-tools-for-stm32.7-2018-q2-update.win32_1.0.0.201904181610/tools/bin/../lib/gcc/arm-none-eabi/7.3.1/thumb/v7e-m/fpv5/hard\libgcc.a(_udivmoddi4.o)
                0x0000000008000268                __udivmoddi4
 .text          0x0000000008000534        0x4 c:/tools/stm32cubeide_1.3.0/stm32cubeide/plugins/com.st.stm32cube.ide.mcu.externaltools.gnu-tools-for-stm32.7-2018-q2-update.win32_1.0.0.201904181610/tools/bin/../lib/gcc/arm-none-eabi/7.3.1/thumb/v7e-m/fpv5/hard\libgcc.a(_dvmd_tls.o)
                0x0000000008000534                __aeabi_idiv0
                0x0000000008000534                __aeabi_ldiv0
 *(.text*)
 .text.SystemClock_Config
                0x0000000008000538       0xb4 Core/Src/main.o
                0x0000000008000538                SystemClock_Config
 .text.startup.main
                0x00000000080005ec      0x194 Core/Src/main.o
                0x00000000080005ec                main
 .text.Error_Handler
                0x0000000008000780        0x2 Core/Src/main.o
                0x0000000008000780                Error_Handler
 *fill*         0x0000000008000782        0x2 
 .text.SDA.part.0
                0x0000000008000784       0x10 Core/Src/oled_i2c.o
 .text.SCL.part.1
                0x0000000008000794       0x10 Core/Src/oled_i2c.o
 .text.SDA      0x00000000080007a4       0x18 Core/Src/oled_i2c.o
                0x00000000080007a4                SDA
 .text.oledSendStop
                0x00000000080007bc       0x1a Core/Src/oled_i2c.o
                0x00000000080007bc                oledSendStop
 *fill*         0x00000000080007d6        0x2 
 .text.SCL      0x00000000080007d8       0x18 Core/Src/oled_i2c.o
                0x00000000080007d8                SCL
 .text.oledWaitForAck
                0x00000000080007f0       0x14 Core/Src/oled_i2c.o
                0x00000000080007f0                oledWaitForAck
 .text.oledSendByte
                0x0000000008000804       0x30 Core/Src/oled_i2c.o
                0x0000000008000804                oledSendByte
 .text.oledSendStart
                0x0000000008000834       0x28 Core/Src/oled_i2c.o
                0x0000000008000834                oledSendStart
 .text.oledSendCommand
                0x000000000800085c       0x1e Core/Src/oled_i2c.o
                0x000000000800085c                oledSendCommand
 .text.OLED_Clear
                0x000000000800087a       0x74 Core/Src/oled_i2c.o
                0x000000000800087a                OLED_Clear
 .text.OLED_Init
                0x00000000080008ee       0xa0 Core/Src/oled_i2c.o
                0x00000000080008ee                OLED_Init
 *fill*         0x000000000800098e        0x2 
 .text.OLED_SetCursor.part.2
                0x0000000008000990       0x4c Core/Src/oled_i2c.o
 .text.OLED_DisplayLogo
                0x00000000080009dc       0x2a Core/Src/oled_i2c.o
                0x00000000080009dc                OLED_DisplayLogo
 *fill*         0x0000000008000a06        0x2 
 .text.HAL_MspInit
                0x0000000008000a08       0x30 Core/Src/stm32f7xx_hal_msp.o
                0x0000000008000a08                HAL_MspInit
 .text.HAL_UART_MspInit
                0x0000000008000a38       0x68 Core/Src/stm32f7xx_hal_msp.o
                0x0000000008000a38                HAL_UART_MspInit
 .text.NMI_Handler
                0x0000000008000aa0        0x2 Core/Src/stm32f7xx_it.o
                0x0000000008000aa0                NMI_Handler
 .text.HardFault_Handler
                0x0000000008000aa2        0x2 Core/Src/stm32f7xx_it.o
                0x0000000008000aa2                HardFault_Handler
 .text.MemManage_Handler
                0x0000000008000aa4        0x2 Core/Src/stm32f7xx_it.o
                0x0000000008000aa4                MemManage_Handler
 .text.BusFault_Handler
                0x0000000008000aa6        0x2 Core/Src/stm32f7xx_it.o
                0x0000000008000aa6                BusFault_Handler
 .text.UsageFault_Handler
                0x0000000008000aa8        0x2 Core/Src/stm32f7xx_it.o
                0x0000000008000aa8                UsageFault_Handler
 .text.SVC_Handler
                0x0000000008000aaa        0x2 Core/Src/stm32f7xx_it.o
                0x0000000008000aaa                SVC_Handler
 .text.DebugMon_Handler
                0x0000000008000aac        0x2 Core/Src/stm32f7xx_it.o
                0x0000000008000aac                DebugMon_Handler
 .text.PendSV_Handler
                0x0000000008000aae        0x2 Core/Src/stm32f7xx_it.o
                0x0000000008000aae                PendSV_Handler
 .text.SysTick_Handler
                0x0000000008000ab0        0x4 Core/Src/stm32f7xx_it.o
                0x0000000008000ab0                SysTick_Handler
 .text.OTG_FS_IRQHandler
                0x0000000008000ab4        0xc Core/Src/stm32f7xx_it.o
                0x0000000008000ab4                OTG_FS_IRQHandler
 .text._sbrk    0x0000000008000ac0       0x34 Core/Src/sysmem.o
                0x0000000008000ac0                _sbrk
 .text.SystemInit
                0x0000000008000af4       0x1c Core/Src/system_stm32f7xx.o
                0x0000000008000af4                SystemInit
 .text.Reset_Handler
                0x0000000008000b10       0x50 Core/Startup/startup_stm32f767zitx.o
                0x0000000008000b10                Reset_Handler
 .text.Default_Handler
                0x0000000008000b60        0x2 Core/Startup/startup_stm32f767zitx.o
                0x0000000008000b60                RTC_Alarm_IRQHandler
                0x0000000008000b60                EXTI2_IRQHandler
                0x0000000008000b60                TIM8_CC_IRQHandler
                0x0000000008000b60                UART8_IRQHandler
                0x0000000008000b60                SPI4_IRQHandler
                0x0000000008000b60                TIM1_CC_IRQHandler
                0x0000000008000b60                DMA2_Stream5_IRQHandler
                0x0000000008000b60                JPEG_IRQHandler
                0x0000000008000b60                DMA1_Stream5_IRQHandler
                0x0000000008000b60                CAN3_RX1_IRQHandler
                0x0000000008000b60                PVD_IRQHandler
                0x0000000008000b60                TAMP_STAMP_IRQHandler
                0x0000000008000b60                CAN2_RX1_IRQHandler
                0x0000000008000b60                EXTI3_IRQHandler
                0x0000000008000b60                TIM8_TRG_COM_TIM14_IRQHandler
                0x0000000008000b60                DFSDM1_FLT1_IRQHandler
                0x0000000008000b60                TIM1_UP_TIM10_IRQHandler
                0x0000000008000b60                TIM8_UP_TIM13_IRQHandler
                0x0000000008000b60                I2C3_ER_IRQHandler
                0x0000000008000b60                DFSDM1_FLT2_IRQHandler
                0x0000000008000b60                EXTI0_IRQHandler
                0x0000000008000b60                I2C2_EV_IRQHandler
                0x0000000008000b60                DMA1_Stream2_IRQHandler
                0x0000000008000b60                CAN1_RX0_IRQHandler
                0x0000000008000b60                FPU_IRQHandler
                0x0000000008000b60                OTG_HS_WKUP_IRQHandler
                0x0000000008000b60                CAN3_SCE_IRQHandler
                0x0000000008000b60                LTDC_ER_IRQHandler
                0x0000000008000b60                CAN2_SCE_IRQHandler
                0x0000000008000b60                DMA2_Stream2_IRQHandler
                0x0000000008000b60                SPI1_IRQHandler
                0x0000000008000b60                TIM6_DAC_IRQHandler
                0x0000000008000b60                TIM1_BRK_TIM9_IRQHandler
                0x0000000008000b60                DCMI_IRQHandler
                0x0000000008000b60                CAN2_RX0_IRQHandler
                0x0000000008000b60                DMA2_Stream3_IRQHandler
                0x0000000008000b60                SAI2_IRQHandler
                0x0000000008000b60                DFSDM1_FLT3_IRQHandler
                0x0000000008000b60                USART6_IRQHandler
                0x0000000008000b60                CAN3_RX0_IRQHandler
                0x0000000008000b60                USART3_IRQHandler
                0x0000000008000b60                CAN1_RX1_IRQHandler
                0x0000000008000b60                UART5_IRQHandler
                0x0000000008000b60                DMA2_Stream0_IRQHandler
                0x0000000008000b60                TIM4_IRQHandler
                0x0000000008000b60                QUADSPI_IRQHandler
                0x0000000008000b60                I2C1_EV_IRQHandler
                0x0000000008000b60                DMA1_Stream6_IRQHandler
                0x0000000008000b60                DMA1_Stream1_IRQHandler
                0x0000000008000b60                UART4_IRQHandler
                0x0000000008000b60                TIM3_IRQHandler
                0x0000000008000b60                RCC_IRQHandler
                0x0000000008000b60                TIM8_BRK_TIM12_IRQHandler
                0x0000000008000b60                Default_Handler
                0x0000000008000b60                CEC_IRQHandler
                0x0000000008000b60                EXTI15_10_IRQHandler
                0x0000000008000b60                ADC_IRQHandler
                0x0000000008000b60                DMA1_Stream7_IRQHandler
                0x0000000008000b60                SPI5_IRQHandler
                0x0000000008000b60                TIM7_IRQHandler
                0x0000000008000b60                SDMMC1_IRQHandler
                0x0000000008000b60                CAN2_TX_IRQHandler
                0x0000000008000b60                TIM5_IRQHandler
                0x0000000008000b60                DMA2_Stream7_IRQHandler
                0x0000000008000b60                I2C3_EV_IRQHandler
                0x0000000008000b60                EXTI9_5_IRQHandler
                0x0000000008000b60                RTC_WKUP_IRQHandler
                0x0000000008000b60                LTDC_IRQHandler
                0x0000000008000b60                ETH_WKUP_IRQHandler
                0x0000000008000b60                SPDIF_RX_IRQHandler
                0x0000000008000b60                SPI2_IRQHandler
                0x0000000008000b60                OTG_HS_EP1_IN_IRQHandler
                0x0000000008000b60                DMA1_Stream0_IRQHandler
                0x0000000008000b60                CAN1_TX_IRQHandler
                0x0000000008000b60                EXTI4_IRQHandler
                0x0000000008000b60                RNG_IRQHandler
                0x0000000008000b60                ETH_IRQHandler
                0x0000000008000b60                OTG_HS_EP1_OUT_IRQHandler
                0x0000000008000b60                WWDG_IRQHandler
                0x0000000008000b60                SPI6_IRQHandler
                0x0000000008000b60                MDIOS_IRQHandler
                0x0000000008000b60                I2C4_EV_IRQHandler
                0x0000000008000b60                CAN3_TX_IRQHandler
                0x0000000008000b60                TIM2_IRQHandler
                0x0000000008000b60                OTG_FS_WKUP_IRQHandler
                0x0000000008000b60                TIM1_TRG_COM_TIM11_IRQHandler
                0x0000000008000b60                OTG_HS_IRQHandler
                0x0000000008000b60                DMA2D_IRQHandler
                0x0000000008000b60                EXTI1_IRQHandler
                0x0000000008000b60                SDMMC2_IRQHandler
                0x0000000008000b60                UART7_IRQHandler
                0x0000000008000b60                USART2_IRQHandler
                0x0000000008000b60                DFSDM1_FLT0_IRQHandler
                0x0000000008000b60                I2C2_ER_IRQHandler
                0x0000000008000b60                DMA2_Stream1_IRQHandler
                0x0000000008000b60                CAN1_SCE_IRQHandler
                0x0000000008000b60                FLASH_IRQHandler
                0x0000000008000b60                DMA2_Stream4_IRQHandler
                0x0000000008000b60                USART1_IRQHandler
                0x0000000008000b60                SPI3_IRQHandler
                0x0000000008000b60                DMA1_Stream4_IRQHandler
                0x0000000008000b60                I2C1_ER_IRQHandler
                0x0000000008000b60                FMC_IRQHandler
                0x0000000008000b60                LPTIM1_IRQHandler
                0x0000000008000b60                I2C4_ER_IRQHandler
                0x0000000008000b60                DMA2_Stream6_IRQHandler
                0x0000000008000b60                SAI1_IRQHandler
                0x0000000008000b60                DMA1_Stream3_IRQHandler
 *fill*         0x0000000008000b62        0x2 
 .text.HAL_InitTick
                0x0000000008000b64       0x48 Drivers/STM32F7xx_HAL_Driver/Src/stm32f7xx_hal.o
                0x0000000008000b64                HAL_InitTick
 .text.HAL_Init
                0x0000000008000bac       0x16 Drivers/STM32F7xx_HAL_Driver/Src/stm32f7xx_hal.o
                0x0000000008000bac                HAL_Init
 *fill*         0x0000000008000bc2        0x2 
 .text.HAL_IncTick
                0x0000000008000bc4       0x18 Drivers/STM32F7xx_HAL_Driver/Src/stm32f7xx_hal.o
                0x0000000008000bc4                HAL_IncTick
 .text.HAL_GetTick
                0x0000000008000bdc        0xc Drivers/STM32F7xx_HAL_Driver/Src/stm32f7xx_hal.o
                0x0000000008000bdc                HAL_GetTick
 .text.HAL_Delay
                0x0000000008000be8       0x24 Drivers/STM32F7xx_HAL_Driver/Src/stm32f7xx_hal.o
                0x0000000008000be8                HAL_Delay
 .text.HAL_NVIC_SetPriorityGrouping
                0x0000000008000c0c       0x24 Drivers/STM32F7xx_HAL_Driver/Src/stm32f7xx_hal_cortex.o
                0x0000000008000c0c                HAL_NVIC_SetPriorityGrouping
 .text.HAL_NVIC_SetPriority
                0x0000000008000c30       0x64 Drivers/STM32F7xx_HAL_Driver/Src/stm32f7xx_hal_cortex.o
                0x0000000008000c30                HAL_NVIC_SetPriority
 .text.HAL_NVIC_EnableIRQ
                0x0000000008000c94       0x1c Drivers/STM32F7xx_HAL_Driver/Src/stm32f7xx_hal_cortex.o
                0x0000000008000c94                HAL_NVIC_EnableIRQ
 .text.HAL_SYSTICK_Config
                0x0000000008000cb0       0x2c Drivers/STM32F7xx_HAL_Driver/Src/stm32f7xx_hal_cortex.o
                0x0000000008000cb0                HAL_SYSTICK_Config
 .text.HAL_GPIO_Init
                0x0000000008000cdc      0x1d0 Drivers/STM32F7xx_HAL_Driver/Src/stm32f7xx_hal_gpio.o
                0x0000000008000cdc                HAL_GPIO_Init
 .text.HAL_GPIO_WritePin
                0x0000000008000eac        0xa Drivers/STM32F7xx_HAL_Driver/Src/stm32f7xx_hal_gpio.o
                0x0000000008000eac                HAL_GPIO_WritePin
 .text.HAL_PCD_Init
                0x0000000008000eb6      0x116 Drivers/STM32F7xx_HAL_Driver/Src/stm32f7xx_hal_pcd.o
                0x0000000008000eb6                HAL_PCD_Init
 .text.HAL_PCD_Start
                0x0000000008000fcc       0x2a Drivers/STM32F7xx_HAL_Driver/Src/stm32f7xx_hal_pcd.o
                0x0000000008000fcc                HAL_PCD_Start
 *fill*         0x0000000008000ff6        0x2 
 .text.HAL_PCD_IRQHandler
                0x0000000008000ff8      0x5b0 Drivers/STM32F7xx_HAL_Driver/Src/stm32f7xx_hal_pcd.o
                0x0000000008000ff8                HAL_PCD_IRQHandler
 .text.HAL_PCD_SetAddress
                0x00000000080015a8       0x28 Drivers/STM32F7xx_HAL_Driver/Src/stm32f7xx_hal_pcd.o
                0x00000000080015a8                HAL_PCD_SetAddress
 .text.HAL_PCD_EP_Open
                0x00000000080015d0       0x70 Drivers/STM32F7xx_HAL_Driver/Src/stm32f7xx_hal_pcd.o
                0x00000000080015d0                HAL_PCD_EP_Open
 .text.HAL_PCD_EP_Close
                0x0000000008001640       0x5e Drivers/STM32F7xx_HAL_Driver/Src/stm32f7xx_hal_pcd.o
                0x0000000008001640                HAL_PCD_EP_Close
 .text.HAL_PCD_EP_Receive
                0x000000000800169e       0x48 Drivers/STM32F7xx_HAL_Driver/Src/stm32f7xx_hal_pcd.o
                0x000000000800169e                HAL_PCD_EP_Receive
 .text.HAL_PCD_EP_GetRxCount
                0x00000000080016e6       0x10 Drivers/STM32F7xx_HAL_Driver/Src/stm32f7xx_hal_pcd.o
                0x00000000080016e6                HAL_PCD_EP_GetRxCount
 .text.HAL_PCD_EP_Transmit
                0x00000000080016f6       0x40 Drivers/STM32F7xx_HAL_Driver/Src/stm32f7xx_hal_pcd.o
                0x00000000080016f6                HAL_PCD_EP_Transmit
 .text.HAL_PCD_EP_SetStall
                0x0000000008001736       0x74 Drivers/STM32F7xx_HAL_Driver/Src/stm32f7xx_hal_pcd.o
                0x0000000008001736                HAL_PCD_EP_SetStall
 .text.HAL_PCD_EP_ClrStall
                0x00000000080017aa       0x6c Drivers/STM32F7xx_HAL_Driver/Src/stm32f7xx_hal_pcd.o
                0x00000000080017aa                HAL_PCD_EP_ClrStall
 .text.HAL_PCDEx_SetTxFiFo
                0x0000000008001816       0x40 Drivers/STM32F7xx_HAL_Driver/Src/stm32f7xx_hal_pcd_ex.o
                0x0000000008001816                HAL_PCDEx_SetTxFiFo
 .text.HAL_PCDEx_SetRxFiFo
                0x0000000008001856        0x8 Drivers/STM32F7xx_HAL_Driver/Src/stm32f7xx_hal_pcd_ex.o
                0x0000000008001856                HAL_PCDEx_SetRxFiFo
 .text.HAL_PCDEx_ActivateLPM
                0x000000000800185e       0x26 Drivers/STM32F7xx_HAL_Driver/Src/stm32f7xx_hal_pcd_ex.o
                0x000000000800185e                HAL_PCDEx_ActivateLPM
 .text.HAL_PWR_EnableBkUpAccess
                0x0000000008001884       0x10 Drivers/STM32F7xx_HAL_Driver/Src/stm32f7xx_hal_pwr.o
                0x0000000008001884                HAL_PWR_EnableBkUpAccess
 .text.HAL_PWREx_EnableOverDrive
                0x0000000008001894       0x70 Drivers/STM32F7xx_HAL_Driver/Src/stm32f7xx_hal_pwr_ex.o
                0x0000000008001894                HAL_PWREx_EnableOverDrive
 .text.HAL_RCC_OscConfig
                0x0000000008001904      0x388 Drivers/STM32F7xx_HAL_Driver/Src/stm32f7xx_hal_rcc.o
                0x0000000008001904                HAL_RCC_OscConfig
 .text.HAL_RCC_GetSysClockFreq
                0x0000000008001c8c       0x5c Drivers/STM32F7xx_HAL_Driver/Src/stm32f7xx_hal_rcc.o
                0x0000000008001c8c                HAL_RCC_GetSysClockFreq
 .text.HAL_RCC_ClockConfig
                0x0000000008001ce8      0x13c Drivers/STM32F7xx_HAL_Driver/Src/stm32f7xx_hal_rcc.o
                0x0000000008001ce8                HAL_RCC_ClockConfig
 .text.HAL_RCC_GetHCLKFreq
                0x0000000008001e24        0xc Drivers/STM32F7xx_HAL_Driver/Src/stm32f7xx_hal_rcc.o
                0x0000000008001e24                HAL_RCC_GetHCLKFreq
 .text.HAL_RCC_GetPCLK1Freq
                0x0000000008001e30       0x20 Drivers/STM32F7xx_HAL_Driver/Src/stm32f7xx_hal_rcc.o
                0x0000000008001e30                HAL_RCC_GetPCLK1Freq
 .text.HAL_RCC_GetPCLK2Freq
                0x0000000008001e50       0x20 Drivers/STM32F7xx_HAL_Driver/Src/stm32f7xx_hal_rcc.o
                0x0000000008001e50                HAL_RCC_GetPCLK2Freq
 .text.HAL_RCCEx_PeriphCLKConfig
                0x0000000008001e70      0x55c Drivers/STM32F7xx_HAL_Driver/Src/stm32f7xx_hal_rcc_ex.o
                0x0000000008001e70                HAL_RCCEx_PeriphCLKConfig
 .text.UART_SetConfig
                0x00000000080023cc      0x2b0 Drivers/STM32F7xx_HAL_Driver/Src/stm32f7xx_hal_uart.o
                0x00000000080023cc                UART_SetConfig
 .text.UART_AdvFeatureConfig
                0x000000000800267c       0xaa Drivers/STM32F7xx_HAL_Driver/Src/stm32f7xx_hal_uart.o
                0x000000000800267c                UART_AdvFeatureConfig
 .text.UART_WaitOnFlagUntilTimeout
                0x0000000008002726       0x84 Drivers/STM32F7xx_HAL_Driver/Src/stm32f7xx_hal_uart.o
                0x0000000008002726                UART_WaitOnFlagUntilTimeout
 .text.UART_CheckIdleState
                0x00000000080027aa       0x60 Drivers/STM32F7xx_HAL_Driver/Src/stm32f7xx_hal_uart.o
                0x00000000080027aa                UART_CheckIdleState
 .text.HAL_UART_Init
                0x000000000800280a       0x5c Drivers/STM32F7xx_HAL_Driver/Src/stm32f7xx_hal_uart.o
                0x000000000800280a                HAL_UART_Init
 *fill*         0x0000000008002866        0x2 
 .text.USB_CoreReset
                0x0000000008002868       0x30 Drivers/STM32F7xx_HAL_Driver/Src/stm32f7xx_ll_usb.o
 .text.USB_CoreInit
                0x0000000008002898       0x76 Drivers/STM32F7xx_HAL_Driver/Src/stm32f7xx_ll_usb.o
                0x0000000008002898                USB_CoreInit
 *fill*         0x000000000800290e        0x2 
 .text.USB_SetTurnaroundTime
                0x0000000008002910       0xe8 Drivers/STM32F7xx_HAL_Driver/Src/stm32f7xx_ll_usb.o
                0x0000000008002910                USB_SetTurnaroundTime
 .text.USB_EnableGlobalInt
                0x00000000080029f8        0xc Drivers/STM32F7xx_HAL_Driver/Src/stm32f7xx_ll_usb.o
                0x00000000080029f8                USB_EnableGlobalInt
 .text.USB_DisableGlobalInt
                0x0000000008002a04        0xc Drivers/STM32F7xx_HAL_Driver/Src/stm32f7xx_ll_usb.o
                0x0000000008002a04                USB_DisableGlobalInt
 .text.USB_SetCurrentMode
                0x0000000008002a10       0x2e Drivers/STM32F7xx_HAL_Driver/Src/stm32f7xx_ll_usb.o
                0x0000000008002a10                USB_SetCurrentMode
 *fill*         0x0000000008002a3e        0x2 
 .text.USB_FlushTxFifo
                0x0000000008002a40       0x24 Drivers/STM32F7xx_HAL_Driver/Src/stm32f7xx_ll_usb.o
                0x0000000008002a40                USB_FlushTxFifo
 .text.USB_FlushRxFifo
                0x0000000008002a64       0x20 Drivers/STM32F7xx_HAL_Driver/Src/stm32f7xx_ll_usb.o
                0x0000000008002a64                USB_FlushRxFifo
 .text.USB_SetDevSpeed
                0x0000000008002a84        0xe Drivers/STM32F7xx_HAL_Driver/Src/stm32f7xx_ll_usb.o
                0x0000000008002a84                USB_SetDevSpeed
 *fill*         0x0000000008002a92        0x2 
 .text.USB_DevInit
                0x0000000008002a94      0x174 Drivers/STM32F7xx_HAL_Driver/Src/stm32f7xx_ll_usb.o
                0x0000000008002a94                USB_DevInit
 .text.USB_GetDevSpeed
                0x0000000008002c08       0x16 Drivers/STM32F7xx_HAL_Driver/Src/stm32f7xx_ll_usb.o
                0x0000000008002c08                USB_GetDevSpeed
 .text.USB_ActivateEndpoint
                0x0000000008002c1e       0x7c Drivers/STM32F7xx_HAL_Driver/Src/stm32f7xx_ll_usb.o
                0x0000000008002c1e                USB_ActivateEndpoint
 *fill*         0x0000000008002c9a        0x2 
 .text.USB_DeactivateEndpoint
                0x0000000008002c9c       0xa4 Drivers/STM32F7xx_HAL_Driver/Src/stm32f7xx_ll_usb.o
                0x0000000008002c9c                USB_DeactivateEndpoint
 .text.USB_EP0StartXfer
                0x0000000008002d40       0xe8 Drivers/STM32F7xx_HAL_Driver/Src/stm32f7xx_ll_usb.o
                0x0000000008002d40                USB_EP0StartXfer
 .text.USB_WritePacket
                0x0000000008002e28       0x28 Drivers/STM32F7xx_HAL_Driver/Src/stm32f7xx_ll_usb.o
                0x0000000008002e28                USB_WritePacket
 .text.USB_EPStartXfer
                0x0000000008002e50      0x1b0 Drivers/STM32F7xx_HAL_Driver/Src/stm32f7xx_ll_usb.o
                0x0000000008002e50                USB_EPStartXfer
 .text.USB_ReadPacket
                0x0000000008003000       0x1c Drivers/STM32F7xx_HAL_Driver/Src/stm32f7xx_ll_usb.o
                0x0000000008003000                USB_ReadPacket
 .text.USB_EPSetStall
                0x000000000800301c       0x56 Drivers/STM32F7xx_HAL_Driver/Src/stm32f7xx_ll_usb.o
                0x000000000800301c                USB_EPSetStall
 .text.USB_EPClearStall
                0x0000000008003072       0x52 Drivers/STM32F7xx_HAL_Driver/Src/stm32f7xx_ll_usb.o
                0x0000000008003072                USB_EPClearStall
 .text.USB_SetDevAddress
                0x00000000080030c4       0x20 Drivers/STM32F7xx_HAL_Driver/Src/stm32f7xx_ll_usb.o
                0x00000000080030c4                USB_SetDevAddress
 .text.USB_DevConnect
                0x00000000080030e4       0x18 Drivers/STM32F7xx_HAL_Driver/Src/stm32f7xx_ll_usb.o
                0x00000000080030e4                USB_DevConnect
 .text.USB_DevDisconnect
                0x00000000080030fc       0x18 Drivers/STM32F7xx_HAL_Driver/Src/stm32f7xx_ll_usb.o
                0x00000000080030fc                USB_DevDisconnect
 .text.USB_ReadInterrupts
                0x0000000008003114        0x8 Drivers/STM32F7xx_HAL_Driver/Src/stm32f7xx_ll_usb.o
                0x0000000008003114                USB_ReadInterrupts
 .text.USB_ReadDevAllOutEpInterrupt
                0x000000000800311c       0x10 Drivers/STM32F7xx_HAL_Driver/Src/stm32f7xx_ll_usb.o
                0x000000000800311c                USB_ReadDevAllOutEpInterrupt
 .text.USB_ReadDevAllInEpInterrupt
                0x000000000800312c       0x10 Drivers/STM32F7xx_HAL_Driver/Src/stm32f7xx_ll_usb.o
                0x000000000800312c                USB_ReadDevAllInEpInterrupt
 .text.USB_ReadDevOutEPInterrupt
                0x000000000800313c       0x12 Drivers/STM32F7xx_HAL_Driver/Src/stm32f7xx_ll_usb.o
                0x000000000800313c                USB_ReadDevOutEPInterrupt
 .text.USB_ReadDevInEPInterrupt
                0x000000000800314e       0x24 Drivers/STM32F7xx_HAL_Driver/Src/stm32f7xx_ll_usb.o
                0x000000000800314e                USB_ReadDevInEPInterrupt
 .text.USB_GetMode
                0x0000000008003172        0x8 Drivers/STM32F7xx_HAL_Driver/Src/stm32f7xx_ll_usb.o
                0x0000000008003172                USB_GetMode
 .text.USB_ActivateSetup
                0x000000000800317a       0x20 Drivers/STM32F7xx_HAL_Driver/Src/stm32f7xx_ll_usb.o
                0x000000000800317a                USB_ActivateSetup
 *fill*         0x000000000800319a        0x2 
 .text.USB_EP0_OutStart
                0x000000000800319c       0x4c Drivers/STM32F7xx_HAL_Driver/Src/stm32f7xx_ll_usb.o
                0x000000000800319c                USB_EP0_OutStart
 .text.USBD_CDC_EP0_RxReady
                0x00000000080031e8       0x28 Middlewares/ST/STM32_USB_Device_Library/Class/CDC/Src/usbd_cdc.o
 .text.USBD_CDC_GetFSCfgDesc
                0x0000000008003210        0xc Middlewares/ST/STM32_USB_Device_Library/Class/CDC/Src/usbd_cdc.o
 .text.USBD_CDC_GetHSCfgDesc
                0x000000000800321c        0xc Middlewares/ST/STM32_USB_Device_Library/Class/CDC/Src/usbd_cdc.o
 .text.USBD_CDC_GetOtherSpeedCfgDesc
                0x0000000008003228        0xc Middlewares/ST/STM32_USB_Device_Library/Class/CDC/Src/usbd_cdc.o
 .text.USBD_CDC_GetDeviceQualifierDescriptor
                0x0000000008003234        0xc Middlewares/ST/STM32_USB_Device_Library/Class/CDC/Src/usbd_cdc.o
                0x0000000008003234                USBD_CDC_GetDeviceQualifierDescriptor
 .text.USBD_CDC_DataOut
                0x0000000008003240       0x2a Middlewares/ST/STM32_USB_Device_Library/Class/CDC/Src/usbd_cdc.o
 .text.USBD_CDC_DataIn
                0x000000000800326a       0x5a Middlewares/ST/STM32_USB_Device_Library/Class/CDC/Src/usbd_cdc.o
 .text.USBD_CDC_Setup
                0x00000000080032c4       0xe0 Middlewares/ST/STM32_USB_Device_Library/Class/CDC/Src/usbd_cdc.o
 .text.USBD_CDC_DeInit
                0x00000000080033a4       0x42 Middlewares/ST/STM32_USB_Device_Library/Class/CDC/Src/usbd_cdc.o
 .text.USBD_CDC_Init
                0x00000000080033e6       0xb2 Middlewares/ST/STM32_USB_Device_Library/Class/CDC/Src/usbd_cdc.o
 .text.USBD_CDC_RegisterInterface
                0x0000000008003498        0xe Middlewares/ST/STM32_USB_Device_Library/Class/CDC/Src/usbd_cdc.o
                0x0000000008003498                USBD_CDC_RegisterInterface
 .text.USBD_CDC_SetTxBuffer
                0x00000000080034a6       0x10 Middlewares/ST/STM32_USB_Device_Library/Class/CDC/Src/usbd_cdc.o
                0x00000000080034a6                USBD_CDC_SetTxBuffer
 .text.USBD_CDC_SetRxBuffer
                0x00000000080034b6        0xc Middlewares/ST/STM32_USB_Device_Library/Class/CDC/Src/usbd_cdc.o
                0x00000000080034b6                USBD_CDC_SetRxBuffer
 .text.USBD_CDC_ReceivePacket
                0x00000000080034c2       0x26 Middlewares/ST/STM32_USB_Device_Library/Class/CDC/Src/usbd_cdc.o
                0x00000000080034c2                USBD_CDC_ReceivePacket
 .text.USBD_Init
                0x00000000080034e8       0x30 Middlewares/ST/STM32_USB_Device_Library/Core/Src/usbd_core.o
                0x00000000080034e8                USBD_Init
 .text.USBD_RegisterClass
                0x0000000008003518       0x26 Middlewares/ST/STM32_USB_Device_Library/Core/Src/usbd_core.o
                0x0000000008003518                USBD_RegisterClass
 .text.USBD_Start
                0x000000000800353e        0x4 Middlewares/ST/STM32_USB_Device_Library/Core/Src/usbd_core.o
                0x000000000800353e                USBD_Start
 .text.USBD_SetClassConfig
                0x0000000008003542        0xe Middlewares/ST/STM32_USB_Device_Library/Core/Src/usbd_core.o
                0x0000000008003542                USBD_SetClassConfig
 .text.USBD_ClrClassConfig
                0x0000000008003550       0x10 Middlewares/ST/STM32_USB_Device_Library/Core/Src/usbd_core.o
                0x0000000008003550                USBD_ClrClassConfig
 .text.USBD_LL_SetupStage
                0x0000000008003560       0x60 Middlewares/ST/STM32_USB_Device_Library/Core/Src/usbd_core.o
                0x0000000008003560                USBD_LL_SetupStage
 .text.USBD_LL_DataOutStage
                0x00000000080035c0       0x66 Middlewares/ST/STM32_USB_Device_Library/Core/Src/usbd_core.o
                0x00000000080035c0                USBD_LL_DataOutStage
 .text.USBD_LL_DataInStage
                0x0000000008003626       0x9a Middlewares/ST/STM32_USB_Device_Library/Core/Src/usbd_core.o
                0x0000000008003626                USBD_LL_DataInStage
 .text.USBD_LL_Reset
                0x00000000080036c0       0x50 Middlewares/ST/STM32_USB_Device_Library/Core/Src/usbd_core.o
                0x00000000080036c0                USBD_LL_Reset
 .text.USBD_LL_SetSpeed
                0x0000000008003710        0x6 Middlewares/ST/STM32_USB_Device_Library/Core/Src/usbd_core.o
                0x0000000008003710                USBD_LL_SetSpeed
 .text.USBD_LL_Suspend
                0x0000000008003716       0x12 Middlewares/ST/STM32_USB_Device_Library/Core/Src/usbd_core.o
                0x0000000008003716                USBD_LL_Suspend
 .text.USBD_LL_Resume
                0x0000000008003728       0x14 Middlewares/ST/STM32_USB_Device_Library/Core/Src/usbd_core.o
                0x0000000008003728                USBD_LL_Resume
 .text.USBD_LL_SOF
                0x000000000800373c       0x18 Middlewares/ST/STM32_USB_Device_Library/Core/Src/usbd_core.o
                0x000000000800373c                USBD_LL_SOF
 .text.USBD_LL_IsoINIncomplete
                0x0000000008003754        0x4 Middlewares/ST/STM32_USB_Device_Library/Core/Src/usbd_core.o
                0x0000000008003754                USBD_LL_IsoINIncomplete
 .text.USBD_LL_IsoOUTIncomplete
                0x0000000008003758        0x4 Middlewares/ST/STM32_USB_Device_Library/Core/Src/usbd_core.o
                0x0000000008003758                USBD_LL_IsoOUTIncomplete
 .text.USBD_LL_DevConnected
                0x000000000800375c        0x4 Middlewares/ST/STM32_USB_Device_Library/Core/Src/usbd_core.o
                0x000000000800375c                USBD_LL_DevConnected
 .text.USBD_LL_DevDisconnected
                0x0000000008003760       0x18 Middlewares/ST/STM32_USB_Device_Library/Core/Src/usbd_core.o
                0x0000000008003760                USBD_LL_DevDisconnected
 .text.USBD_CtlError.constprop.1
                0x0000000008003778       0x16 Middlewares/ST/STM32_USB_Device_Library/Core/Src/usbd_ctlreq.o
 *fill*         0x000000000800378e        0x2 
 .text.USBD_StdDevReq
                0x0000000008003790      0x28c Middlewares/ST/STM32_USB_Device_Library/Core/Src/usbd_ctlreq.o
                0x0000000008003790                USBD_StdDevReq
 .text.USBD_StdItfReq
                0x0000000008003a1c       0x4e Middlewares/ST/STM32_USB_Device_Library/Core/Src/usbd_ctlreq.o
                0x0000000008003a1c                USBD_StdItfReq
 .text.USBD_StdEPReq
                0x0000000008003a6a      0x128 Middlewares/ST/STM32_USB_Device_Library/Core/Src/usbd_ctlreq.o
                0x0000000008003a6a                USBD_StdEPReq
 .text.USBD_ParseSetupRequest
                0x0000000008003b92       0x28 Middlewares/ST/STM32_USB_Device_Library/Core/Src/usbd_ctlreq.o
                0x0000000008003b92                USBD_ParseSetupRequest
 .text.USBD_CtlError
                0x0000000008003bba       0x16 Middlewares/ST/STM32_USB_Device_Library/Core/Src/usbd_ctlreq.o
                0x0000000008003bba                USBD_CtlError
 .text.USBD_GetString
                0x0000000008003bd0       0x38 Middlewares/ST/STM32_USB_Device_Library/Core/Src/usbd_ctlreq.o
                0x0000000008003bd0                USBD_GetString
 .text.USBD_CtlSendData
                0x0000000008003c08       0x1a Middlewares/ST/STM32_USB_Device_Library/Core/Src/usbd_ioreq.o
                0x0000000008003c08                USBD_CtlSendData
 .text.USBD_CtlContinueSendData
                0x0000000008003c22       0x10 Middlewares/ST/STM32_USB_Device_Library/Core/Src/usbd_ioreq.o
                0x0000000008003c22                USBD_CtlContinueSendData
 .text.USBD_CtlPrepareRx
                0x0000000008003c32       0x1e Middlewares/ST/STM32_USB_Device_Library/Core/Src/usbd_ioreq.o
                0x0000000008003c32                USBD_CtlPrepareRx
 .text.USBD_CtlContinueRx
                0x0000000008003c50       0x10 Middlewares/ST/STM32_USB_Device_Library/Core/Src/usbd_ioreq.o
                0x0000000008003c50                USBD_CtlContinueRx
 .text.USBD_CtlSendStatus
                0x0000000008003c60       0x16 Middlewares/ST/STM32_USB_Device_Library/Core/Src/usbd_ioreq.o
                0x0000000008003c60                USBD_CtlSendStatus
 .text.USBD_CtlReceiveStatus
                0x0000000008003c76       0x16 Middlewares/ST/STM32_USB_Device_Library/Core/Src/usbd_ioreq.o
                0x0000000008003c76                USBD_CtlReceiveStatus
 .text.MX_USB_DEVICE_Init
                0x0000000008003c8c       0x50 USB_DEVICE/App/usb_device.o
                0x0000000008003c8c                MX_USB_DEVICE_Init
 .text.CDC_DeInit_FS
                0x0000000008003cdc        0x4 USB_DEVICE/App/usbd_cdc_if.o
 .text.CDC_TransmitCplt_FS
                0x0000000008003ce0        0x4 USB_DEVICE/App/usbd_cdc_if.o
 .text.CDC_Receive_FS
                0x0000000008003ce4       0x48 USB_DEVICE/App/usbd_cdc_if.o
 .text.CDC_Init_FS
                0x0000000008003d2c       0x28 USB_DEVICE/App/usbd_cdc_if.o
 .text.CDC_Control_FS
                0x0000000008003d54       0x30 USB_DEVICE/App/usbd_cdc_if.o
 .text.USBD_FS_DeviceDescriptor
                0x0000000008003d84        0xc USB_DEVICE/App/usbd_desc.o
                0x0000000008003d84                USBD_FS_DeviceDescriptor
 .text.USBD_FS_LangIDStrDescriptor
                0x0000000008003d90        0xc USB_DEVICE/App/usbd_desc.o
                0x0000000008003d90                USBD_FS_LangIDStrDescriptor
 .text.USBD_FS_USR_BOSDescriptor
                0x0000000008003d9c        0xc USB_DEVICE/App/usbd_desc.o
                0x0000000008003d9c                USBD_FS_USR_BOSDescriptor
 .text.IntToUnicode
                0x0000000008003da8       0x28 USB_DEVICE/App/usbd_desc.o
 .text.USBD_FS_SerialStrDescriptor
                0x0000000008003dd0       0x40 USB_DEVICE/App/usbd_desc.o
                0x0000000008003dd0                USBD_FS_SerialStrDescriptor
 .text.USBD_FS_ManufacturerStrDescriptor
                0x0000000008003e10       0x1c USB_DEVICE/App/usbd_desc.o
                0x0000000008003e10                USBD_FS_ManufacturerStrDescriptor
 .text.USBD_FS_ProductStrDescriptor
                0x0000000008003e2c       0x1c USB_DEVICE/App/usbd_desc.o
                0x0000000008003e2c                USBD_FS_ProductStrDescriptor
 .text.USBD_FS_ConfigStrDescriptor
                0x0000000008003e48       0x1c USB_DEVICE/App/usbd_desc.o
                0x0000000008003e48                USBD_FS_ConfigStrDescriptor
 .text.USBD_FS_InterfaceStrDescriptor
                0x0000000008003e64       0x1c USB_DEVICE/App/usbd_desc.o
                0x0000000008003e64                USBD_FS_InterfaceStrDescriptor
 .text.HAL_PCD_MspInit
                0x0000000008003e80       0x9c USB_DEVICE/Target/usbd_conf.o
                0x0000000008003e80                HAL_PCD_MspInit
 .text.HAL_PCD_SetupStageCallback
                0x0000000008003f1c        0xc USB_DEVICE/Target/usbd_conf.o
                0x0000000008003f1c                HAL_PCD_SetupStageCallback
 .text.HAL_PCD_DataOutStageCallback
                0x0000000008003f28       0x12 USB_DEVICE/Target/usbd_conf.o
                0x0000000008003f28                HAL_PCD_DataOutStageCallback
 .text.HAL_PCD_DataInStageCallback
                0x0000000008003f3a       0x10 USB_DEVICE/Target/usbd_conf.o
                0x0000000008003f3a                HAL_PCD_DataInStageCallback
 .text.HAL_PCD_SOFCallback
                0x0000000008003f4a        0x8 USB_DEVICE/Target/usbd_conf.o
                0x0000000008003f4a                HAL_PCD_SOFCallback
 .text.HAL_PCD_ResetCallback
                0x0000000008003f52       0x26 USB_DEVICE/Target/usbd_conf.o
                0x0000000008003f52                HAL_PCD_ResetCallback
 .text.HAL_PCD_SuspendCallback
                0x0000000008003f78       0x30 USB_DEVICE/Target/usbd_conf.o
                0x0000000008003f78                HAL_PCD_SuspendCallback
 .text.HAL_PCD_ResumeCallback
                0x0000000008003fa8        0x8 USB_DEVICE/Target/usbd_conf.o
                0x0000000008003fa8                HAL_PCD_ResumeCallback
 .text.HAL_PCD_ISOOUTIncompleteCallback
                0x0000000008003fb0        0x8 USB_DEVICE/Target/usbd_conf.o
                0x0000000008003fb0                HAL_PCD_ISOOUTIncompleteCallback
 .text.HAL_PCD_ISOINIncompleteCallback
                0x0000000008003fb8        0x8 USB_DEVICE/Target/usbd_conf.o
                0x0000000008003fb8                HAL_PCD_ISOINIncompleteCallback
 .text.HAL_PCD_ConnectCallback
                0x0000000008003fc0        0x8 USB_DEVICE/Target/usbd_conf.o
                0x0000000008003fc0                HAL_PCD_ConnectCallback
 .text.HAL_PCD_DisconnectCallback
                0x0000000008003fc8        0x8 USB_DEVICE/Target/usbd_conf.o
                0x0000000008003fc8                HAL_PCD_DisconnectCallback
 .text.USBD_LL_Init
                0x0000000008003fd0       0x60 USB_DEVICE/Target/usbd_conf.o
                0x0000000008003fd0                USBD_LL_Init
 .text.USBD_LL_Start
                0x0000000008004030       0x1c USB_DEVICE/Target/usbd_conf.o
                0x0000000008004030                USBD_LL_Start
 .text.USBD_LL_OpenEP
                0x000000000800404c       0x20 USB_DEVICE/Target/usbd_conf.o
                0x000000000800404c                USBD_LL_OpenEP
 .text.USBD_LL_CloseEP
                0x000000000800406c       0x1c USB_DEVICE/Target/usbd_conf.o
                0x000000000800406c                USBD_LL_CloseEP
 .text.USBD_LL_StallEP
                0x0000000008004088       0x1c USB_DEVICE/Target/usbd_conf.o
                0x0000000008004088                USBD_LL_StallEP
 .text.USBD_LL_ClearStallEP
                0x00000000080040a4       0x1c USB_DEVICE/Target/usbd_conf.o
                0x00000000080040a4                USBD_LL_ClearStallEP
 .text.USBD_LL_IsStallEP
                0x00000000080040c0       0x26 USB_DEVICE/Target/usbd_conf.o
                0x00000000080040c0                USBD_LL_IsStallEP
 *fill*         0x00000000080040e6        0x2 
 .text.USBD_LL_SetUSBAddress
                0x00000000080040e8       0x1c USB_DEVICE/Target/usbd_conf.o
                0x00000000080040e8                USBD_LL_SetUSBAddress
 .text.USBD_LL_Transmit
                0x0000000008004104       0x1c USB_DEVICE/Target/usbd_conf.o
                0x0000000008004104                USBD_LL_Transmit
 .text.USBD_LL_PrepareReceive
                0x0000000008004120       0x1c USB_DEVICE/Target/usbd_conf.o
                0x0000000008004120                USBD_LL_PrepareReceive
 .text.USBD_LL_GetRxDataSize
                0x000000000800413c        0x8 USB_DEVICE/Target/usbd_conf.o
                0x000000000800413c                USBD_LL_GetRxDataSize
 .text.HAL_PCDEx_LPM_Callback
                0x0000000008004144       0x64 USB_DEVICE/Target/usbd_conf.o
                0x0000000008004144                HAL_PCDEx_LPM_Callback
 .text.__errno  0x00000000080041a8        0xc c:/tools/stm32cubeide_1.3.0/stm32cubeide/plugins/com.st.stm32cube.ide.mcu.externaltools.gnu-tools-for-stm32.7-2018-q2-update.win32_1.0.0.201904181610/tools/bin/../lib/gcc/arm-none-eabi/7.3.1/../../../../arm-none-eabi/lib/thumb/v7e-m/fpv5/hard\libc_nano.a(lib_a-errno.o)
                0x00000000080041a8                __errno
 .text.__libc_init_array
                0x00000000080041b4       0x48 c:/tools/stm32cubeide_1.3.0/stm32cubeide/plugins/com.st.stm32cube.ide.mcu.externaltools.gnu-tools-for-stm32.7-2018-q2-update.win32_1.0.0.201904181610/tools/bin/../lib/gcc/arm-none-eabi/7.3.1/../../../../arm-none-eabi/lib/thumb/v7e-m/fpv5/hard\libc_nano.a(lib_a-init.o)
                0x00000000080041b4                __libc_init_array
 .text.malloc   0x00000000080041fc       0x10 c:/tools/stm32cubeide_1.3.0/stm32cubeide/plugins/com.st.stm32cube.ide.mcu.externaltools.gnu-tools-for-stm32.7-2018-q2-update.win32_1.0.0.201904181610/tools/bin/../lib/gcc/arm-none-eabi/7.3.1/../../../../arm-none-eabi/lib/thumb/v7e-m/fpv5/hard\libc_nano.a(lib_a-malloc.o)
                0x00000000080041fc                malloc
 .text.free     0x000000000800420c       0x10 c:/tools/stm32cubeide_1.3.0/stm32cubeide/plugins/com.st.stm32cube.ide.mcu.externaltools.gnu-tools-for-stm32.7-2018-q2-update.win32_1.0.0.201904181610/tools/bin/../lib/gcc/arm-none-eabi/7.3.1/../../../../arm-none-eabi/lib/thumb/v7e-m/fpv5/hard\libc_nano.a(lib_a-malloc.o)
                0x000000000800420c                free
 .text.memset   0x000000000800421c       0x10 c:/tools/stm32cubeide_1.3.0/stm32cubeide/plugins/com.st.stm32cube.ide.mcu.externaltools.gnu-tools-for-stm32.7-2018-q2-update.win32_1.0.0.201904181610/tools/bin/../lib/gcc/arm-none-eabi/7.3.1/../../../../arm-none-eabi/lib/thumb/v7e-m/fpv5/hard\libc_nano.a(lib_a-memset.o)
                0x000000000800421c                memset
 .text._free_r  0x000000000800422c       0x9c c:/tools/stm32cubeide_1.3.0/stm32cubeide/plugins/com.st.stm32cube.ide.mcu.externaltools.gnu-tools-for-stm32.7-2018-q2-update.win32_1.0.0.201904181610/tools/bin/../lib/gcc/arm-none-eabi/7.3.1/../../../../arm-none-eabi/lib/thumb/v7e-m/fpv5/hard\libc_nano.a(lib_a-nano-freer.o)
                0x000000000800422c                _free_r
 .text._malloc_r
                0x00000000080042c8       0xb4 c:/tools/stm32cubeide_1.3.0/stm32cubeide/plugins/com.st.stm32cube.ide.mcu.externaltools.gnu-tools-for-stm32.7-2018-q2-update.win32_1.0.0.201904181610/tools/bin/../lib/gcc/arm-none-eabi/7.3.1/../../../../arm-none-eabi/lib/thumb/v7e-m/fpv5/hard\libc_nano.a(lib_a-nano-mallocr.o)
                0x00000000080042c8                _malloc_r
 .text._sbrk_r  0x000000000800437c       0x20 c:/tools/stm32cubeide_1.3.0/stm32cubeide/plugins/com.st.stm32cube.ide.mcu.externaltools.gnu-tools-for-stm32.7-2018-q2-update.win32_1.0.0.201904181610/tools/bin/../lib/gcc/arm-none-eabi/7.3.1/../../../../arm-none-eabi/lib/thumb/v7e-m/fpv5/hard\libc_nano.a(lib_a-sbrkr.o)
                0x000000000800437c                _sbrk_r
 .text.__malloc_lock
                0x000000000800439c        0x2 c:/tools/stm32cubeide_1.3.0/stm32cubeide/plugins/com.st.stm32cube.ide.mcu.externaltools.gnu-tools-for-stm32.7-2018-q2-update.win32_1.0.0.201904181610/tools/bin/../lib/gcc/arm-none-eabi/7.3.1/../../../../arm-none-eabi/lib/thumb/v7e-m/fpv5/hard\libc_nano.a(lib_a-mlock.o)
                0x000000000800439c                __malloc_lock
 .text.__malloc_unlock
                0x000000000800439e        0x2 c:/tools/stm32cubeide_1.3.0/stm32cubeide/plugins/com.st.stm32cube.ide.mcu.externaltools.gnu-tools-for-stm32.7-2018-q2-update.win32_1.0.0.201904181610/tools/bin/../lib/gcc/arm-none-eabi/7.3.1/../../../../arm-none-eabi/lib/thumb/v7e-m/fpv5/hard\libc_nano.a(lib_a-mlock.o)
                0x000000000800439e                __malloc_unlock
 *(.glue_7)
 .glue_7        0x00000000080043a0        0x0 linker stubs
 *(.glue_7t)
 .glue_7t       0x00000000080043a0        0x0 linker stubs
 *(.eh_frame)
 .eh_frame      0x00000000080043a0        0x0 c:/tools/stm32cubeide_1.3.0/stm32cubeide/plugins/com.st.stm32cube.ide.mcu.externaltools.gnu-tools-for-stm32.7-2018-q2-update.win32_1.0.0.201904181610/tools/bin/../lib/gcc/arm-none-eabi/7.3.1/thumb/v7e-m/fpv5/hard/crtbegin.o
 *(.init)
 .init          0x00000000080043a0        0x4 c:/tools/stm32cubeide_1.3.0/stm32cubeide/plugins/com.st.stm32cube.ide.mcu.externaltools.gnu-tools-for-stm32.7-2018-q2-update.win32_1.0.0.201904181610/tools/bin/../lib/gcc/arm-none-eabi/7.3.1/thumb/v7e-m/fpv5/hard/crti.o
                0x00000000080043a0                _init
 .init          0x00000000080043a4        0x8 c:/tools/stm32cubeide_1.3.0/stm32cubeide/plugins/com.st.stm32cube.ide.mcu.externaltools.gnu-tools-for-stm32.7-2018-q2-update.win32_1.0.0.201904181610/tools/bin/../lib/gcc/arm-none-eabi/7.3.1/thumb/v7e-m/fpv5/hard/crtn.o
 *(.fini)
 .fini          0x00000000080043ac        0x4 c:/tools/stm32cubeide_1.3.0/stm32cubeide/plugins/com.st.stm32cube.ide.mcu.externaltools.gnu-tools-for-stm32.7-2018-q2-update.win32_1.0.0.201904181610/tools/bin/../lib/gcc/arm-none-eabi/7.3.1/thumb/v7e-m/fpv5/hard/crti.o
                0x00000000080043ac                _fini
 .fini          0x00000000080043b0        0x8 c:/tools/stm32cubeide_1.3.0/stm32cubeide/plugins/com.st.stm32cube.ide.mcu.externaltools.gnu-tools-for-stm32.7-2018-q2-update.win32_1.0.0.201904181610/tools/bin/../lib/gcc/arm-none-eabi/7.3.1/thumb/v7e-m/fpv5/hard/crtn.o
                0x00000000080043b8                . = ALIGN (0x4)
                0x00000000080043b8                _etext = .

.vfp11_veneer   0x00000000080043b8        0x0
 .vfp11_veneer  0x00000000080043b8        0x0 linker stubs

.v4_bx          0x00000000080043b8        0x0
 .v4_bx         0x00000000080043b8        0x0 linker stubs

.iplt           0x00000000080043b8        0x0
 .iplt          0x00000000080043b8        0x0 c:/tools/stm32cubeide_1.3.0/stm32cubeide/plugins/com.st.stm32cube.ide.mcu.externaltools.gnu-tools-for-stm32.7-2018-q2-update.win32_1.0.0.201904181610/tools/bin/../lib/gcc/arm-none-eabi/7.3.1/thumb/v7e-m/fpv5/hard/crtbegin.o

.rodata         0x00000000080043b8       0x70
                0x00000000080043b8                . = ALIGN (0x4)
 *(.rodata)
 *(.rodata*)
 .rodata.AHBPrescTable
                0x00000000080043b8       0x10 Core/Src/system_stm32f7xx.o
                0x00000000080043b8                AHBPrescTable
 .rodata.APBPrescTable
                0x00000000080043c8        0x8 Core/Src/system_stm32f7xx.o
                0x00000000080043c8                APBPrescTable
 .rodata.CSWTCH.53
                0x00000000080043d0        0x4 Drivers/STM32F7xx_HAL_Driver/Src/stm32f7xx_hal_uart.o
 .rodata.CSWTCH.54
                0x00000000080043d4        0xd Drivers/STM32F7xx_HAL_Driver/Src/stm32f7xx_hal_uart.o
 .rodata.USBD_FS_ConfigStrDescriptor.str1.1
                0x00000000080043e1        0xb USB_DEVICE/App/usbd_desc.o
 .rodata.USBD_FS_InterfaceStrDescriptor.str1.1
                0x00000000080043ec        0xe USB_DEVICE/App/usbd_desc.o
 .rodata.USBD_FS_ManufacturerStrDescriptor.str1.1
                0x00000000080043fa       0x13 USB_DEVICE/App/usbd_desc.o
 .rodata.USBD_FS_ProductStrDescriptor.str1.1
                0x000000000800440d       0x16 USB_DEVICE/App/usbd_desc.o
 .rodata.CSWTCH.24
                0x0000000008004423        0x4 USB_DEVICE/Target/usbd_conf.o
                0x0000000008004428                . = ALIGN (0x4)
 *fill*         0x0000000008004427        0x1 

.ARM.extab      0x0000000008004428        0x0
                0x0000000008004428                . = ALIGN (0x4)
 *(.ARM.extab* .gnu.linkonce.armextab.*)
                0x0000000008004428                . = ALIGN (0x4)

.ARM            0x0000000008004428        0x8
                0x0000000008004428                . = ALIGN (0x4)
                0x0000000008004428                __exidx_start = .
 *(.ARM.exidx*)
 .ARM.exidx     0x0000000008004428        0x8 c:/tools/stm32cubeide_1.3.0/stm32cubeide/plugins/com.st.stm32cube.ide.mcu.externaltools.gnu-tools-for-stm32.7-2018-q2-update.win32_1.0.0.201904181610/tools/bin/../lib/gcc/arm-none-eabi/7.3.1/thumb/v7e-m/fpv5/hard\libgcc.a(_udivmoddi4.o)
                0x0000000008004430                __exidx_end = .
                0x0000000008004430                . = ALIGN (0x4)

.rel.dyn        0x0000000008004430        0x0
 .rel.iplt      0x0000000008004430        0x0 c:/tools/stm32cubeide_1.3.0/stm32cubeide/plugins/com.st.stm32cube.ide.mcu.externaltools.gnu-tools-for-stm32.7-2018-q2-update.win32_1.0.0.201904181610/tools/bin/../lib/gcc/arm-none-eabi/7.3.1/thumb/v7e-m/fpv5/hard/crtbegin.o

.preinit_array  0x0000000008004430        0x0
                0x0000000008004430                . = ALIGN (0x4)
                0x0000000008004430                PROVIDE (__preinit_array_start = .)
 *(.preinit_array*)
                0x0000000008004430                PROVIDE (__preinit_array_end = .)
                0x0000000008004430                . = ALIGN (0x4)

.init_array     0x0000000008004430        0x4
                0x0000000008004430                . = ALIGN (0x4)
                0x0000000008004430                PROVIDE (__init_array_start = .)
 *(SORT_BY_NAME(.init_array.*))
 *(.init_array*)
 .init_array    0x0000000008004430        0x4 c:/tools/stm32cubeide_1.3.0/stm32cubeide/plugins/com.st.stm32cube.ide.mcu.externaltools.gnu-tools-for-stm32.7-2018-q2-update.win32_1.0.0.201904181610/tools/bin/../lib/gcc/arm-none-eabi/7.3.1/thumb/v7e-m/fpv5/hard/crtbegin.o
                0x0000000008004434                PROVIDE (__init_array_end = .)
                0x0000000008004434                . = ALIGN (0x4)

.fini_array     0x0000000008004434        0x4
                0x0000000008004434                . = ALIGN (0x4)
                [!provide]                        PROVIDE (__fini_array_start = .)
 *(SORT_BY_NAME(.fini_array.*))
 *(.fini_array*)
 .fini_array    0x0000000008004434        0x4 c:/tools/stm32cubeide_1.3.0/stm32cubeide/plugins/com.st.stm32cube.ide.mcu.externaltools.gnu-tools-for-stm32.7-2018-q2-update.win32_1.0.0.201904181610/tools/bin/../lib/gcc/arm-none-eabi/7.3.1/thumb/v7e-m/fpv5/hard/crtbegin.o
                [!provide]                        PROVIDE (__fini_array_end = .)
                0x0000000008004438                . = ALIGN (0x4)
                0x0000000008004438                _sidata = LOADADDR (.data)

.data           0x0000000020000000      0x5fc load address 0x0000000008004438
                0x0000000020000000                . = ALIGN (0x4)
                0x0000000020000000                _sdata = .
 *(.data)
 *(.data*)
 .data.image    0x0000000020000000      0x400 Core/Src/main.o
                0x0000000020000000                image
 .data.SystemCoreClock
                0x0000000020000400        0x4 Core/Src/system_stm32f7xx.o
                0x0000000020000400                SystemCoreClock
 .data.uwTickFreq
                0x0000000020000404        0x1 Drivers/STM32F7xx_HAL_Driver/Src/stm32f7xx_hal.o
                0x0000000020000404                uwTickFreq
 *fill*         0x0000000020000405        0x3 
 .data.uwTickPrio
                0x0000000020000408        0x4 Drivers/STM32F7xx_HAL_Driver/Src/stm32f7xx_hal.o
                0x0000000020000408                uwTickPrio
 .data.USBD_CDC
                0x000000002000040c       0x38 Middlewares/ST/STM32_USB_Device_Library/Class/CDC/Src/usbd_cdc.o
                0x000000002000040c                USBD_CDC
 .data.USBD_CDC_CfgFSDesc
                0x0000000020000444       0x43 Middlewares/ST/STM32_USB_Device_Library/Class/CDC/Src/usbd_cdc.o
 *fill*         0x0000000020000487        0x1 
 .data.USBD_CDC_CfgHSDesc
                0x0000000020000488       0x43 Middlewares/ST/STM32_USB_Device_Library/Class/CDC/Src/usbd_cdc.o
 *fill*         0x00000000200004cb        0x1 
 .data.USBD_CDC_DeviceQualifierDesc
                0x00000000200004cc        0xa Middlewares/ST/STM32_USB_Device_Library/Class/CDC/Src/usbd_cdc.o
 *fill*         0x00000000200004d6        0x2 
 .data.USBD_CDC_OtherSpeedCfgDesc
                0x00000000200004d8       0x43 Middlewares/ST/STM32_USB_Device_Library/Class/CDC/Src/usbd_cdc.o
 *fill*         0x000000002000051b        0x1 
 .data.USBD_Interface_fops_FS
                0x000000002000051c       0x14 USB_DEVICE/App/usbd_cdc_if.o
                0x000000002000051c                USBD_Interface_fops_FS
 .data.lineCoding
                0x0000000020000530        0x7 USB_DEVICE/App/usbd_cdc_if.o
 *fill*         0x0000000020000537        0x1 
 .data.FS_Desc  0x0000000020000538       0x20 USB_DEVICE/App/usbd_desc.o
                0x0000000020000538                FS_Desc
 .data.USBD_FS_BOSDesc
                0x0000000020000558        0xc USB_DEVICE/App/usbd_desc.o
                0x0000000020000558                USBD_FS_BOSDesc
 .data.USBD_FS_DeviceDesc
                0x0000000020000564       0x12 USB_DEVICE/App/usbd_desc.o
                0x0000000020000564                USBD_FS_DeviceDesc
 *fill*         0x0000000020000576        0x2 
 .data.USBD_LangIDDesc
                0x0000000020000578        0x4 USB_DEVICE/App/usbd_desc.o
                0x0000000020000578                USBD_LangIDDesc
 .data.USBD_StringSerial
                0x000000002000057c       0x1a USB_DEVICE/App/usbd_desc.o
                0x000000002000057c                USBD_StringSerial
 *fill*         0x0000000020000596        0x2 
 .data._impure_ptr
                0x0000000020000598        0x4 c:/tools/stm32cubeide_1.3.0/stm32cubeide/plugins/com.st.stm32cube.ide.mcu.externaltools.gnu-tools-for-stm32.7-2018-q2-update.win32_1.0.0.201904181610/tools/bin/../lib/gcc/arm-none-eabi/7.3.1/../../../../arm-none-eabi/lib/thumb/v7e-m/fpv5/hard\libc_nano.a(lib_a-impure.o)
                0x0000000020000598                _impure_ptr
 .data.impure_data
                0x000000002000059c       0x60 c:/tools/stm32cubeide_1.3.0/stm32cubeide/plugins/com.st.stm32cube.ide.mcu.externaltools.gnu-tools-for-stm32.7-2018-q2-update.win32_1.0.0.201904181610/tools/bin/../lib/gcc/arm-none-eabi/7.3.1/../../../../arm-none-eabi/lib/thumb/v7e-m/fpv5/hard\libc_nano.a(lib_a-impure.o)
                0x00000000200005fc                . = ALIGN (0x4)
                0x00000000200005fc                _edata = .

.igot.plt       0x00000000200005fc        0x0 load address 0x0000000008004a34
 .igot.plt      0x00000000200005fc        0x0 c:/tools/stm32cubeide_1.3.0/stm32cubeide/plugins/com.st.stm32cube.ide.mcu.externaltools.gnu-tools-for-stm32.7-2018-q2-update.win32_1.0.0.201904181610/tools/bin/../lib/gcc/arm-none-eabi/7.3.1/thumb/v7e-m/fpv5/hard/crtbegin.o
                0x00000000200005fc                . = ALIGN (0x4)

.bss            0x00000000200005fc     0x1994 load address 0x0000000008004a34
                0x00000000200005fc                _sbss = .
                0x00000000200005fc                __bss_start__ = _sbss
 *(.bss)
 .bss           0x00000000200005fc       0x1c c:/tools/stm32cubeide_1.3.0/stm32cubeide/plugins/com.st.stm32cube.ide.mcu.externaltools.gnu-tools-for-stm32.7-2018-q2-update.win32_1.0.0.201904181610/tools/bin/../lib/gcc/arm-none-eabi/7.3.1/thumb/v7e-m/fpv5/hard/crtbegin.o
 *(.bss*)
 .bss.newFrameAvailable
                0x0000000020000618        0x1 Core/Src/main.o
                0x0000000020000618                newFrameAvailable
 *fill*         0x0000000020000619        0x3 
 .bss.heap_end.6424
                0x000000002000061c        0x4 Core/Src/sysmem.o
 .bss.cfgidx.10685
                0x0000000020000620        0x1 Middlewares/ST/STM32_USB_Device_Library/Core/Src/usbd_ctlreq.o
 *fill*         0x0000000020000621        0x3 
 .bss.i         0x0000000020000624        0x4 USB_DEVICE/App/usbd_cdc_if.o
                0x0000000020000624                i
 .bss.__malloc_free_list
                0x0000000020000628        0x4 c:/tools/stm32cubeide_1.3.0/stm32cubeide/plugins/com.st.stm32cube.ide.mcu.externaltools.gnu-tools-for-stm32.7-2018-q2-update.win32_1.0.0.201904181610/tools/bin/../lib/gcc/arm-none-eabi/7.3.1/../../../../arm-none-eabi/lib/thumb/v7e-m/fpv5/hard\libc_nano.a(lib_a-nano-mallocr.o)
                0x0000000020000628                __malloc_free_list
 .bss.__malloc_sbrk_start
                0x000000002000062c        0x4 c:/tools/stm32cubeide_1.3.0/stm32cubeide/plugins/com.st.stm32cube.ide.mcu.externaltools.gnu-tools-for-stm32.7-2018-q2-update.win32_1.0.0.201904181610/tools/bin/../lib/gcc/arm-none-eabi/7.3.1/../../../../arm-none-eabi/lib/thumb/v7e-m/fpv5/hard\libc_nano.a(lib_a-nano-mallocr.o)
                0x000000002000062c                __malloc_sbrk_start
 *(COMMON)
 COMMON         0x0000000020000630       0x80 Core/Src/main.o
                0x0000000020000630                huart3
 COMMON         0x00000000200006b0        0x2 Core/Src/oled_i2c.o
                0x00000000200006b0                OledLineNum
                0x00000000200006b1                OledCursorPos
 *fill*         0x00000000200006b2        0x2 
 COMMON         0x00000000200006b4        0x4 Drivers/STM32F7xx_HAL_Driver/Src/stm32f7xx_hal.o
                0x00000000200006b4                uwTick
 COMMON         0x00000000200006b8      0x2d0 USB_DEVICE/App/usb_device.o
                0x00000000200006b8                hUsbDeviceFS
 COMMON         0x0000000020000988     0x1000 USB_DEVICE/App/usbd_cdc_if.o
                0x0000000020000988                UserRxBufferFS
                0x0000000020001188                UserTxBufferFS
 COMMON         0x0000000020001988      0x200 USB_DEVICE/App/usbd_desc.o
                0x0000000020001988                USBD_StrDesc
 COMMON         0x0000000020001b88      0x404 USB_DEVICE/Target/usbd_conf.o
                0x0000000020001b88                hpcd_USB_OTG_FS
 COMMON         0x0000000020001f8c        0x4 c:/tools/stm32cubeide_1.3.0/stm32cubeide/plugins/com.st.stm32cube.ide.mcu.externaltools.gnu-tools-for-stm32.7-2018-q2-update.win32_1.0.0.201904181610/tools/bin/../lib/gcc/arm-none-eabi/7.3.1/../../../../arm-none-eabi/lib/thumb/v7e-m/fpv5/hard\libc_nano.a(lib_a-reent.o)
                0x0000000020001f8c                errno
                0x0000000020001f90                . = ALIGN (0x4)
                0x0000000020001f90                _ebss = .
                0x0000000020001f90                __bss_end__ = _ebss

._user_heap_stack
                0x0000000020001f90      0x600 load address 0x0000000008004a34
                0x0000000020001f90                . = ALIGN (0x8)
                0x0000000020001f90                PROVIDE (end = .)
                [!provide]                        PROVIDE (_end = .)
                0x0000000020002190                . = (. + _Min_Heap_Size)
 *fill*         0x0000000020001f90      0x200 
                0x0000000020002590                . = (. + _Min_Stack_Size)
 *fill*         0x0000000020002190      0x400 
                0x0000000020002590                . = ALIGN (0x8)

/DISCARD/
 libc.a(*)
 libm.a(*)
 libgcc.a(*)

.ARM.attributes
                0x0000000000000000       0x2e
 *(.ARM.attributes)
 .ARM.attributes
                0x0000000000000000       0x20 c:/tools/stm32cubeide_1.3.0/stm32cubeide/plugins/com.st.stm32cube.ide.mcu.externaltools.gnu-tools-for-stm32.7-2018-q2-update.win32_1.0.0.201904181610/tools/bin/../lib/gcc/arm-none-eabi/7.3.1/thumb/v7e-m/fpv5/hard/crti.o
 .ARM.attributes
                0x0000000000000020       0x32 c:/tools/stm32cubeide_1.3.0/stm32cubeide/plugins/com.st.stm32cube.ide.mcu.externaltools.gnu-tools-for-stm32.7-2018-q2-update.win32_1.0.0.201904181610/tools/bin/../lib/gcc/arm-none-eabi/7.3.1/thumb/v7e-m/fpv5/hard/crtbegin.o
 .ARM.attributes
                0x0000000000000052       0x37 Core/Src/main.o
 .ARM.attributes
                0x0000000000000089       0x37 Core/Src/oled_i2c.o
 .ARM.attributes
                0x00000000000000c0       0x37 Core/Src/stm32f7xx_hal_msp.o
 .ARM.attributes
                0x00000000000000f7       0x37 Core/Src/stm32f7xx_it.o
 .ARM.attributes
                0x000000000000012e       0x37 Core/Src/sysmem.o
 .ARM.attributes
                0x0000000000000165       0x37 Core/Src/system_stm32f7xx.o
 .ARM.attributes
                0x000000000000019c       0x21 Core/Startup/startup_stm32f767zitx.o
 .ARM.attributes
                0x00000000000001bd       0x37 Drivers/STM32F7xx_HAL_Driver/Src/stm32f7xx_hal.o
 .ARM.attributes
                0x00000000000001f4       0x37 Drivers/STM32F7xx_HAL_Driver/Src/stm32f7xx_hal_cortex.o
 .ARM.attributes
                0x000000000000022b       0x37 Drivers/STM32F7xx_HAL_Driver/Src/stm32f7xx_hal_gpio.o
 .ARM.attributes
                0x0000000000000262       0x37 Drivers/STM32F7xx_HAL_Driver/Src/stm32f7xx_hal_pcd.o
 .ARM.attributes
                0x0000000000000299       0x37 Drivers/STM32F7xx_HAL_Driver/Src/stm32f7xx_hal_pcd_ex.o
 .ARM.attributes
                0x00000000000002d0       0x37 Drivers/STM32F7xx_HAL_Driver/Src/stm32f7xx_hal_pwr.o
 .ARM.attributes
                0x0000000000000307       0x37 Drivers/STM32F7xx_HAL_Driver/Src/stm32f7xx_hal_pwr_ex.o
 .ARM.attributes
                0x000000000000033e       0x37 Drivers/STM32F7xx_HAL_Driver/Src/stm32f7xx_hal_rcc.o
 .ARM.attributes
                0x0000000000000375       0x37 Drivers/STM32F7xx_HAL_Driver/Src/stm32f7xx_hal_rcc_ex.o
 .ARM.attributes
                0x00000000000003ac       0x37 Drivers/STM32F7xx_HAL_Driver/Src/stm32f7xx_hal_uart.o
 .ARM.attributes
                0x00000000000003e3       0x37 Drivers/STM32F7xx_HAL_Driver/Src/stm32f7xx_ll_usb.o
 .ARM.attributes
                0x000000000000041a       0x37 Middlewares/ST/STM32_USB_Device_Library/Class/CDC/Src/usbd_cdc.o
 .ARM.attributes
                0x0000000000000451       0x37 Middlewares/ST/STM32_USB_Device_Library/Core/Src/usbd_core.o
 .ARM.attributes
                0x0000000000000488       0x37 Middlewares/ST/STM32_USB_Device_Library/Core/Src/usbd_ctlreq.o
 .ARM.attributes
                0x00000000000004bf       0x37 Middlewares/ST/STM32_USB_Device_Library/Core/Src/usbd_ioreq.o
 .ARM.attributes
                0x00000000000004f6       0x37 USB_DEVICE/App/usb_device.o
 .ARM.attributes
                0x000000000000052d       0x37 USB_DEVICE/App/usbd_cdc_if.o
 .ARM.attributes
                0x0000000000000564       0x37 USB_DEVICE/App/usbd_desc.o
 .ARM.attributes
                0x000000000000059b       0x37 USB_DEVICE/Target/usbd_conf.o
 .ARM.attributes
                0x00000000000005d2       0x32 c:/tools/stm32cubeide_1.3.0/stm32cubeide/plugins/com.st.stm32cube.ide.mcu.externaltools.gnu-tools-for-stm32.7-2018-q2-update.win32_1.0.0.201904181610/tools/bin/../lib/gcc/arm-none-eabi/7.3.1/../../../../arm-none-eabi/lib/thumb/v7e-m/fpv5/hard\libc_nano.a(lib_a-errno.o)
 .ARM.attributes
                0x0000000000000604       0x32 c:/tools/stm32cubeide_1.3.0/stm32cubeide/plugins/com.st.stm32cube.ide.mcu.externaltools.gnu-tools-for-stm32.7-2018-q2-update.win32_1.0.0.201904181610/tools/bin/../lib/gcc/arm-none-eabi/7.3.1/../../../../arm-none-eabi/lib/thumb/v7e-m/fpv5/hard\libc_nano.a(lib_a-impure.o)
 .ARM.attributes
                0x0000000000000636       0x32 c:/tools/stm32cubeide_1.3.0/stm32cubeide/plugins/com.st.stm32cube.ide.mcu.externaltools.gnu-tools-for-stm32.7-2018-q2-update.win32_1.0.0.201904181610/tools/bin/../lib/gcc/arm-none-eabi/7.3.1/../../../../arm-none-eabi/lib/thumb/v7e-m/fpv5/hard\libc_nano.a(lib_a-init.o)
 .ARM.attributes
                0x0000000000000668       0x32 c:/tools/stm32cubeide_1.3.0/stm32cubeide/plugins/com.st.stm32cube.ide.mcu.externaltools.gnu-tools-for-stm32.7-2018-q2-update.win32_1.0.0.201904181610/tools/bin/../lib/gcc/arm-none-eabi/7.3.1/../../../../arm-none-eabi/lib/thumb/v7e-m/fpv5/hard\libc_nano.a(lib_a-malloc.o)
 .ARM.attributes
                0x000000000000069a       0x32 c:/tools/stm32cubeide_1.3.0/stm32cubeide/plugins/com.st.stm32cube.ide.mcu.externaltools.gnu-tools-for-stm32.7-2018-q2-update.win32_1.0.0.201904181610/tools/bin/../lib/gcc/arm-none-eabi/7.3.1/../../../../arm-none-eabi/lib/thumb/v7e-m/fpv5/hard\libc_nano.a(lib_a-memset.o)
 .ARM.attributes
                0x00000000000006cc       0x32 c:/tools/stm32cubeide_1.3.0/stm32cubeide/plugins/com.st.stm32cube.ide.mcu.externaltools.gnu-tools-for-stm32.7-2018-q2-update.win32_1.0.0.201904181610/tools/bin/../lib/gcc/arm-none-eabi/7.3.1/../../../../arm-none-eabi/lib/thumb/v7e-m/fpv5/hard\libc_nano.a(lib_a-nano-freer.o)
 .ARM.attributes
                0x00000000000006fe       0x32 c:/tools/stm32cubeide_1.3.0/stm32cubeide/plugins/com.st.stm32cube.ide.mcu.externaltools.gnu-tools-for-stm32.7-2018-q2-update.win32_1.0.0.201904181610/tools/bin/../lib/gcc/arm-none-eabi/7.3.1/../../../../arm-none-eabi/lib/thumb/v7e-m/fpv5/hard\libc_nano.a(lib_a-nano-mallocr.o)
 .ARM.attributes
                0x0000000000000730       0x32 c:/tools/stm32cubeide_1.3.0/stm32cubeide/plugins/com.st.stm32cube.ide.mcu.externaltools.gnu-tools-for-stm32.7-2018-q2-update.win32_1.0.0.201904181610/tools/bin/../lib/gcc/arm-none-eabi/7.3.1/../../../../arm-none-eabi/lib/thumb/v7e-m/fpv5/hard\libc_nano.a(lib_a-sbrkr.o)
 .ARM.attributes
                0x0000000000000762       0x32 c:/tools/stm32cubeide_1.3.0/stm32cubeide/plugins/com.st.stm32cube.ide.mcu.externaltools.gnu-tools-for-stm32.7-2018-q2-update.win32_1.0.0.201904181610/tools/bin/../lib/gcc/arm-none-eabi/7.3.1/../../../../arm-none-eabi/lib/thumb/v7e-m/fpv5/hard\libc_nano.a(lib_a-mlock.o)
 .ARM.attributes
                0x0000000000000794       0x32 c:/tools/stm32cubeide_1.3.0/stm32cubeide/plugins/com.st.stm32cube.ide.mcu.externaltools.gnu-tools-for-stm32.7-2018-q2-update.win32_1.0.0.201904181610/tools/bin/../lib/gcc/arm-none-eabi/7.3.1/../../../../arm-none-eabi/lib/thumb/v7e-m/fpv5/hard\libc_nano.a(lib_a-reent.o)
 .ARM.attributes
                0x00000000000007c6       0x20 c:/tools/stm32cubeide_1.3.0/stm32cubeide/plugins/com.st.stm32cube.ide.mcu.externaltools.gnu-tools-for-stm32.7-2018-q2-update.win32_1.0.0.201904181610/tools/bin/../lib/gcc/arm-none-eabi/7.3.1/thumb/v7e-m/fpv5/hard\libgcc.a(_aeabi_uldivmod.o)
 .ARM.attributes
                0x00000000000007e6       0x32 c:/tools/stm32cubeide_1.3.0/stm32cubeide/plugins/com.st.stm32cube.ide.mcu.externaltools.gnu-tools-for-stm32.7-2018-q2-update.win32_1.0.0.201904181610/tools/bin/../lib/gcc/arm-none-eabi/7.3.1/thumb/v7e-m/fpv5/hard\libgcc.a(_udivmoddi4.o)
 .ARM.attributes
                0x0000000000000818       0x20 c:/tools/stm32cubeide_1.3.0/stm32cubeide/plugins/com.st.stm32cube.ide.mcu.externaltools.gnu-tools-for-stm32.7-2018-q2-update.win32_1.0.0.201904181610/tools/bin/../lib/gcc/arm-none-eabi/7.3.1/thumb/v7e-m/fpv5/hard\libgcc.a(_dvmd_tls.o)
 .ARM.attributes
                0x0000000000000838       0x20 c:/tools/stm32cubeide_1.3.0/stm32cubeide/plugins/com.st.stm32cube.ide.mcu.externaltools.gnu-tools-for-stm32.7-2018-q2-update.win32_1.0.0.201904181610/tools/bin/../lib/gcc/arm-none-eabi/7.3.1/thumb/v7e-m/fpv5/hard/crtn.o
OUTPUT(i2c_lcd767.elf elf32-littlearm)

.comment        0x0000000000000000       0x7b
 .comment       0x0000000000000000       0x7b Core/Src/main.o
                                         0x7c (size before relaxing)
 .comment       0x000000000000007b       0x7c Core/Src/oled_i2c.o
 .comment       0x000000000000007b       0x7c Core/Src/stm32f7xx_hal_msp.o
 .comment       0x000000000000007b       0x7c Core/Src/stm32f7xx_it.o
 .comment       0x000000000000007b       0x7c Core/Src/sysmem.o
 .comment       0x000000000000007b       0x7c Core/Src/system_stm32f7xx.o
 .comment       0x000000000000007b       0x7c Drivers/STM32F7xx_HAL_Driver/Src/stm32f7xx_hal.o
 .comment       0x000000000000007b       0x7c Drivers/STM32F7xx_HAL_Driver/Src/stm32f7xx_hal_cortex.o
 .comment       0x000000000000007b       0x7c Drivers/STM32F7xx_HAL_Driver/Src/stm32f7xx_hal_gpio.o
 .comment       0x000000000000007b       0x7c Drivers/STM32F7xx_HAL_Driver/Src/stm32f7xx_hal_pcd.o
 .comment       0x000000000000007b       0x7c Drivers/STM32F7xx_HAL_Driver/Src/stm32f7xx_hal_pcd_ex.o
 .comment       0x000000000000007b       0x7c Drivers/STM32F7xx_HAL_Driver/Src/stm32f7xx_hal_pwr.o
 .comment       0x000000000000007b       0x7c Drivers/STM32F7xx_HAL_Driver/Src/stm32f7xx_hal_pwr_ex.o
 .comment       0x000000000000007b       0x7c Drivers/STM32F7xx_HAL_Driver/Src/stm32f7xx_hal_rcc.o
 .comment       0x000000000000007b       0x7c Drivers/STM32F7xx_HAL_Driver/Src/stm32f7xx_hal_rcc_ex.o
 .comment       0x000000000000007b       0x7c Drivers/STM32F7xx_HAL_Driver/Src/stm32f7xx_hal_uart.o
 .comment       0x000000000000007b       0x7c Drivers/STM32F7xx_HAL_Driver/Src/stm32f7xx_ll_usb.o
 .comment       0x000000000000007b       0x7c Middlewares/ST/STM32_USB_Device_Library/Class/CDC/Src/usbd_cdc.o
 .comment       0x000000000000007b       0x7c Middlewares/ST/STM32_USB_Device_Library/Core/Src/usbd_core.o
 .comment       0x000000000000007b       0x7c Middlewares/ST/STM32_USB_Device_Library/Core/Src/usbd_ctlreq.o
 .comment       0x000000000000007b       0x7c Middlewares/ST/STM32_USB_Device_Library/Core/Src/usbd_ioreq.o
 .comment       0x000000000000007b       0x7c USB_DEVICE/App/usb_device.o
 .comment       0x000000000000007b       0x7c USB_DEVICE/App/usbd_cdc_if.o
 .comment       0x000000000000007b       0x7c USB_DEVICE/App/usbd_desc.o
 .comment       0x000000000000007b       0x7c USB_DEVICE/Target/usbd_conf.o

.debug_frame    0x0000000000000000      0x218
 .debug_frame   0x0000000000000000       0x20 c:/tools/stm32cubeide_1.3.0/stm32cubeide/plugins/com.st.stm32cube.ide.mcu.externaltools.gnu-tools-for-stm32.7-2018-q2-update.win32_1.0.0.201904181610/tools/bin/../lib/gcc/arm-none-eabi/7.3.1/../../../../arm-none-eabi/lib/thumb/v7e-m/fpv5/hard\libc_nano.a(lib_a-errno.o)
 .debug_frame   0x0000000000000020       0x2c c:/tools/stm32cubeide_1.3.0/stm32cubeide/plugins/com.st.stm32cube.ide.mcu.externaltools.gnu-tools-for-stm32.7-2018-q2-update.win32_1.0.0.201904181610/tools/bin/../lib/gcc/arm-none-eabi/7.3.1/../../../../arm-none-eabi/lib/thumb/v7e-m/fpv5/hard\libc_nano.a(lib_a-init.o)
 .debug_frame   0x000000000000004c       0x30 c:/tools/stm32cubeide_1.3.0/stm32cubeide/plugins/com.st.stm32cube.ide.mcu.externaltools.gnu-tools-for-stm32.7-2018-q2-update.win32_1.0.0.201904181610/tools/bin/../lib/gcc/arm-none-eabi/7.3.1/../../../../arm-none-eabi/lib/thumb/v7e-m/fpv5/hard\libc_nano.a(lib_a-malloc.o)
 .debug_frame   0x000000000000007c       0x20 c:/tools/stm32cubeide_1.3.0/stm32cubeide/plugins/com.st.stm32cube.ide.mcu.externaltools.gnu-tools-for-stm32.7-2018-q2-update.win32_1.0.0.201904181610/tools/bin/../lib/gcc/arm-none-eabi/7.3.1/../../../../arm-none-eabi/lib/thumb/v7e-m/fpv5/hard\libc_nano.a(lib_a-memset.o)
 .debug_frame   0x000000000000009c       0x38 c:/tools/stm32cubeide_1.3.0/stm32cubeide/plugins/com.st.stm32cube.ide.mcu.externaltools.gnu-tools-for-stm32.7-2018-q2-update.win32_1.0.0.201904181610/tools/bin/../lib/gcc/arm-none-eabi/7.3.1/../../../../arm-none-eabi/lib/thumb/v7e-m/fpv5/hard\libc_nano.a(lib_a-nano-freer.o)
 .debug_frame   0x00000000000000d4       0x2c c:/tools/stm32cubeide_1.3.0/stm32cubeide/plugins/com.st.stm32cube.ide.mcu.externaltools.gnu-tools-for-stm32.7-2018-q2-update.win32_1.0.0.201904181610/tools/bin/../lib/gcc/arm-none-eabi/7.3.1/../../../../arm-none-eabi/lib/thumb/v7e-m/fpv5/hard\libc_nano.a(lib_a-nano-mallocr.o)
 .debug_frame   0x0000000000000100       0x2c c:/tools/stm32cubeide_1.3.0/stm32cubeide/plugins/com.st.stm32cube.ide.mcu.externaltools.gnu-tools-for-stm32.7-2018-q2-update.win32_1.0.0.201904181610/tools/bin/../lib/gcc/arm-none-eabi/7.3.1/../../../../arm-none-eabi/lib/thumb/v7e-m/fpv5/hard\libc_nano.a(lib_a-sbrkr.o)
 .debug_frame   0x000000000000012c       0x30 c:/tools/stm32cubeide_1.3.0/stm32cubeide/plugins/com.st.stm32cube.ide.mcu.externaltools.gnu-tools-for-stm32.7-2018-q2-update.win32_1.0.0.201904181610/tools/bin/../lib/gcc/arm-none-eabi/7.3.1/../../../../arm-none-eabi/lib/thumb/v7e-m/fpv5/hard\libc_nano.a(lib_a-mlock.o)
 .debug_frame   0x000000000000015c       0x5c c:/tools/stm32cubeide_1.3.0/stm32cubeide/plugins/com.st.stm32cube.ide.mcu.externaltools.gnu-tools-for-stm32.7-2018-q2-update.win32_1.0.0.201904181610/tools/bin/../lib/gcc/arm-none-eabi/7.3.1/../../../../arm-none-eabi/lib/thumb/v7e-m/fpv5/hard\libc_nano.a(lib_a-reent.o)
 .debug_frame   0x00000000000001b8       0x2c c:/tools/stm32cubeide_1.3.0/stm32cubeide/plugins/com.st.stm32cube.ide.mcu.externaltools.gnu-tools-for-stm32.7-2018-q2-update.win32_1.0.0.201904181610/tools/bin/../lib/gcc/arm-none-eabi/7.3.1/thumb/v7e-m/fpv5/hard\libgcc.a(_aeabi_uldivmod.o)
 .debug_frame   0x00000000000001e4       0x34 c:/tools/stm32cubeide_1.3.0/stm32cubeide/plugins/com.st.stm32cube.ide.mcu.externaltools.gnu-tools-for-stm32.7-2018-q2-update.win32_1.0.0.201904181610/tools/bin/../lib/gcc/arm-none-eabi/7.3.1/thumb/v7e-m/fpv5/hard\libgcc.a(_udivmoddi4.o)
