stm32f7xx_ll_usb.c:1339:26:USB_CoreReset	0	static
stm32f7xx_ll_usb.c:86:19:USB_CoreInit	16	static
stm32f7xx_ll_usb.c:168:19:USB_SetTurnaroundTime	0	static
stm32f7xx_ll_usb.c:251:19:USB_EnableGlobalInt	0	static
stm32f7xx_ll_usb.c:263:19:USB_DisableGlobalInt	0	static
stm32f7xx_ll_usb.c:279:19:USB_SetCurrentMode	8	static
stm32f7xx_ll_usb.c:476:19:USB_FlushTxFifo	0	static
stm32f7xx_ll_usb.c:499:19:USB_FlushRxFifo	0	static
stm32f7xx_ll_usb.c:528:19:USB_SetDevSpeed	0	static
stm32f7xx_ll_usb.c:308:19:USB_DevInit	32	static
stm32f7xx_ll_usb.c:544:9:USB_GetDevSpeed	0	static
stm32f7xx_ll_usb.c:573:19:USB_ActivateEndpoint	12	static
stm32f7xx_ll_usb.c:611:19:USB_ActivateDedicatedEndpoint	20	static
stm32f7xx_ll_usb.c:650:19:USB_DeactivateEndpoint	8	static
stm32f7xx_ll_usb.c:697:19:USB_DeactivateDedicatedEndpoint	0	static
stm32f7xx_ll_usb.c:881:19:USB_EP0StartXfer	20	static
stm32f7xx_ll_usb.c:981:19:USB_WritePacket	8	static
stm32f7xx_ll_usb.c:739:19:USB_EPStartXfer	32	static
stm32f7xx_ll_usb.c:1007:7:USB_ReadPacket	0	static
stm32f7xx_ll_usb.c:1029:19:USB_EPSetStall	0	static
stm32f7xx_ll_usb.c:1060:19:USB_EPClearStall	0	static
stm32f7xx_ll_usb.c:1089:19:USB_StopDevice	8	static
stm32f7xx_ll_usb.c:1130:20:USB_SetDevAddress	0	static
stm32f7xx_ll_usb.c:1145:20:USB_DevConnect	8	static
stm32f7xx_ll_usb.c:1160:20:USB_DevDisconnect	8	static
stm32f7xx_ll_usb.c:1175:11:USB_ReadInterrupts	0	static
stm32f7xx_ll_usb.c:1190:10:USB_ReadDevAllOutEpInterrupt	0	static
stm32f7xx_ll_usb.c:1206:10:USB_ReadDevAllInEpInterrupt	0	static
stm32f7xx_ll_usb.c:1224:10:USB_ReadDevOutEPInterrupt	0	static
stm32f7xx_ll_usb.c:1242:10:USB_ReadDevInEPInterrupt	8	static
stm32f7xx_ll_usb.c:1261:7:USB_ClearInterrupts	0	static
stm32f7xx_ll_usb.c:1274:10:USB_GetMode	0	static
stm32f7xx_ll_usb.c:1284:20:USB_ActivateSetup	0	static
stm32f7xx_ll_usb.c:1306:19:USB_EP0_OutStart	12	static
stm32f7xx_ll_usb.c:1535:19:USB_InitFSLSPClkSel	8	static
stm32f7xx_ll_usb.c:1565:19:USB_ResetPort	24	static
stm32f7xx_ll_usb.c:1592:19:USB_DriveVbus	8	static
stm32f7xx_ll_usb.c:1444:19:USB_HostInit	16	static
stm32f7xx_ll_usb.c:1622:10:USB_GetHostSpeed	8	static
stm32f7xx_ll_usb.c:1636:10:USB_GetCurrentFrame	0	static
stm32f7xx_ll_usb.c:1667:19:USB_HC_Init	24	static
stm32f7xx_ll_usb.c:1916:10:USB_HC_ReadInterrupt	0	static
stm32f7xx_ll_usb.c:1930:19:USB_HC_Halt	0	static
stm32f7xx_ll_usb.c:1995:19:USB_DoPing	0	static
stm32f7xx_ll_usb.c:1788:19:USB_HC_StartXfer	32	static
stm32f7xx_ll_usb.c:2019:19:USB_StopHost	8	static
stm32f7xx_ll_usb.c:2075:19:USB_ActivateRemoteWakeup	0	static
stm32f7xx_ll_usb.c:2093:19:USB_DeActivateRemoteWakeup	0	static
