stm32f7xx_ll_usb.c:86:19:USB_CoreInit	24	static
stm32f7xx_ll_usb.c:168:19:USB_SetTurnaroundTime	32	static
stm32f7xx_ll_usb.c:251:19:USB_EnableGlobalInt	16	static
stm32f7xx_ll_usb.c:263:19:USB_DisableGlobalInt	16	static
stm32f7xx_ll_usb.c:279:19:USB_SetCurrentMode	16	static
stm32f7xx_ll_usb.c:308:19:USB_DevInit	32	static
stm32f7xx_ll_usb.c:476:19:USB_FlushTxFifo	24	static
stm32f7xx_ll_usb.c:499:19:USB_FlushRxFifo	24	static
stm32f7xx_ll_usb.c:528:19:USB_SetDevSpeed	24	static
stm32f7xx_ll_usb.c:544:9:USB_GetDevSpeed	32	static
stm32f7xx_ll_usb.c:573:19:USB_ActivateEndpoint	24	static
stm32f7xx_ll_usb.c:611:19:USB_ActivateDedicatedEndpoint	24	static
stm32f7xx_ll_usb.c:650:19:USB_DeactivateEndpoint	24	static
stm32f7xx_ll_usb.c:697:19:USB_DeactivateDedicatedEndpoint	24	static
stm32f7xx_ll_usb.c:739:19:USB_EPStartXfer	48	static
stm32f7xx_ll_usb.c:881:19:USB_EP0StartXfer	32	static
stm32f7xx_ll_usb.c:981:19:USB_WritePacket	40	static
stm32f7xx_ll_usb.c:1007:7:USB_ReadPacket	40	static
stm32f7xx_ll_usb.c:1029:19:USB_EPSetStall	24	static
stm32f7xx_ll_usb.c:1060:19:USB_EPClearStall	24	static
stm32f7xx_ll_usb.c:1089:19:USB_StopDevice	32	static
stm32f7xx_ll_usb.c:1130:20:USB_SetDevAddress	24	static
stm32f7xx_ll_usb.c:1145:20:USB_DevConnect	24	static
stm32f7xx_ll_usb.c:1160:20:USB_DevDisconnect	24	static
stm32f7xx_ll_usb.c:1175:11:USB_ReadInterrupts	24	static
stm32f7xx_ll_usb.c:1190:10:USB_ReadDevAllOutEpInterrupt	24	static
stm32f7xx_ll_usb.c:1206:10:USB_ReadDevAllInEpInterrupt	24	static
stm32f7xx_ll_usb.c:1224:10:USB_ReadDevOutEPInterrupt	24	static
stm32f7xx_ll_usb.c:1242:10:USB_ReadDevInEPInterrupt	32	static
stm32f7xx_ll_usb.c:1261:7:USB_ClearInterrupts	16	static
stm32f7xx_ll_usb.c:1274:10:USB_GetMode	16	static
stm32f7xx_ll_usb.c:1284:20:USB_ActivateSetup	24	static
stm32f7xx_ll_usb.c:1306:19:USB_EP0_OutStart	32	static
stm32f7xx_ll_usb.c:1339:26:USB_CoreReset	24	static
stm32f7xx_ll_usb.c:1444:19:USB_HostInit	24	static
stm32f7xx_ll_usb.c:1535:19:USB_InitFSLSPClkSel	24	static
stm32f7xx_ll_usb.c:1565:19:USB_ResetPort	24	static
stm32f7xx_ll_usb.c:1592:19:USB_DriveVbus	24	static
stm32f7xx_ll_usb.c:1622:10:USB_GetHostSpeed	24	static
stm32f7xx_ll_usb.c:1636:10:USB_GetCurrentFrame	24	static
stm32f7xx_ll_usb.c:1667:19:USB_HC_Init	32	static
stm32f7xx_ll_usb.c:1788:19:USB_HC_StartXfer	56	static
stm32f7xx_ll_usb.c:1916:10:USB_HC_ReadInterrupt	24	static
stm32f7xx_ll_usb.c:1930:19:USB_HC_Halt	32	static
stm32f7xx_ll_usb.c:1995:19:USB_DoPing	32	static
stm32f7xx_ll_usb.c:2019:19:USB_StopHost	32	static
stm32f7xx_ll_usb.c:2075:19:USB_ActivateRemoteWakeup	24	static
stm32f7xx_ll_usb.c:2093:19:USB_DeActivateRemoteWakeup	24	static
