stm32f7xx_hal_pcd.c:123:19:HAL_PCD_Init	80	static
stm32f7xx_hal_pcd.c:242:19:HAL_PCD_DeInit	16	static
stm32f7xx_hal_pcd.c:278:13:HAL_PCD_MspInit	16	static
stm32f7xx_hal_pcd.c:293:13:HAL_PCD_MspDeInit	16	static
stm32f7xx_hal_pcd.c:915:19:HAL_PCD_Start	16	static
stm32f7xx_hal_pcd.c:929:19:HAL_PCD_Stop	16	static
stm32f7xx_hal_pcd.c:951:6:HAL_PCD_IRQHandler	64	static
stm32f7xx_hal_pcd.c:1338:13:HAL_PCD_DataOutStageCallback	16	static
stm32f7xx_hal_pcd.c:1355:13:HAL_PCD_DataInStageCallback	16	static
stm32f7xx_hal_pcd.c:1370:13:HAL_PCD_SetupStageCallback	16	static
stm32f7xx_hal_pcd.c:1385:13:HAL_PCD_SOFCallback	16	static
stm32f7xx_hal_pcd.c:1400:13:HAL_PCD_ResetCallback	16	static
stm32f7xx_hal_pcd.c:1415:13:HAL_PCD_SuspendCallback	16	static
stm32f7xx_hal_pcd.c:1430:13:HAL_PCD_ResumeCallback	16	static
stm32f7xx_hal_pcd.c:1446:13:HAL_PCD_ISOOUTIncompleteCallback	16	static
stm32f7xx_hal_pcd.c:1463:13:HAL_PCD_ISOINIncompleteCallback	16	static
stm32f7xx_hal_pcd.c:1479:13:HAL_PCD_ConnectCallback	16	static
stm32f7xx_hal_pcd.c:1494:13:HAL_PCD_DisconnectCallback	16	static
stm32f7xx_hal_pcd.c:1528:19:HAL_PCD_DevConnect	16	static
stm32f7xx_hal_pcd.c:1541:19:HAL_PCD_DevDisconnect	16	static
stm32f7xx_hal_pcd.c:1555:19:HAL_PCD_SetAddress	16	static
stm32f7xx_hal_pcd.c:1571:19:HAL_PCD_EP_Open	24	static
stm32f7xx_hal_pcd.c:1615:19:HAL_PCD_EP_Close	24	static
stm32f7xx_hal_pcd.c:1646:19:HAL_PCD_EP_Receive	32	static
stm32f7xx_hal_pcd.c:1682:10:HAL_PCD_EP_GetRxCount	16	static
stm32f7xx_hal_pcd.c:1694:19:HAL_PCD_EP_Transmit	32	static
stm32f7xx_hal_pcd.c:1730:19:HAL_PCD_EP_SetStall	24	static
stm32f7xx_hal_pcd.c:1771:19:HAL_PCD_EP_ClrStall	24	static
stm32f7xx_hal_pcd.c:1807:19:HAL_PCD_EP_Flush	16	static
stm32f7xx_hal_pcd.c:1830:19:HAL_PCD_ActivateRemoteWakeup	16	static
stm32f7xx_hal_pcd.c:1840:19:HAL_PCD_DeActivateRemoteWakeup	16	static
stm32f7xx_hal_pcd.c:1869:18:HAL_PCD_GetState	16	static
stm32f7xx_hal_pcd.c:1893:26:PCD_WriteEmptyTxFifo	48	static
stm32f7xx_hal_pcd.c:1953:26:PCD_EP_OutXfrComplete_int	32	static
stm32f7xx_hal_pcd.c:2058:26:PCD_EP_OutSetupPacket_int	32	static
