usbd_desc.c:260:11:USBD_FS_DeviceDescriptor	0	static
usbd_desc.c:273:11:USBD_FS_LangIDStrDescriptor	0	static
usbd_desc.c:377:11:USBD_FS_USR_BOSDescriptor	0	static
usbd_desc.c:414:13:IntToUnicode	16	static
usbd_desc.c:318:11:USBD_FS_SerialStrDescriptor	8	static
usbd_desc.c:305:11:USBD_FS_ManufacturerStrDescriptor	8	static
usbd_desc.c:286:11:USBD_FS_ProductStrDescriptor	8	static
usbd_desc.c:338:11:USBD_FS_ConfigStrDescriptor	8	static
usbd_desc.c:357:11:USBD_FS_InterfaceStrDescriptor	8	static
