usbd_conf.c:68:6:HAL_PCD_MspInit	48	static
usbd_conf.c:109:6:HAL_PCD_MspDeInit	16	static
usbd_conf.c:146:6:HAL_PCD_SetupStageCallback	16	static
usbd_conf.c:161:6:HAL_PCD_DataOutStageCallback	16	static
usbd_conf.c:176:6:HAL_PCD_DataInStageCallback	16	static
usbd_conf.c:190:6:HAL_PCD_SOFCallback	16	static
usbd_conf.c:204:6:HAL_PCD_ResetCallback	24	static
usbd_conf.c:237:6:HAL_PCD_SuspendCallback	16	static
usbd_conf.c:262:6:HAL_PCD_ResumeCallback	16	static
usbd_conf.c:280:6:HAL_PCD_ISOOUTIncompleteCallback	16	static
usbd_conf.c:295:6:HAL_PCD_ISOINIncompleteCallback	16	static
usbd_conf.c:309:6:HAL_PCD_ConnectCallback	16	static
usbd_conf.c:323:6:HAL_PCD_DisconnectCallback	16	static
usbd_conf.c:338:20:USBD_LL_Init	16	static
usbd_conf.c:388:20:USBD_LL_DeInit	24	static
usbd_conf.c:405:20:USBD_LL_Start	24	static
usbd_conf.c:422:20:USBD_LL_Stop	24	static
usbd_conf.c:442:20:USBD_LL_OpenEP	24	static
usbd_conf.c:460:20:USBD_LL_CloseEP	24	static
usbd_conf.c:478:20:USBD_LL_FlushEP	24	static
usbd_conf.c:496:20:USBD_LL_StallEP	24	static
usbd_conf.c:514:20:USBD_LL_ClearStallEP	24	static
usbd_conf.c:532:9:USBD_LL_IsStallEP	24	static
usbd_conf.c:552:20:USBD_LL_SetUSBAddress	24	static
usbd_conf.c:572:20:USBD_LL_Transmit	32	static
usbd_conf.c:592:20:USBD_LL_PrepareReceive	32	static
usbd_conf.c:610:10:USBD_LL_GetRxDataSize	16	static
usbd_conf.c:621:6:HAL_PCDEx_LPM_Callback	16	static
usbd_conf.c:656:6:USBD_LL_Delay	16	static
usbd_conf.c:667:13:SystemClockConfig_Resume	8	static
usbd_conf.c:677:20:USBD_Get_USB_Status	24	static
