Archive member included to satisfy reference by file (symbol)

c:/tools/stm32cubeide_1.3.0/stm32cubeide/plugins/com.st.stm32cube.ide.mcu.externaltools.gnu-tools-for-stm32.7-2018-q2-update.win32_1.0.0.201904181610/tools/bin/../lib/gcc/arm-none-eabi/7.3.1/../../../../arm-none-eabi/lib/thumb/v7e-m/fpv5/hard\libc_nano.a(lib_a-errno.o)
                              Core/Src/syscalls.o (__errno)
c:/tools/stm32cubeide_1.3.0/stm32cubeide/plugins/com.st.stm32cube.ide.mcu.externaltools.gnu-tools-for-stm32.7-2018-q2-update.win32_1.0.0.201904181610/tools/bin/../lib/gcc/arm-none-eabi/7.3.1/../../../../arm-none-eabi/lib/thumb/v7e-m/fpv5/hard\libc_nano.a(lib_a-exit.o)
                              c:/tools/stm32cubeide_1.3.0/stm32cubeide/plugins/com.st.stm32cube.ide.mcu.externaltools.gnu-tools-for-stm32.7-2018-q2-update.win32_1.0.0.201904181610/tools/bin/../lib/gcc/arm-none-eabi/7.3.1/../../../../arm-none-eabi/lib/thumb/v7e-m/fpv5/hard/crt0.o (exit)
c:/tools/stm32cubeide_1.3.0/stm32cubeide/plugins/com.st.stm32cube.ide.mcu.externaltools.gnu-tools-for-stm32.7-2018-q2-update.win32_1.0.0.201904181610/tools/bin/../lib/gcc/arm-none-eabi/7.3.1/../../../../arm-none-eabi/lib/thumb/v7e-m/fpv5/hard\libc_nano.a(lib_a-impure.o)
                              c:/tools/stm32cubeide_1.3.0/stm32cubeide/plugins/com.st.stm32cube.ide.mcu.externaltools.gnu-tools-for-stm32.7-2018-q2-update.win32_1.0.0.201904181610/tools/bin/../lib/gcc/arm-none-eabi/7.3.1/../../../../arm-none-eabi/lib/thumb/v7e-m/fpv5/hard\libc_nano.a(lib_a-exit.o) (_global_impure_ptr)
c:/tools/stm32cubeide_1.3.0/stm32cubeide/plugins/com.st.stm32cube.ide.mcu.externaltools.gnu-tools-for-stm32.7-2018-q2-update.win32_1.0.0.201904181610/tools/bin/../lib/gcc/arm-none-eabi/7.3.1/../../../../arm-none-eabi/lib/thumb/v7e-m/fpv5/hard\libc_nano.a(lib_a-init.o)
                              c:/tools/stm32cubeide_1.3.0/stm32cubeide/plugins/com.st.stm32cube.ide.mcu.externaltools.gnu-tools-for-stm32.7-2018-q2-update.win32_1.0.0.201904181610/tools/bin/../lib/gcc/arm-none-eabi/7.3.1/../../../../arm-none-eabi/lib/thumb/v7e-m/fpv5/hard/crt0.o (__libc_init_array)
c:/tools/stm32cubeide_1.3.0/stm32cubeide/plugins/com.st.stm32cube.ide.mcu.externaltools.gnu-tools-for-stm32.7-2018-q2-update.win32_1.0.0.201904181610/tools/bin/../lib/gcc/arm-none-eabi/7.3.1/../../../../arm-none-eabi/lib/thumb/v7e-m/fpv5/hard\libc_nano.a(lib_a-malloc.o)
                              Middlewares/ST/STM32_USB_Device_Library/Class/CDC/Src/usbd_cdc.o (malloc)
c:/tools/stm32cubeide_1.3.0/stm32cubeide/plugins/com.st.stm32cube.ide.mcu.externaltools.gnu-tools-for-stm32.7-2018-q2-update.win32_1.0.0.201904181610/tools/bin/../lib/gcc/arm-none-eabi/7.3.1/../../../../arm-none-eabi/lib/thumb/v7e-m/fpv5/hard\libc_nano.a(lib_a-memset.o)
                              c:/tools/stm32cubeide_1.3.0/stm32cubeide/plugins/com.st.stm32cube.ide.mcu.externaltools.gnu-tools-for-stm32.7-2018-q2-update.win32_1.0.0.201904181610/tools/bin/../lib/gcc/arm-none-eabi/7.3.1/../../../../arm-none-eabi/lib/thumb/v7e-m/fpv5/hard/crt0.o (memset)
c:/tools/stm32cubeide_1.3.0/stm32cubeide/plugins/com.st.stm32cube.ide.mcu.externaltools.gnu-tools-for-stm32.7-2018-q2-update.win32_1.0.0.201904181610/tools/bin/../lib/gcc/arm-none-eabi/7.3.1/../../../../arm-none-eabi/lib/thumb/v7e-m/fpv5/hard\libc_nano.a(lib_a-nano-freer.o)
                              c:/tools/stm32cubeide_1.3.0/stm32cubeide/plugins/com.st.stm32cube.ide.mcu.externaltools.gnu-tools-for-stm32.7-2018-q2-update.win32_1.0.0.201904181610/tools/bin/../lib/gcc/arm-none-eabi/7.3.1/../../../../arm-none-eabi/lib/thumb/v7e-m/fpv5/hard\libc_nano.a(lib_a-malloc.o) (_free_r)
c:/tools/stm32cubeide_1.3.0/stm32cubeide/plugins/com.st.stm32cube.ide.mcu.externaltools.gnu-tools-for-stm32.7-2018-q2-update.win32_1.0.0.201904181610/tools/bin/../lib/gcc/arm-none-eabi/7.3.1/../../../../arm-none-eabi/lib/thumb/v7e-m/fpv5/hard\libc_nano.a(lib_a-nano-mallocr.o)
                              c:/tools/stm32cubeide_1.3.0/stm32cubeide/plugins/com.st.stm32cube.ide.mcu.externaltools.gnu-tools-for-stm32.7-2018-q2-update.win32_1.0.0.201904181610/tools/bin/../lib/gcc/arm-none-eabi/7.3.1/../../../../arm-none-eabi/lib/thumb/v7e-m/fpv5/hard\libc_nano.a(lib_a-malloc.o) (_malloc_r)
c:/tools/stm32cubeide_1.3.0/stm32cubeide/plugins/com.st.stm32cube.ide.mcu.externaltools.gnu-tools-for-stm32.7-2018-q2-update.win32_1.0.0.201904181610/tools/bin/../lib/gcc/arm-none-eabi/7.3.1/../../../../arm-none-eabi/lib/thumb/v7e-m/fpv5/hard\libc_nano.a(lib_a-sbrkr.o)
                              c:/tools/stm32cubeide_1.3.0/stm32cubeide/plugins/com.st.stm32cube.ide.mcu.externaltools.gnu-tools-for-stm32.7-2018-q2-update.win32_1.0.0.201904181610/tools/bin/../lib/gcc/arm-none-eabi/7.3.1/../../../../arm-none-eabi/lib/thumb/v7e-m/fpv5/hard\libc_nano.a(lib_a-nano-mallocr.o) (_sbrk_r)
[...]
Memory Configuration

Name             Origin             Length             Attributes
RAM              0x0000000020000000 0x0000000000080000 xrw
FLASH            0x0000000008000000 0x0000000000200000 xr
*default*        0x0000000000000000 0xffffffffffffffff

Linker script and memory map

LOAD c:/tools/stm32cubeide_1.3.0/stm32cubeide/plugins/com.st.stm32cube.ide.mcu.externaltools.gnu-tools-for-stm32.7-2018-q2-update.win32_1.0.0.201904181610/tools/bin/../lib/gcc/arm-none-eabi/7.3.1/thumb/v7e-m/fpv5/hard/crti.o
LOAD c:/tools/stm32cubeide_1.3.0/stm32cubeide/plugins/com.st.stm32cube.ide.mcu.externaltools.gnu-tools-for-stm32.7-2018-q2-update.win32_1.0.0.201904181610/tools/bin/../lib/gcc/arm-none-eabi/7.3.1/thumb/v7e-m/fpv5/hard/crtbegin.o
LOAD c:/tools/stm32cubeide_1.3.0/stm32cubeide/plugins/com.st.stm32cube.ide.mcu.externaltools.gnu-tools-for-stm32.7-2018-q2-update.win32_1.0.0.201904181610/tools/bin/../lib/gcc/arm-none-eabi/7.3.1/../../../../arm-none-eabi/lib/thumb/v7e-m/fpv5/hard/crt0.o
LOAD Core/Src/main.o
LOAD Core/Src/oled_i2c.o
LOAD Core/Src/stm32f7xx_hal_msp.o
LOAD Core/Src/stm32f7xx_it.o
LOAD Core/Src/syscalls.o
LOAD Core/Src/sysmem.o
LOAD Core/Src/system_stm32f7xx.o
LOAD Core/Startup/startup_stm32f767zitx.o
LOAD Drivers/STM32F7xx_HAL_Driver/Src/stm32f7xx_hal.o
LOAD Drivers/STM32F7xx_HAL_Driver/Src/stm32f7xx_hal_cortex.o
LOAD Drivers/STM32F7xx_HAL_Driver/Src/stm32f7xx_hal_dma.o
LOAD Drivers/STM32F7xx_HAL_Driver/Src/stm32f7xx_hal_dma_ex.o
LOAD Drivers/STM32F7xx_HAL_Driver/Src/stm32f7xx_hal_exti.o
LOAD Drivers/STM32F7xx_HAL_Driver/Src/stm32f7xx_hal_flash.o
LOAD Drivers/STM32F7xx_HAL_Driver/Src/stm32f7xx_hal_flash_ex.o
LOAD Drivers/STM32F7xx_HAL_Driver/Src/stm32f7xx_hal_gpio.o
LOAD Drivers/STM32F7xx_HAL_Driver/Src/stm32f7xx_hal_i2c.o
LOAD Drivers/STM32F7xx_HAL_Driver/Src/stm32f7xx_hal_i2c_ex.o
LOAD Drivers/STM32F7xx_HAL_Driver/Src/stm32f7xx_hal_pcd.o
LOAD Drivers/STM32F7xx_HAL_Driver/Src/stm32f7xx_hal_pcd_ex.o
LOAD Drivers/STM32F7xx_HAL_Driver/Src/stm32f7xx_hal_pwr.o
LOAD Drivers/STM32F7xx_HAL_Driver/Src/stm32f7xx_hal_pwr_ex.o
LOAD Drivers/STM32F7xx_HAL_Driver/Src/stm32f7xx_hal_rcc.o
LOAD Drivers/STM32F7xx_HAL_Driver/Src/stm32f7xx_hal_rcc_ex.o
LOAD Drivers/STM32F7xx_HAL_Driver/Src/stm32f7xx_hal_tim.o
LOAD Drivers/STM32F7xx_HAL_Driver/Src/stm32f7xx_hal_tim_ex.o
LOAD Drivers/STM32F7xx_HAL_Driver/Src/stm32f7xx_hal_uart.o
LOAD Drivers/STM32F7xx_HAL_Driver/Src/stm32f7xx_hal_uart_ex.o
LOAD Drivers/STM32F7xx_HAL_Driver/Src/stm32f7xx_ll_usb.o
LOAD Middlewares/ST/STM32_USB_Device_Library/Class/CDC/Src/usbd_cdc.o
LOAD Middlewares/ST/STM32_USB_Device_Library/Core/Src/usbd_core.o
LOAD Middlewares/ST/STM32_USB_Device_Library/Core/Src/usbd_ctlreq.o
LOAD Middlewares/ST/STM32_USB_Device_Library/Core/Src/usbd_ioreq.o
LOAD USB_DEVICE/App/usb_device.o
LOAD USB_DEVICE/App/usbd_cdc_if.o
LOAD USB_DEVICE/App/usbd_desc.o
LOAD USB_DEVICE/Target/usbd_conf.o
START GROUP
LOAD c:/tools/stm32cubeide_1.3.0/stm32cubeide/plugins/com.st.stm32cube.ide.mcu.externaltools.gnu-tools-for-stm32.7-2018-q2-update.win32_1.0.0.201904181610/tools/bin/../lib/gcc/arm-none-eabi/7.3.1/../../../../arm-none-eabi/lib/thumb/v7e-m/fpv5/hard\libc_nano.a
LOAD c:/tools/stm32cubeide_1.3.0/stm32cubeide/plugins/com.st.stm32cube.ide.mcu.externaltools.gnu-tools-for-stm32.7-2018-q2-update.win32_1.0.0.201904181610/tools/bin/../lib/gcc/arm-none-eabi/7.3.1/../../../../arm-none-eabi/lib/thumb/v7e-m/fpv5/hard\libm.a
END GROUP
START GROUP
LOAD c:/tools/stm32cubeide_1.3.0/stm32cubeide/plugins/com.st.stm32cube.ide.mcu.externaltools.gnu-tools-for-stm32.7-2018-q2-update.win32_1.0.0.201904181610/tools/bin/../lib/gcc/arm-none-eabi/7.3.1/thumb/v7e-m/fpv5/hard\libgcc.a
LOAD c:/tools/stm32cubeide_1.3.0/stm32cubeide/plugins/com.st.stm32cube.ide.mcu.externaltools.gnu-tools-for-stm32.7-2018-q2-update.win32_1.0.0.201904181610/tools/bin/../lib/gcc/arm-none-eabi/7.3.1/../../../../arm-none-eabi/lib/thumb/v7e-m/fpv5/hard\libc_nano.a
END GROUP
START GROUP
LOAD c:/tools/stm32cubeide_1.3.0/stm32cubeide/plugins/com.st.stm32cube.ide.mcu.externaltools.gnu-tools-for-stm32.7-2018-q2-update.win32_1.0.0.201904181610/tools/bin/../lib/gcc/arm-none-eabi/7.3.1/thumb/v7e-m/fpv5/hard\libgcc.a
LOAD c:/tools/stm32cubeide_1.3.0/stm32cubeide/plugins/com.st.stm32cube.ide.mcu.externaltools.gnu-tools-for-stm32.7-2018-q2-update.win32_1.0.0.201904181610/tools/bin/../lib/gcc/arm-none-eabi/7.3.1/../../../../arm-none-eabi/lib/thumb/v7e-m/fpv5/hard\libc_nano.a
LOAD c:/tools/stm32cubeide_1.3.0/stm32cubeide/plugins/com.st.stm32cube.ide.mcu.externaltools.gnu-tools-for-stm32.7-2018-q2-update.win32_1.0.0.201904181610/tools/bin/../lib/gcc/arm-none-eabi/7.3.1/../../../../arm-none-eabi/lib/thumb/v7e-m/fpv5/hard\libnosys.a
END GROUP
START GROUP
LOAD c:/tools/stm32cubeide_1.3.0/stm32cubeide/plugins/com.st.stm32cube.ide.mcu.externaltools.gnu-tools-for-stm32.7-2018-q2-update.win32_1.0.0.201904181610/tools/bin/../lib/gcc/arm-none-eabi/7.3.1/thumb/v7e-m/fpv5/hard\libgcc.a
LOAD c:/tools/stm32cubeide_1.3.0/stm32cubeide/plugins/com.st.stm32cube.ide.mcu.externaltools.gnu-tools-for-stm32.7-2018-q2-update.win32_1.0.0.201904181610/tools/bin/../lib/gcc/arm-none-eabi/7.3.1/../../../../arm-none-eabi/lib/thumb/v7e-m/fpv5/hard\libc_nano.a
LOAD c:/tools/stm32cubeide_1.3.0/stm32cubeide/plugins/com.st.stm32cube.ide.mcu.externaltools.gnu-tools-for-stm32.7-2018-q2-update.win32_1.0.0.201904181610/tools/bin/../lib/gcc/arm-none-eabi/7.3.1/../../../../arm-none-eabi/lib/thumb/v7e-m/fpv5/hard\libnosys.a
END GROUP
LOAD c:/tools/stm32cubeide_1.3.0/stm32cubeide/plugins/com.st.stm32cube.ide.mcu.externaltools.gnu-tools-for-stm32.7-2018-q2-update.win32_1.0.0.201904181610/tools/bin/../lib/gcc/arm-none-eabi/7.3.1/thumb/v7e-m/fpv5/hard/crtend.o
LOAD c:/tools/stm32cubeide_1.3.0/stm32cubeide/plugins/com.st.stm32cube.ide.mcu.externaltools.gnu-tools-for-stm32.7-2018-q2-update.win32_1.0.0.201904181610/tools/bin/../lib/gcc/arm-none-eabi/7.3.1/thumb/v7e-m/fpv5/hard/crtn.o
                0x0000000020080000                _estack = (ORIGIN (RAM) + LENGTH (RAM))
                0x0000000000000200                _Min_Heap_Size = 0x200
                0x0000000000000400                _Min_Stack_Size = 0x400

.isr_vector     0x0000000008000000      0x1f8
                0x0000000008000000                . = ALIGN (0x4)
 *(.isr_vector)
 .isr_vector    0x0000000008000000      0x1f8 Core/Startup/startup_stm32f767zitx.o
                0x0000000008000000                g_pfnVectors
                0x00000000080001f8                . = ALIGN (0x4)

.text           0x00000000080001f8     0x7cb4
                0x00000000080001f8                . = ALIGN (0x4)
 *(.text)
 .text          0x00000000080001f8       0x40 c:/tools/stm32cubeide_1.3.0/stm32cubeide/plugins/com.st.stm32cube.ide.mcu.externaltools.gnu-tools-for-stm32.7-2018-q2-update.win32_1.0.0.201904181610/tools/bin/../lib/gcc/arm-none-eabi/7.3.1/thumb/v7e-m/fpv5/hard/crtbegin.o
 .text          0x0000000008000238       0x30 c:/tools/stm32cubeide_1.3.0/stm32cubeide/plugins/com.st.stm32cube.ide.mcu.externaltools.gnu-tools-for-stm32.7-2018-q2-update.win32_1.0.0.201904181610/tools/bin/../lib/gcc/arm-none-eabi/7.3.1/thumb/v7e-m/fpv5/hard\libgcc.a(_aeabi_uldivmod.o)
                0x0000000008000238                __aeabi_uldivmod
 .text          0x0000000008000268      0x2cc c:/tools/stm32cubeide_1.3.0/stm32cubeide/plugins/com.st.stm32cube.ide.mcu.externaltools.gnu-tools-for-stm32.7-2018-q2-update.win32_1.0.0.201904181610/tools/bin/../lib/gcc/arm-none-eabi/7.3.1/thumb/v7e-m/fpv5/hard\libgcc.a(_udivmoddi4.o)
                0x0000000008000268                __udivmoddi4
 .text          0x0000000008000534        0x4 c:/tools/stm32cubeide_1.3.0/stm32cubeide/plugins/com.st.stm32cube.ide.mcu.externaltools.gnu-tools-for-stm32.7-2018-q2-update.win32_1.0.0.201904181610/tools/bin/../lib/gcc/arm-none-eabi/7.3.1/thumb/v7e-m/fpv5/hard\libgcc.a(_dvmd_tls.o)
                0x0000000008000534                __aeabi_idiv0
                0x0000000008000534                __aeabi_ldiv0
 *(.text*)
 .text.main     0x0000000008000538       0x3c Core/Src/main.o
                0x0000000008000538                main
 .text.SystemClock_Config
                0x0000000008000574      0x12c Core/Src/main.o
                0x0000000008000574                SystemClock_Config
 .text.MX_USART3_UART_Init
                0x00000000080006a0       0x60 Core/Src/main.o
 .text.MX_GPIO_Init
                0x0000000008000700      0x1ac Core/Src/main.o
 .text.Error_Handler
                0x00000000080008ac        0xe Core/Src/main.o
                0x00000000080008ac                Error_Handler
 .text.OLED_Init
                0x00000000080008ba       0xa2 Core/Src/oled_i2c.o
                0x00000000080008ba                OLED_Init
 .text.OLED_Clear
                0x000000000800095c       0x88 Core/Src/oled_i2c.o
                0x000000000800095c                OLED_Clear
 .text.OLED_SetCursor
                0x00000000080009e4       0x70 Core/Src/oled_i2c.o
                0x00000000080009e4                OLED_SetCursor
 .text.OLED_DisplayLogo
                0x0000000008000a54       0x48 Core/Src/oled_i2c.o
                0x0000000008000a54                OLED_DisplayLogo
 .text.oledSendStart
                0x0000000008000a9c       0x38 Core/Src/oled_i2c.o
                0x0000000008000a9c                oledSendStart
 .text.oledSendStop
                0x0000000008000ad4       0x20 Core/Src/oled_i2c.o
                0x0000000008000ad4                oledSendStop
 .text.oledWaitForAck
                0x0000000008000af4       0x1a Core/Src/oled_i2c.o
                0x0000000008000af4                oledWaitForAck
 .text.oledSendByte
                0x0000000008000b0e       0x5a Core/Src/oled_i2c.o
                0x0000000008000b0e                oledSendByte
 .text.oledSendCommand
                0x0000000008000b68       0x2a Core/Src/oled_i2c.o
                0x0000000008000b68                oledSendCommand
 *fill*         0x0000000008000b92        0x2 
 .text.SDA      0x0000000008000b94       0x38 Core/Src/oled_i2c.o
                0x0000000008000b94                SDA
 .text.SCL      0x0000000008000bcc       0x38 Core/Src/oled_i2c.o
                0x0000000008000bcc                SCL
 .text.HAL_MspInit
                0x0000000008000c04       0x48 Core/Src/stm32f7xx_hal_msp.o
                0x0000000008000c04                HAL_MspInit
 .text.HAL_UART_MspInit
                0x0000000008000c4c       0x88 Core/Src/stm32f7xx_hal_msp.o
                0x0000000008000c4c                HAL_UART_MspInit
 .text.NMI_Handler
                0x0000000008000cd4        0xe Core/Src/stm32f7xx_it.o
                0x0000000008000cd4                NMI_Handler
 .text.HardFault_Handler
                0x0000000008000ce2        0x6 Core/Src/stm32f7xx_it.o
                0x0000000008000ce2                HardFault_Handler
 .text.MemManage_Handler
                0x0000000008000ce8        0x6 Core/Src/stm32f7xx_it.o
                0x0000000008000ce8                MemManage_Handler
 .text.BusFault_Handler
                0x0000000008000cee        0x6 Core/Src/stm32f7xx_it.o
                0x0000000008000cee                BusFault_Handler
 .text.UsageFault_Handler
                0x0000000008000cf4        0x6 Core/Src/stm32f7xx_it.o
                0x0000000008000cf4                UsageFault_Handler
 .text.SVC_Handler
                0x0000000008000cfa        0xe Core/Src/stm32f7xx_it.o
                0x0000000008000cfa                SVC_Handler
 .text.DebugMon_Handler
                0x0000000008000d08        0xe Core/Src/stm32f7xx_it.o
                0x0000000008000d08                DebugMon_Handler
 .text.PendSV_Handler
                0x0000000008000d16        0xe Core/Src/stm32f7xx_it.o
                0x0000000008000d16                PendSV_Handler
 .text.SysTick_Handler
                0x0000000008000d24        0xc Core/Src/stm32f7xx_it.o
                0x0000000008000d24                SysTick_Handler
 .text.OTG_FS_IRQHandler
                0x0000000008000d30       0x14 Core/Src/stm32f7xx_it.o
                0x0000000008000d30                OTG_FS_IRQHandler
 .text._sbrk    0x0000000008000d44       0x58 Core/Src/sysmem.o
                0x0000000008000d44                _sbrk
 .text.SystemInit
                0x0000000008000d9c       0x2c Core/Src/system_stm32f7xx.o
                0x0000000008000d9c                SystemInit
 .text.Reset_Handler
                0x0000000008000dc8       0x50 Core/Startup/startup_stm32f767zitx.o
                0x0000000008000dc8                Reset_Handler
 .text.Default_Handler
                0x0000000008000e18        0x2 Core/Startup/startup_stm32f767zitx.o
                0x0000000008000e18                RTC_Alarm_IRQHandler
                0x0000000008000e18                EXTI2_IRQHandler
                0x0000000008000e18                TIM8_CC_IRQHandler
                0x0000000008000e18                UART8_IRQHandler
                0x0000000008000e18                SPI4_IRQHandler
                0x0000000008000e18                TIM1_CC_IRQHandler
                0x0000000008000e18                DMA2_Stream5_IRQHandler
                0x0000000008000e18                JPEG_IRQHandler
                0x0000000008000e18                DMA1_Stream5_IRQHandler
                0x0000000008000e18                CAN3_RX1_IRQHandler
                0x0000000008000e18                PVD_IRQHandler
                0x0000000008000e18                TAMP_STAMP_IRQHandler
                0x0000000008000e18                CAN2_RX1_IRQHandler
                0x0000000008000e18                EXTI3_IRQHandler
                0x0000000008000e18                TIM8_TRG_COM_TIM14_IRQHandler
                0x0000000008000e18                DFSDM1_FLT1_IRQHandler
                0x0000000008000e18                TIM1_UP_TIM10_IRQHandler
                0x0000000008000e18                TIM8_UP_TIM13_IRQHandler
                0x0000000008000e18                I2C3_ER_IRQHandler
                0x0000000008000e18                DFSDM1_FLT2_IRQHandler
                0x0000000008000e18                EXTI0_IRQHandler
                0x0000000008000e18                I2C2_EV_IRQHandler
                0x0000000008000e18                DMA1_Stream2_IRQHandler
                0x0000000008000e18                CAN1_RX0_IRQHandler
                0x0000000008000e18                FPU_IRQHandler
                0x0000000008000e18                OTG_HS_WKUP_IRQHandler
                0x0000000008000e18                CAN3_SCE_IRQHandler
                0x0000000008000e18                LTDC_ER_IRQHandler
                0x0000000008000e18                CAN2_SCE_IRQHandler
                0x0000000008000e18                DMA2_Stream2_IRQHandler
                0x0000000008000e18                SPI1_IRQHandler
                0x0000000008000e18                TIM6_DAC_IRQHandler
                0x0000000008000e18                TIM1_BRK_TIM9_IRQHandler
                0x0000000008000e18                DCMI_IRQHandler
                0x0000000008000e18                CAN2_RX0_IRQHandler
                0x0000000008000e18                DMA2_Stream3_IRQHandler
                0x0000000008000e18                SAI2_IRQHandler
                0x0000000008000e18                DFSDM1_FLT3_IRQHandler
                0x0000000008000e18                USART6_IRQHandler
                0x0000000008000e18                CAN3_RX0_IRQHandler
                0x0000000008000e18                USART3_IRQHandler
                0x0000000008000e18                CAN1_RX1_IRQHandler
                0x0000000008000e18                UART5_IRQHandler
                0x0000000008000e18                DMA2_Stream0_IRQHandler
                0x0000000008000e18                TIM4_IRQHandler
                0x0000000008000e18                QUADSPI_IRQHandler
                0x0000000008000e18                I2C1_EV_IRQHandler
                0x0000000008000e18                DMA1_Stream6_IRQHandler
                0x0000000008000e18                DMA1_Stream1_IRQHandler
                0x0000000008000e18                UART4_IRQHandler
                0x0000000008000e18                TIM3_IRQHandler
                0x0000000008000e18                RCC_IRQHandler
                0x0000000008000e18                TIM8_BRK_TIM12_IRQHandler
                0x0000000008000e18                Default_Handler
                0x0000000008000e18                CEC_IRQHandler
                0x0000000008000e18                EXTI15_10_IRQHandler
                0x0000000008000e18                ADC_IRQHandler
                0x0000000008000e18                DMA1_Stream7_IRQHandler
                0x0000000008000e18                SPI5_IRQHandler
                0x0000000008000e18                TIM7_IRQHandler
                0x0000000008000e18                SDMMC1_IRQHandler
                0x0000000008000e18                CAN2_TX_IRQHandler
                0x0000000008000e18                TIM5_IRQHandler
                0x0000000008000e18                DMA2_Stream7_IRQHandler
                0x0000000008000e18                I2C3_EV_IRQHandler
                0x0000000008000e18                EXTI9_5_IRQHandler
                0x0000000008000e18                RTC_WKUP_IRQHandler
                0x0000000008000e18                LTDC_IRQHandler
                0x0000000008000e18                ETH_WKUP_IRQHandler
                0x0000000008000e18                SPDIF_RX_IRQHandler
                0x0000000008000e18                SPI2_IRQHandler
                0x0000000008000e18                OTG_HS_EP1_IN_IRQHandler
                0x0000000008000e18                DMA1_Stream0_IRQHandler
                0x0000000008000e18                CAN1_TX_IRQHandler
                0x0000000008000e18                EXTI4_IRQHandler
                0x0000000008000e18                RNG_IRQHandler
                0x0000000008000e18                ETH_IRQHandler
                0x0000000008000e18                OTG_HS_EP1_OUT_IRQHandler
                0x0000000008000e18                WWDG_IRQHandler
                0x0000000008000e18                SPI6_IRQHandler
                0x0000000008000e18                MDIOS_IRQHandler
                0x0000000008000e18                I2C4_EV_IRQHandler
                0x0000000008000e18                CAN3_TX_IRQHandler
                0x0000000008000e18                TIM2_IRQHandler
                0x0000000008000e18                OTG_FS_WKUP_IRQHandler
                0x0000000008000e18                TIM1_TRG_COM_TIM11_IRQHandler
                0x0000000008000e18                OTG_HS_IRQHandler
                0x0000000008000e18                DMA2D_IRQHandler
                0x0000000008000e18                EXTI1_IRQHandler
                0x0000000008000e18                SDMMC2_IRQHandler
                0x0000000008000e18                UART7_IRQHandler
                0x0000000008000e18                USART2_IRQHandler
                0x0000000008000e18                DFSDM1_FLT0_IRQHandler
                0x0000000008000e18                I2C2_ER_IRQHandler
                0x0000000008000e18                DMA2_Stream1_IRQHandler
                0x0000000008000e18                CAN1_SCE_IRQHandler
                0x0000000008000e18                FLASH_IRQHandler
                0x0000000008000e18                DMA2_Stream4_IRQHandler
                0x0000000008000e18                USART1_IRQHandler
                0x0000000008000e18                SPI3_IRQHandler
                0x0000000008000e18                DMA1_Stream4_IRQHandler
                0x0000000008000e18                I2C1_ER_IRQHandler
                0x0000000008000e18                FMC_IRQHandler
                0x0000000008000e18                LPTIM1_IRQHandler
                0x0000000008000e18                I2C4_ER_IRQHandler
                0x0000000008000e18                DMA2_Stream6_IRQHandler
                0x0000000008000e18                SAI1_IRQHandler
                0x0000000008000e18                DMA1_Stream3_IRQHandler
 .text.HAL_Init
                0x0000000008000e1a       0x1a Drivers/STM32F7xx_HAL_Driver/Src/stm32f7xx_hal.o
                0x0000000008000e1a                HAL_Init
 .text.HAL_InitTick
                0x0000000008000e34       0x60 Drivers/STM32F7xx_HAL_Driver/Src/stm32f7xx_hal.o
                0x0000000008000e34                HAL_InitTick
 .text.HAL_IncTick
                0x0000000008000e94       0x28 Drivers/STM32F7xx_HAL_Driver/Src/stm32f7xx_hal.o
                0x0000000008000e94                HAL_IncTick
 .text.HAL_GetTick
                0x0000000008000ebc       0x18 Drivers/STM32F7xx_HAL_Driver/Src/stm32f7xx_hal.o
                0x0000000008000ebc                HAL_GetTick
 .text.HAL_Delay
                0x0000000008000ed4       0x44 Drivers/STM32F7xx_HAL_Driver/Src/stm32f7xx_hal.o
                0x0000000008000ed4                HAL_Delay
 .text.__NVIC_SetPriorityGrouping
                0x0000000008000f18       0x48 Drivers/STM32F7xx_HAL_Driver/Src/stm32f7xx_hal_cortex.o
 .text.__NVIC_GetPriorityGrouping
                0x0000000008000f60       0x1c Drivers/STM32F7xx_HAL_Driver/Src/stm32f7xx_hal_cortex.o
 .text.__NVIC_EnableIRQ
                0x0000000008000f7c       0x3c Drivers/STM32F7xx_HAL_Driver/Src/stm32f7xx_hal_cortex.o
 .text.__NVIC_SetPriority
                0x0000000008000fb8       0x54 Drivers/STM32F7xx_HAL_Driver/Src/stm32f7xx_hal_cortex.o
 .text.NVIC_EncodePriority
                0x000000000800100c       0x66 Drivers/STM32F7xx_HAL_Driver/Src/stm32f7xx_hal_cortex.o
 *fill*         0x0000000008001072        0x2 
 .text.SysTick_Config
                0x0000000008001074       0x44 Drivers/STM32F7xx_HAL_Driver/Src/stm32f7xx_hal_cortex.o
 .text.HAL_NVIC_SetPriorityGrouping
                0x00000000080010b8       0x16 Drivers/STM32F7xx_HAL_Driver/Src/stm32f7xx_hal_cortex.o
                0x00000000080010b8                HAL_NVIC_SetPriorityGrouping
 .text.HAL_NVIC_SetPriority
                0x00000000080010ce       0x38 Drivers/STM32F7xx_HAL_Driver/Src/stm32f7xx_hal_cortex.o
                0x00000000080010ce                HAL_NVIC_SetPriority
 .text.HAL_NVIC_EnableIRQ
                0x0000000008001106       0x1c Drivers/STM32F7xx_HAL_Driver/Src/stm32f7xx_hal_cortex.o
                0x0000000008001106                HAL_NVIC_EnableIRQ
 .text.HAL_SYSTICK_Config
                0x0000000008001122       0x18 Drivers/STM32F7xx_HAL_Driver/Src/stm32f7xx_hal_cortex.o
                0x0000000008001122                HAL_SYSTICK_Config
 *fill*         0x000000000800113a        0x2 
 .text.HAL_GPIO_Init
                0x000000000800113c      0x354 Drivers/STM32F7xx_HAL_Driver/Src/stm32f7xx_hal_gpio.o
                0x000000000800113c                HAL_GPIO_Init
 .text.HAL_GPIO_WritePin
                0x0000000008001490       0x32 Drivers/STM32F7xx_HAL_Driver/Src/stm32f7xx_hal_gpio.o
                0x0000000008001490                HAL_GPIO_WritePin
 .text.HAL_PCD_Init
                0x00000000080014c2      0x248 Drivers/STM32F7xx_HAL_Driver/Src/stm32f7xx_hal_pcd.o
                0x00000000080014c2                HAL_PCD_Init
 .text.HAL_PCD_Start
                0x000000000800170a       0x44 Drivers/STM32F7xx_HAL_Driver/Src/stm32f7xx_hal_pcd.o
                0x000000000800170a                HAL_PCD_Start
 .text.HAL_PCD_IRQHandler
                0x000000000800174e      0x7be Drivers/STM32F7xx_HAL_Driver/Src/stm32f7xx_hal_pcd.o
                0x000000000800174e                HAL_PCD_IRQHandler
 .text.HAL_PCD_SetAddress
                0x0000000008001f0c       0x4a Drivers/STM32F7xx_HAL_Driver/Src/stm32f7xx_hal_pcd.o
                0x0000000008001f0c                HAL_PCD_SetAddress
 .text.HAL_PCD_EP_Open
                0x0000000008001f56       0xd0 Drivers/STM32F7xx_HAL_Driver/Src/stm32f7xx_hal_pcd.o
                0x0000000008001f56                HAL_PCD_EP_Open
 .text.HAL_PCD_EP_Close
                0x0000000008002026       0x94 Drivers/STM32F7xx_HAL_Driver/Src/stm32f7xx_hal_pcd.o
                0x0000000008002026                HAL_PCD_EP_Close
 .text.HAL_PCD_EP_Receive
                0x00000000080020ba       0x96 Drivers/STM32F7xx_HAL_Driver/Src/stm32f7xx_hal_pcd.o
                0x00000000080020ba                HAL_PCD_EP_Receive
 .text.HAL_PCD_EP_GetRxCount
                0x0000000008002150       0x30 Drivers/STM32F7xx_HAL_Driver/Src/stm32f7xx_hal_pcd.o
                0x0000000008002150                HAL_PCD_EP_GetRxCount
 .text.HAL_PCD_EP_Transmit
                0x0000000008002180       0x94 Drivers/STM32F7xx_HAL_Driver/Src/stm32f7xx_hal_pcd.o
                0x0000000008002180                HAL_PCD_EP_Transmit
 .text.HAL_PCD_EP_SetStall
                0x0000000008002214       0xc8 Drivers/STM32F7xx_HAL_Driver/Src/stm32f7xx_hal_pcd.o
                0x0000000008002214                HAL_PCD_EP_SetStall
 .text.HAL_PCD_EP_ClrStall
                0x00000000080022dc       0xac Drivers/STM32F7xx_HAL_Driver/Src/stm32f7xx_hal_pcd.o
                0x00000000080022dc                HAL_PCD_EP_ClrStall
 .text.PCD_WriteEmptyTxFifo
                0x0000000008002388      0x11a Drivers/STM32F7xx_HAL_Driver/Src/stm32f7xx_hal_pcd.o
 *fill*         0x00000000080024a2        0x2 
 .text.PCD_EP_OutXfrComplete_int
                0x00000000080024a4      0x218 Drivers/STM32F7xx_HAL_Driver/Src/stm32f7xx_hal_pcd.o
 .text.PCD_EP_OutSetupPacket_int
                0x00000000080026bc       0x8c Drivers/STM32F7xx_HAL_Driver/Src/stm32f7xx_hal_pcd.o
 .text.HAL_PCDEx_SetTxFiFo
                0x0000000008002748       0x8e Drivers/STM32F7xx_HAL_Driver/Src/stm32f7xx_hal_pcd_ex.o
                0x0000000008002748                HAL_PCDEx_SetTxFiFo
 .text.HAL_PCDEx_SetRxFiFo
                0x00000000080027d6       0x22 Drivers/STM32F7xx_HAL_Driver/Src/stm32f7xx_hal_pcd_ex.o
                0x00000000080027d6                HAL_PCDEx_SetRxFiFo
 .text.HAL_PCDEx_ActivateLPM
                0x00000000080027f8       0x48 Drivers/STM32F7xx_HAL_Driver/Src/stm32f7xx_hal_pcd_ex.o
                0x00000000080027f8                HAL_PCDEx_ActivateLPM
 .text.HAL_PWR_EnableBkUpAccess
                0x0000000008002840       0x20 Drivers/STM32F7xx_HAL_Driver/Src/stm32f7xx_hal_pwr.o
                0x0000000008002840                HAL_PWR_EnableBkUpAccess
 .text.HAL_PWREx_EnableOverDrive
                0x0000000008002860       0xa0 Drivers/STM32F7xx_HAL_Driver/Src/stm32f7xx_hal_pwr_ex.o
                0x0000000008002860                HAL_PWREx_EnableOverDrive
 .text.HAL_RCC_OscConfig
                0x0000000008002900      0x55c Drivers/STM32F7xx_HAL_Driver/Src/stm32f7xx_hal_rcc.o
                0x0000000008002900                HAL_RCC_OscConfig
 .text.HAL_RCC_ClockConfig
                0x0000000008002e5c      0x1d8 Drivers/STM32F7xx_HAL_Driver/Src/stm32f7xx_hal_rcc.o
                0x0000000008002e5c                HAL_RCC_ClockConfig
 .text.HAL_RCC_GetSysClockFreq
                0x0000000008003034      0x1b0 Drivers/STM32F7xx_HAL_Driver/Src/stm32f7xx_hal_rcc.o
                0x0000000008003034                HAL_RCC_GetSysClockFreq
 .text.HAL_RCC_GetHCLKFreq
                0x00000000080031e4       0x18 Drivers/STM32F7xx_HAL_Driver/Src/stm32f7xx_hal_rcc.o
                0x00000000080031e4                HAL_RCC_GetHCLKFreq
 .text.HAL_RCC_GetPCLK1Freq
                0x00000000080031fc       0x28 Drivers/STM32F7xx_HAL_Driver/Src/stm32f7xx_hal_rcc.o
                0x00000000080031fc                HAL_RCC_GetPCLK1Freq
 .text.HAL_RCC_GetPCLK2Freq
                0x0000000008003224       0x28 Drivers/STM32F7xx_HAL_Driver/Src/stm32f7xx_hal_rcc.o
                0x0000000008003224                HAL_RCC_GetPCLK2Freq
 .text.HAL_RCCEx_PeriphCLKConfig
                0x000000000800324c      0x84c Drivers/STM32F7xx_HAL_Driver/Src/stm32f7xx_hal_rcc_ex.o
                0x000000000800324c                HAL_RCCEx_PeriphCLKConfig
 .text.HAL_UART_Init
                0x0000000008003a98       0x9c Drivers/STM32F7xx_HAL_Driver/Src/stm32f7xx_hal_uart.o
                0x0000000008003a98                HAL_UART_Init
 .text.UART_SetConfig
                0x0000000008003b34      0x554 Drivers/STM32F7xx_HAL_Driver/Src/stm32f7xx_hal_uart.o
                0x0000000008003b34                UART_SetConfig
 .text.UART_AdvFeatureConfig
                0x0000000008004088      0x144 Drivers/STM32F7xx_HAL_Driver/Src/stm32f7xx_hal_uart.o
                0x0000000008004088                UART_AdvFeatureConfig
 .text.UART_CheckIdleState
                0x00000000080041cc       0x8a Drivers/STM32F7xx_HAL_Driver/Src/stm32f7xx_hal_uart.o
                0x00000000080041cc                UART_CheckIdleState
 .text.UART_WaitOnFlagUntilTimeout
                0x0000000008004256       0xf6 Drivers/STM32F7xx_HAL_Driver/Src/stm32f7xx_hal_uart.o
                0x0000000008004256                UART_WaitOnFlagUntilTimeout
 .text.USB_CoreInit
                0x000000000800434c       0xb0 Drivers/STM32F7xx_HAL_Driver/Src/stm32f7xx_ll_usb.o
                0x000000000800434c                USB_CoreInit
 .text.USB_SetTurnaroundTime
                0x00000000080043fc      0x144 Drivers/STM32F7xx_HAL_Driver/Src/stm32f7xx_ll_usb.o
                0x00000000080043fc                USB_SetTurnaroundTime
 .text.USB_EnableGlobalInt
                0x0000000008004540       0x22 Drivers/STM32F7xx_HAL_Driver/Src/stm32f7xx_ll_usb.o
                0x0000000008004540                USB_EnableGlobalInt
 .text.USB_DisableGlobalInt
                0x0000000008004562       0x22 Drivers/STM32F7xx_HAL_Driver/Src/stm32f7xx_ll_usb.o
                0x0000000008004562                USB_DisableGlobalInt
 .text.USB_SetCurrentMode
                0x0000000008004584       0x54 Drivers/STM32F7xx_HAL_Driver/Src/stm32f7xx_ll_usb.o
                0x0000000008004584                USB_SetCurrentMode
 .text.USB_DevInit
                0x00000000080045d8      0x2dc Drivers/STM32F7xx_HAL_Driver/Src/stm32f7xx_ll_usb.o
                0x00000000080045d8                USB_DevInit
 .text.USB_FlushTxFifo
                0x00000000080048b4       0x4c Drivers/STM32F7xx_HAL_Driver/Src/stm32f7xx_ll_usb.o
                0x00000000080048b4                USB_FlushTxFifo
 .text.USB_FlushRxFifo
                0x0000000008004900       0x44 Drivers/STM32F7xx_HAL_Driver/Src/stm32f7xx_ll_usb.o
                0x0000000008004900                USB_FlushRxFifo
 .text.USB_SetDevSpeed
                0x0000000008004944       0x32 Drivers/STM32F7xx_HAL_Driver/Src/stm32f7xx_ll_usb.o
                0x0000000008004944                USB_SetDevSpeed
 .text.USB_GetDevSpeed
                0x0000000008004976       0x4a Drivers/STM32F7xx_HAL_Driver/Src/stm32f7xx_ll_usb.o
                0x0000000008004976                USB_GetDevSpeed
 .text.USB_ActivateEndpoint
                0x00000000080049c0      0x110 Drivers/STM32F7xx_HAL_Driver/Src/stm32f7xx_ll_usb.o
                0x00000000080049c0                USB_ActivateEndpoint
 .text.USB_DeactivateEndpoint
                0x0000000008004ad0      0x1b8 Drivers/STM32F7xx_HAL_Driver/Src/stm32f7xx_ll_usb.o
                0x0000000008004ad0                USB_DeactivateEndpoint
 .text.USB_EPStartXfer
                0x0000000008004c88      0x498 Drivers/STM32F7xx_HAL_Driver/Src/stm32f7xx_ll_usb.o
                0x0000000008004c88                USB_EPStartXfer
 .text.USB_EP0StartXfer
                0x0000000008005120      0x2b0 Drivers/STM32F7xx_HAL_Driver/Src/stm32f7xx_ll_usb.o
                0x0000000008005120                USB_EP0StartXfer
 .text.USB_WritePacket
                0x00000000080053d0       0x6a Drivers/STM32F7xx_HAL_Driver/Src/stm32f7xx_ll_usb.o
                0x00000000080053d0                USB_WritePacket
 .text.USB_ReadPacket
                0x000000000800543a       0x52 Drivers/STM32F7xx_HAL_Driver/Src/stm32f7xx_ll_usb.o
                0x000000000800543a                USB_ReadPacket
 .text.USB_EPSetStall
                0x000000000800548c       0xdc Drivers/STM32F7xx_HAL_Driver/Src/stm32f7xx_ll_usb.o
                0x000000000800548c                USB_EPSetStall
 .text.USB_EPClearStall
                0x0000000008005568       0xcc Drivers/STM32F7xx_HAL_Driver/Src/stm32f7xx_ll_usb.o
                0x0000000008005568                USB_EPClearStall
 .text.USB_SetDevAddress
                0x0000000008005634       0x4c Drivers/STM32F7xx_HAL_Driver/Src/stm32f7xx_ll_usb.o
                0x0000000008005634                USB_SetDevAddress
 .text.USB_DevConnect
                0x0000000008005680       0x30 Drivers/STM32F7xx_HAL_Driver/Src/stm32f7xx_ll_usb.o
                0x0000000008005680                USB_DevConnect
 .text.USB_DevDisconnect
                0x00000000080056b0       0x30 Drivers/STM32F7xx_HAL_Driver/Src/stm32f7xx_ll_usb.o
                0x00000000080056b0                USB_DevDisconnect
 .text.USB_ReadInterrupts
                0x00000000080056e0       0x26 Drivers/STM32F7xx_HAL_Driver/Src/stm32f7xx_ll_usb.o
                0x00000000080056e0                USB_ReadInterrupts
 .text.USB_ReadDevAllOutEpInterrupt
                0x0000000008005706       0x34 Drivers/STM32F7xx_HAL_Driver/Src/stm32f7xx_ll_usb.o
                0x0000000008005706                USB_ReadDevAllOutEpInterrupt
 .text.USB_ReadDevAllInEpInterrupt
                0x000000000800573a       0x34 Drivers/STM32F7xx_HAL_Driver/Src/stm32f7xx_ll_usb.o
                0x000000000800573a                USB_ReadDevAllInEpInterrupt
 .text.USB_ReadDevOutEPInterrupt
                0x000000000800576e       0x3c Drivers/STM32F7xx_HAL_Driver/Src/stm32f7xx_ll_usb.o
                0x000000000800576e                USB_ReadDevOutEPInterrupt
 .text.USB_ReadDevInEPInterrupt
                0x00000000080057aa       0x5c Drivers/STM32F7xx_HAL_Driver/Src/stm32f7xx_ll_usb.o
                0x00000000080057aa                USB_ReadDevInEPInterrupt
 .text.USB_GetMode
                0x0000000008005806       0x1c Drivers/STM32F7xx_HAL_Driver/Src/stm32f7xx_ll_usb.o
                0x0000000008005806                USB_GetMode
 *fill*         0x0000000008005822        0x2 
 .text.USB_ActivateSetup
                0x0000000008005824       0x48 Drivers/STM32F7xx_HAL_Driver/Src/stm32f7xx_ll_usb.o
                0x0000000008005824                USB_ActivateSetup
 .text.USB_EP0_OutStart
                0x000000000800586c       0xbc Drivers/STM32F7xx_HAL_Driver/Src/stm32f7xx_ll_usb.o
                0x000000000800586c                USB_EP0_OutStart
 .text.USB_CoreReset
                0x0000000008005928       0x68 Drivers/STM32F7xx_HAL_Driver/Src/stm32f7xx_ll_usb.o
 .text.USBD_CDC_Init
                0x0000000008005990      0x100 Middlewares/ST/STM32_USB_Device_Library/Class/CDC/Src/usbd_cdc.o
 .text.USBD_CDC_DeInit
                0x0000000008005a90       0x78 Middlewares/ST/STM32_USB_Device_Library/Class/CDC/Src/usbd_cdc.o
 .text.USBD_CDC_Setup
                0x0000000008005b08      0x178 Middlewares/ST/STM32_USB_Device_Library/Class/CDC/Src/usbd_cdc.o
 .text.USBD_CDC_DataIn
                0x0000000008005c80       0xbe Middlewares/ST/STM32_USB_Device_Library/Class/CDC/Src/usbd_cdc.o
 .text.USBD_CDC_DataOut
                0x0000000008005d3e       0x56 Middlewares/ST/STM32_USB_Device_Library/Class/CDC/Src/usbd_cdc.o
 .text.USBD_CDC_EP0_RxReady
                0x0000000008005d94       0x50 Middlewares/ST/STM32_USB_Device_Library/Class/CDC/Src/usbd_cdc.o
 .text.USBD_CDC_GetFSCfgDesc
                0x0000000008005de4       0x20 Middlewares/ST/STM32_USB_Device_Library/Class/CDC/Src/usbd_cdc.o
 .text.USBD_CDC_GetHSCfgDesc
                0x0000000008005e04       0x20 Middlewares/ST/STM32_USB_Device_Library/Class/CDC/Src/usbd_cdc.o
 .text.USBD_CDC_GetOtherSpeedCfgDesc
                0x0000000008005e24       0x20 Middlewares/ST/STM32_USB_Device_Library/Class/CDC/Src/usbd_cdc.o
 .text.USBD_CDC_GetDeviceQualifierDescriptor
                0x0000000008005e44       0x20 Middlewares/ST/STM32_USB_Device_Library/Class/CDC/Src/usbd_cdc.o
                0x0000000008005e44                USBD_CDC_GetDeviceQualifierDescriptor
 .text.USBD_CDC_RegisterInterface
                0x0000000008005e64       0x2a Middlewares/ST/STM32_USB_Device_Library/Class/CDC/Src/usbd_cdc.o
                0x0000000008005e64                USBD_CDC_RegisterInterface
 .text.USBD_CDC_SetTxBuffer
                0x0000000008005e8e       0x32 Middlewares/ST/STM32_USB_Device_Library/Class/CDC/Src/usbd_cdc.o
                0x0000000008005e8e                USBD_CDC_SetTxBuffer
 .text.USBD_CDC_SetRxBuffer
                0x0000000008005ec0       0x28 Middlewares/ST/STM32_USB_Device_Library/Class/CDC/Src/usbd_cdc.o
                0x0000000008005ec0                USBD_CDC_SetRxBuffer
 .text.USBD_CDC_ReceivePacket
                0x0000000008005ee8       0x54 Middlewares/ST/STM32_USB_Device_Library/Class/CDC/Src/usbd_cdc.o
                0x0000000008005ee8                USBD_CDC_ReceivePacket
 .text.USBD_Init
                0x0000000008005f3c       0x6c Middlewares/ST/STM32_USB_Device_Library/Core/Src/usbd_core.o
                0x0000000008005f3c                USBD_Init
 .text.USBD_RegisterClass
                0x0000000008005fa8       0x42 Middlewares/ST/STM32_USB_Device_Library/Core/Src/usbd_core.o
                0x0000000008005fa8                USBD_RegisterClass
 .text.USBD_Start
                0x0000000008005fea       0x18 Middlewares/ST/STM32_USB_Device_Library/Core/Src/usbd_core.o
                0x0000000008005fea                USBD_Start
 .text.USBD_RunTestMode
                0x0000000008006002       0x16 Middlewares/ST/STM32_USB_Device_Library/Core/Src/usbd_core.o
                0x0000000008006002                USBD_RunTestMode
 .text.USBD_SetClassConfig
                0x0000000008006018       0x38 Middlewares/ST/STM32_USB_Device_Library/Core/Src/usbd_core.o
                0x0000000008006018                USBD_SetClassConfig
 .text.USBD_ClrClassConfig
                0x0000000008006050       0x30 Middlewares/ST/STM32_USB_Device_Library/Core/Src/usbd_core.o
                0x0000000008006050                USBD_ClrClassConfig
 .text.USBD_LL_SetupStage
                0x0000000008006080       0xa6 Middlewares/ST/STM32_USB_Device_Library/Core/Src/usbd_core.o
                0x0000000008006080                USBD_LL_SetupStage
 .text.USBD_LL_DataOutStage
                0x0000000008006126       0xc6 Middlewares/ST/STM32_USB_Device_Library/Core/Src/usbd_core.o
                0x0000000008006126                USBD_LL_DataOutStage
 .text.USBD_LL_DataInStage
                0x00000000080061ec      0x12c Middlewares/ST/STM32_USB_Device_Library/Core/Src/usbd_core.o
                0x00000000080061ec                USBD_LL_DataInStage
 .text.USBD_LL_Reset
                0x0000000008006318       0x82 Middlewares/ST/STM32_USB_Device_Library/Core/Src/usbd_core.o
                0x0000000008006318                USBD_LL_Reset
 .text.USBD_LL_SetSpeed
                0x000000000800639a       0x20 Middlewares/ST/STM32_USB_Device_Library/Core/Src/usbd_core.o
                0x000000000800639a                USBD_LL_SetSpeed
 .text.USBD_LL_Suspend
                0x00000000080063ba       0x2a Middlewares/ST/STM32_USB_Device_Library/Core/Src/usbd_core.o
                0x00000000080063ba                USBD_LL_Suspend
 .text.USBD_LL_Resume
                0x00000000080063e4       0x2c Middlewares/ST/STM32_USB_Device_Library/Core/Src/usbd_core.o
                0x00000000080063e4                USBD_LL_Resume
 .text.USBD_LL_SOF
                0x0000000008006410       0x34 Middlewares/ST/STM32_USB_Device_Library/Core/Src/usbd_core.o
                0x0000000008006410                USBD_LL_SOF
 .text.USBD_LL_IsoINIncomplete
                0x0000000008006444       0x1a Middlewares/ST/STM32_USB_Device_Library/Core/Src/usbd_core.o
                0x0000000008006444                USBD_LL_IsoINIncomplete
 .text.USBD_LL_IsoOUTIncomplete
                0x000000000800645e       0x1a Middlewares/ST/STM32_USB_Device_Library/Core/Src/usbd_core.o
                0x000000000800645e                USBD_LL_IsoOUTIncomplete
 .text.USBD_LL_DevConnected
                0x0000000008006478       0x16 Middlewares/ST/STM32_USB_Device_Library/Core/Src/usbd_core.o
                0x0000000008006478                USBD_LL_DevConnected
 .text.USBD_LL_DevDisconnected
                0x000000000800648e       0x38 Middlewares/ST/STM32_USB_Device_Library/Core/Src/usbd_core.o
                0x000000000800648e                USBD_LL_DevDisconnected
 .text.SWAPBYTE
                0x00000000080064c6       0x3c Middlewares/ST/STM32_USB_Device_Library/Core/Src/usbd_ctlreq.o
 *fill*         0x0000000008006502        0x2 
 .text.USBD_StdDevReq
                0x0000000008006504       0xdc Middlewares/ST/STM32_USB_Device_Library/Core/Src/usbd_ctlreq.o
                0x0000000008006504                USBD_StdDevReq
 .text.USBD_StdItfReq
                0x00000000080065e0       0x8c Middlewares/ST/STM32_USB_Device_Library/Core/Src/usbd_ctlreq.o
                0x00000000080065e0                USBD_StdItfReq
 .text.USBD_StdEPReq
                0x000000000800666c      0x2aa Middlewares/ST/STM32_USB_Device_Library/Core/Src/usbd_ctlreq.o
                0x000000000800666c                USBD_StdEPReq
 *fill*         0x0000000008006916        0x2 
 .text.USBD_GetDescriptor
                0x0000000008006918      0x328 Middlewares/ST/STM32_USB_Device_Library/Core/Src/usbd_ctlreq.o
 .text.USBD_SetAddress
                0x0000000008006c40       0x84 Middlewares/ST/STM32_USB_Device_Library/Core/Src/usbd_ctlreq.o
 .text.USBD_SetConfig
                0x0000000008006cc4      0x148 Middlewares/ST/STM32_USB_Device_Library/Core/Src/usbd_ctlreq.o
 .text.USBD_GetConfig
                0x0000000008006e0c       0x68 Middlewares/ST/STM32_USB_Device_Library/Core/Src/usbd_ctlreq.o
 .text.USBD_GetStatus
                0x0000000008006e74       0x66 Middlewares/ST/STM32_USB_Device_Library/Core/Src/usbd_ctlreq.o
 .text.USBD_SetFeature
                0x0000000008006eda       0x28 Middlewares/ST/STM32_USB_Device_Library/Core/Src/usbd_ctlreq.o
 .text.USBD_ClrFeature
                0x0000000008006f02       0x42 Middlewares/ST/STM32_USB_Device_Library/Core/Src/usbd_ctlreq.o
 .text.USBD_ParseSetupRequest
                0x0000000008006f44       0x74 Middlewares/ST/STM32_USB_Device_Library/Core/Src/usbd_ctlreq.o
                0x0000000008006f44                USBD_ParseSetupRequest
 .text.USBD_CtlError
                0x0000000008006fb8       0x22 Middlewares/ST/STM32_USB_Device_Library/Core/Src/usbd_ctlreq.o
                0x0000000008006fb8                USBD_CtlError
 .text.USBD_GetString
                0x0000000008006fda       0x8c Middlewares/ST/STM32_USB_Device_Library/Core/Src/usbd_ctlreq.o
                0x0000000008006fda                USBD_GetString
 .text.USBD_GetLen
                0x0000000008007066       0x34 Middlewares/ST/STM32_USB_Device_Library/Core/Src/usbd_ctlreq.o
 .text.USBD_CtlSendData
                0x000000000800709a       0x36 Middlewares/ST/STM32_USB_Device_Library/Core/Src/usbd_ioreq.o
                0x000000000800709a                USBD_CtlSendData
 .text.USBD_CtlContinueSendData
                0x00000000080070d0       0x22 Middlewares/ST/STM32_USB_Device_Library/Core/Src/usbd_ioreq.o
                0x00000000080070d0                USBD_CtlContinueSendData
 .text.USBD_CtlPrepareRx
                0x00000000080070f2       0x3a Middlewares/ST/STM32_USB_Device_Library/Core/Src/usbd_ioreq.o
                0x00000000080070f2                USBD_CtlPrepareRx
 .text.USBD_CtlContinueRx
                0x000000000800712c       0x22 Middlewares/ST/STM32_USB_Device_Library/Core/Src/usbd_ioreq.o
                0x000000000800712c                USBD_CtlContinueRx
 .text.USBD_CtlSendStatus
                0x000000000800714e       0x26 Middlewares/ST/STM32_USB_Device_Library/Core/Src/usbd_ioreq.o
                0x000000000800714e                USBD_CtlSendStatus
 .text.USBD_CtlReceiveStatus
                0x0000000008007174       0x26 Middlewares/ST/STM32_USB_Device_Library/Core/Src/usbd_ioreq.o
                0x0000000008007174                USBD_CtlReceiveStatus
 *fill*         0x000000000800719a        0x2 
 .text.MX_USB_DEVICE_Init
                0x000000000800719c       0x60 USB_DEVICE/App/usb_device.o
                0x000000000800719c                MX_USB_DEVICE_Init
 .text.CDC_Init_FS
                0x00000000080071fc       0x28 USB_DEVICE/App/usbd_cdc_if.o
 .text.CDC_DeInit_FS
                0x0000000008007224       0x10 USB_DEVICE/App/usbd_cdc_if.o
 .text.CDC_Control_FS
                0x0000000008007234       0xe4 USB_DEVICE/App/usbd_cdc_if.o
 .text.CDC_Receive_FS
                0x0000000008007318       0x60 USB_DEVICE/App/usbd_cdc_if.o
 .text.CDC_TransmitCplt_FS
                0x0000000008007378       0x22 USB_DEVICE/App/usbd_cdc_if.o
 *fill*         0x000000000800739a        0x2 
 .text.USBD_FS_DeviceDescriptor
                0x000000000800739c       0x24 USB_DEVICE/App/usbd_desc.o
                0x000000000800739c                USBD_FS_DeviceDescriptor
 .text.USBD_FS_LangIDStrDescriptor
                0x00000000080073c0       0x24 USB_DEVICE/App/usbd_desc.o
                0x00000000080073c0                USBD_FS_LangIDStrDescriptor
 .text.USBD_FS_ProductStrDescriptor
                0x00000000080073e4       0x3c USB_DEVICE/App/usbd_desc.o
                0x00000000080073e4                USBD_FS_ProductStrDescriptor
 .text.USBD_FS_ManufacturerStrDescriptor
                0x0000000008007420       0x28 USB_DEVICE/App/usbd_desc.o
                0x0000000008007420                USBD_FS_ManufacturerStrDescriptor
 .text.USBD_FS_SerialStrDescriptor
                0x0000000008007448       0x24 USB_DEVICE/App/usbd_desc.o
                0x0000000008007448                USBD_FS_SerialStrDescriptor
 .text.USBD_FS_ConfigStrDescriptor
                0x000000000800746c       0x3c USB_DEVICE/App/usbd_desc.o
                0x000000000800746c                USBD_FS_ConfigStrDescriptor
 .text.USBD_FS_InterfaceStrDescriptor
                0x00000000080074a8       0x3c USB_DEVICE/App/usbd_desc.o
                0x00000000080074a8                USBD_FS_InterfaceStrDescriptor
 .text.USBD_FS_USR_BOSDescriptor
                0x00000000080074e4       0x24 USB_DEVICE/App/usbd_desc.o
                0x00000000080074e4                USBD_FS_USR_BOSDescriptor
 .text.Get_SerialNum
                0x0000000008007508       0x58 USB_DEVICE/App/usbd_desc.o
 .text.IntToUnicode
                0x0000000008007560       0x7c USB_DEVICE/App/usbd_desc.o
 .text.HAL_PCD_MspInit
                0x00000000080075dc       0xc8 USB_DEVICE/Target/usbd_conf.o
                0x00000000080075dc                HAL_PCD_MspInit
 .text.HAL_PCD_SetupStageCallback
                0x00000000080076a4       0x24 USB_DEVICE/Target/usbd_conf.o
                0x00000000080076a4                HAL_PCD_SetupStageCallback
 .text.HAL_PCD_DataOutStageCallback
                0x00000000080076c8       0x36 USB_DEVICE/Target/usbd_conf.o
                0x00000000080076c8                HAL_PCD_DataOutStageCallback
 .text.HAL_PCD_DataInStageCallback
                0x00000000080076fe       0x34 USB_DEVICE/Target/usbd_conf.o
                0x00000000080076fe                HAL_PCD_DataInStageCallback
 .text.HAL_PCD_SOFCallback
                0x0000000008007732       0x1c USB_DEVICE/Target/usbd_conf.o
                0x0000000008007732                HAL_PCD_SOFCallback
 .text.HAL_PCD_ResetCallback
                0x000000000800774e       0x50 USB_DEVICE/Target/usbd_conf.o
                0x000000000800774e                HAL_PCD_ResetCallback
 *fill*         0x000000000800779e        0x2 
 .text.HAL_PCD_SuspendCallback
                0x00000000080077a0       0x4c USB_DEVICE/Target/usbd_conf.o
                0x00000000080077a0                HAL_PCD_SuspendCallback
 .text.HAL_PCD_ResumeCallback
                0x00000000080077ec       0x1c USB_DEVICE/Target/usbd_conf.o
                0x00000000080077ec                HAL_PCD_ResumeCallback
 .text.HAL_PCD_ISOOUTIncompleteCallback
                0x0000000008007808       0x24 USB_DEVICE/Target/usbd_conf.o
                0x0000000008007808                HAL_PCD_ISOOUTIncompleteCallback
 .text.HAL_PCD_ISOINIncompleteCallback
                0x000000000800782c       0x24 USB_DEVICE/Target/usbd_conf.o
                0x000000000800782c                HAL_PCD_ISOINIncompleteCallback
 .text.HAL_PCD_ConnectCallback
                0x0000000008007850       0x1c USB_DEVICE/Target/usbd_conf.o
                0x0000000008007850                HAL_PCD_ConnectCallback
 .text.HAL_PCD_DisconnectCallback
                0x000000000800786c       0x1c USB_DEVICE/Target/usbd_conf.o
                0x000000000800786c                HAL_PCD_DisconnectCallback
 .text.USBD_LL_Init
                0x0000000008007888       0x98 USB_DEVICE/Target/usbd_conf.o
                0x0000000008007888                USBD_LL_Init
 .text.USBD_LL_Start
                0x0000000008007920       0x36 USB_DEVICE/Target/usbd_conf.o
                0x0000000008007920                USBD_LL_Start
 .text.USBD_LL_OpenEP
                0x0000000008007956       0x4c USB_DEVICE/Target/usbd_conf.o
                0x0000000008007956                USBD_LL_OpenEP
 .text.USBD_LL_CloseEP
                0x00000000080079a2       0x3e USB_DEVICE/Target/usbd_conf.o
                0x00000000080079a2                USBD_LL_CloseEP
 .text.USBD_LL_StallEP
                0x00000000080079e0       0x3e USB_DEVICE/Target/usbd_conf.o
                0x00000000080079e0                USBD_LL_StallEP
 .text.USBD_LL_ClearStallEP
                0x0000000008007a1e       0x3e USB_DEVICE/Target/usbd_conf.o
                0x0000000008007a1e                USBD_LL_ClearStallEP
 .text.USBD_LL_IsStallEP
                0x0000000008007a5c       0x58 USB_DEVICE/Target/usbd_conf.o
                0x0000000008007a5c                USBD_LL_IsStallEP
 .text.USBD_LL_SetUSBAddress
                0x0000000008007ab4       0x3e USB_DEVICE/Target/usbd_conf.o
                0x0000000008007ab4                USBD_LL_SetUSBAddress
 .text.USBD_LL_Transmit
                0x0000000008007af2       0x42 USB_DEVICE/Target/usbd_conf.o
                0x0000000008007af2                USBD_LL_Transmit
 .text.USBD_LL_PrepareReceive
                0x0000000008007b34       0x42 USB_DEVICE/Target/usbd_conf.o
                0x0000000008007b34                USBD_LL_PrepareReceive
 .text.USBD_LL_GetRxDataSize
                0x0000000008007b76       0x26 USB_DEVICE/Target/usbd_conf.o
                0x0000000008007b76                USBD_LL_GetRxDataSize
 .text.HAL_PCDEx_LPM_Callback
                0x0000000008007b9c       0x9c USB_DEVICE/Target/usbd_conf.o
                0x0000000008007b9c                HAL_PCDEx_LPM_Callback
 .text.SystemClockConfig_Resume
                0x0000000008007c38        0xc USB_DEVICE/Target/usbd_conf.o
 .text.USBD_Get_USB_Status
                0x0000000008007c44       0x58 USB_DEVICE/Target/usbd_conf.o
                0x0000000008007c44                USBD_Get_USB_Status
 .text.__errno  0x0000000008007c9c        0xc c:/tools/stm32cubeide_1.3.0/stm32cubeide/plugins/com.st.stm32cube.ide.mcu.externaltools.gnu-tools-for-stm32.7-2018-q2-update.win32_1.0.0.201904181610/tools/bin/../lib/gcc/arm-none-eabi/7.3.1/../../../../arm-none-eabi/lib/thumb/v7e-m/fpv5/hard\libc_nano.a(lib_a-errno.o)
                0x0000000008007c9c                __errno
 .text.__libc_init_array
                0x0000000008007ca8       0x48 c:/tools/stm32cubeide_1.3.0/stm32cubeide/plugins/com.st.stm32cube.ide.mcu.externaltools.gnu-tools-for-stm32.7-2018-q2-update.win32_1.0.0.201904181610/tools/bin/../lib/gcc/arm-none-eabi/7.3.1/../../../../arm-none-eabi/lib/thumb/v7e-m/fpv5/hard\libc_nano.a(lib_a-init.o)
                0x0000000008007ca8                __libc_init_array
 .text.malloc   0x0000000008007cf0       0x10 c:/tools/stm32cubeide_1.3.0/stm32cubeide/plugins/com.st.stm32cube.ide.mcu.externaltools.gnu-tools-for-stm32.7-2018-q2-update.win32_1.0.0.201904181610/tools/bin/../lib/gcc/arm-none-eabi/7.3.1/../../../../arm-none-eabi/lib/thumb/v7e-m/fpv5/hard\libc_nano.a(lib_a-malloc.o)
                0x0000000008007cf0                malloc
 .text.free     0x0000000008007d00       0x10 c:/tools/stm32cubeide_1.3.0/stm32cubeide/plugins/com.st.stm32cube.ide.mcu.externaltools.gnu-tools-for-stm32.7-2018-q2-update.win32_1.0.0.201904181610/tools/bin/../lib/gcc/arm-none-eabi/7.3.1/../../../../arm-none-eabi/lib/thumb/v7e-m/fpv5/hard\libc_nano.a(lib_a-malloc.o)
                0x0000000008007d00                free
 .text.memset   0x0000000008007d10       0x10 c:/tools/stm32cubeide_1.3.0/stm32cubeide/plugins/com.st.stm32cube.ide.mcu.externaltools.gnu-tools-for-stm32.7-2018-q2-update.win32_1.0.0.201904181610/tools/bin/../lib/gcc/arm-none-eabi/7.3.1/../../../../arm-none-eabi/lib/thumb/v7e-m/fpv5/hard\libc_nano.a(lib_a-memset.o)
                0x0000000008007d10                memset
 .text._free_r  0x0000000008007d20       0x9c c:/tools/stm32cubeide_1.3.0/stm32cubeide/plugins/com.st.stm32cube.ide.mcu.externaltools.gnu-tools-for-stm32.7-2018-q2-update.win32_1.0.0.201904181610/tools/bin/../lib/gcc/arm-none-eabi/7.3.1/../../../../arm-none-eabi/lib/thumb/v7e-m/fpv5/hard\libc_nano.a(lib_a-nano-freer.o)
                0x0000000008007d20                _free_r
 .text._malloc_r
                0x0000000008007dbc       0xb4 c:/tools/stm32cubeide_1.3.0/stm32cubeide/plugins/com.st.stm32cube.ide.mcu.externaltools.gnu-tools-for-stm32.7-2018-q2-update.win32_1.0.0.201904181610/tools/bin/../lib/gcc/arm-none-eabi/7.3.1/../../../../arm-none-eabi/lib/thumb/v7e-m/fpv5/hard\libc_nano.a(lib_a-nano-mallocr.o)
                0x0000000008007dbc                _malloc_r
 .text._sbrk_r  0x0000000008007e70       0x20 c:/tools/stm32cubeide_1.3.0/stm32cubeide/plugins/com.st.stm32cube.ide.mcu.externaltools.gnu-tools-for-stm32.7-2018-q2-update.win32_1.0.0.201904181610/tools/bin/../lib/gcc/arm-none-eabi/7.3.1/../../../../arm-none-eabi/lib/thumb/v7e-m/fpv5/hard\libc_nano.a(lib_a-sbrkr.o)
                0x0000000008007e70                _sbrk_r
 .text.__malloc_lock
                0x0000000008007e90        0x2 c:/tools/stm32cubeide_1.3.0/stm32cubeide/plugins/com.st.stm32cube.ide.mcu.externaltools.gnu-tools-for-stm32.7-2018-q2-update.win32_1.0.0.201904181610/tools/bin/../lib/gcc/arm-none-eabi/7.3.1/../../../../arm-none-eabi/lib/thumb/v7e-m/fpv5/hard\libc_nano.a(lib_a-mlock.o)
                0x0000000008007e90                __malloc_lock
 .text.__malloc_unlock
                0x0000000008007e92        0x2 c:/tools/stm32cubeide_1.3.0/stm32cubeide/plugins/com.st.stm32cube.ide.mcu.externaltools.gnu-tools-for-stm32.7-2018-q2-update.win32_1.0.0.201904181610/tools/bin/../lib/gcc/arm-none-eabi/7.3.1/../../../../arm-none-eabi/lib/thumb/v7e-m/fpv5/hard\libc_nano.a(lib_a-mlock.o)
                0x0000000008007e92                __malloc_unlock
 *(.glue_7)
 .glue_7        0x0000000008007e94        0x0 linker stubs
 *(.glue_7t)
 .glue_7t       0x0000000008007e94        0x0 linker stubs
 *(.eh_frame)
 .eh_frame      0x0000000008007e94        0x0 c:/tools/stm32cubeide_1.3.0/stm32cubeide/plugins/com.st.stm32cube.ide.mcu.externaltools.gnu-tools-for-stm32.7-2018-q2-update.win32_1.0.0.201904181610/tools/bin/../lib/gcc/arm-none-eabi/7.3.1/thumb/v7e-m/fpv5/hard/crtbegin.o
 *(.init)
 .init          0x0000000008007e94        0x4 c:/tools/stm32cubeide_1.3.0/stm32cubeide/plugins/com.st.stm32cube.ide.mcu.externaltools.gnu-tools-for-stm32.7-2018-q2-update.win32_1.0.0.201904181610/tools/bin/../lib/gcc/arm-none-eabi/7.3.1/thumb/v7e-m/fpv5/hard/crti.o
                0x0000000008007e94                _init
 .init          0x0000000008007e98        0x8 c:/tools/stm32cubeide_1.3.0/stm32cubeide/plugins/com.st.stm32cube.ide.mcu.externaltools.gnu-tools-for-stm32.7-2018-q2-update.win32_1.0.0.201904181610/tools/bin/../lib/gcc/arm-none-eabi/7.3.1/thumb/v7e-m/fpv5/hard/crtn.o
 *(.fini)
 .fini          0x0000000008007ea0        0x4 c:/tools/stm32cubeide_1.3.0/stm32cubeide/plugins/com.st.stm32cube.ide.mcu.externaltools.gnu-tools-for-stm32.7-2018-q2-update.win32_1.0.0.201904181610/tools/bin/../lib/gcc/arm-none-eabi/7.3.1/thumb/v7e-m/fpv5/hard/crti.o
                0x0000000008007ea0                _fini
 .fini          0x0000000008007ea4        0x8 c:/tools/stm32cubeide_1.3.0/stm32cubeide/plugins/com.st.stm32cube.ide.mcu.externaltools.gnu-tools-for-stm32.7-2018-q2-update.win32_1.0.0.201904181610/tools/bin/../lib/gcc/arm-none-eabi/7.3.1/thumb/v7e-m/fpv5/hard/crtn.o
                0x0000000008007eac                . = ALIGN (0x4)
                0x0000000008007eac                _etext = .

.vfp11_veneer   0x0000000008007eac        0x0
 .vfp11_veneer  0x0000000008007eac        0x0 linker stubs

.v4_bx          0x0000000008007eac        0x0
 .v4_bx         0x0000000008007eac        0x0 linker stubs

.iplt           0x0000000008007eac        0x0
 .iplt          0x0000000008007eac        0x0 c:/tools/stm32cubeide_1.3.0/stm32cubeide/plugins/com.st.stm32cube.ide.mcu.externaltools.gnu-tools-for-stm32.7-2018-q2-update.win32_1.0.0.201904181610/tools/bin/../lib/gcc/arm-none-eabi/7.3.1/thumb/v7e-m/fpv5/hard/crtbegin.o

.rodata         0x0000000008007eac       0x60
                0x0000000008007eac                . = ALIGN (0x4)
 *(.rodata)
 .rodata        0x0000000008007eac       0x46 USB_DEVICE/App/usbd_desc.o
 *(.rodata*)
 *fill*         0x0000000008007ef2        0x2 
 .rodata.AHBPrescTable
                0x0000000008007ef4       0x10 Core/Src/system_stm32f7xx.o
                0x0000000008007ef4                AHBPrescTable
 .rodata.APBPrescTable
                0x0000000008007f04        0x8 Core/Src/system_stm32f7xx.o
                0x0000000008007f04                APBPrescTable
                0x0000000008007f0c                . = ALIGN (0x4)

.ARM.extab      0x0000000008007f0c        0x0
                0x0000000008007f0c                . = ALIGN (0x4)
 *(.ARM.extab* .gnu.linkonce.armextab.*)
                0x0000000008007f0c                . = ALIGN (0x4)

.ARM            0x0000000008007f0c        0x8
                0x0000000008007f0c                . = ALIGN (0x4)
                0x0000000008007f0c                __exidx_start = .
 *(.ARM.exidx*)
 .ARM.exidx     0x0000000008007f0c        0x8 c:/tools/stm32cubeide_1.3.0/stm32cubeide/plugins/com.st.stm32cube.ide.mcu.externaltools.gnu-tools-for-stm32.7-2018-q2-update.win32_1.0.0.201904181610/tools/bin/../lib/gcc/arm-none-eabi/7.3.1/thumb/v7e-m/fpv5/hard\libgcc.a(_udivmoddi4.o)
                0x0000000008007f14                __exidx_end = .
                0x0000000008007f14                . = ALIGN (0x4)

.rel.dyn        0x0000000008007f14        0x0
 .rel.iplt      0x0000000008007f14        0x0 c:/tools/stm32cubeide_1.3.0/stm32cubeide/plugins/com.st.stm32cube.ide.mcu.externaltools.gnu-tools-for-stm32.7-2018-q2-update.win32_1.0.0.201904181610/tools/bin/../lib/gcc/arm-none-eabi/7.3.1/thumb/v7e-m/fpv5/hard/crtbegin.o

.preinit_array  0x0000000008007f14        0x0
                0x0000000008007f14                . = ALIGN (0x4)
                0x0000000008007f14                PROVIDE (__preinit_array_start = .)
 *(.preinit_array*)
                0x0000000008007f14                PROVIDE (__preinit_array_end = .)
                0x0000000008007f14                . = ALIGN (0x4)

.init_array     0x0000000008007f14        0x4
                0x0000000008007f14                . = ALIGN (0x4)
                0x0000000008007f14                PROVIDE (__init_array_start = .)
 *(SORT_BY_NAME(.init_array.*))
 *(.init_array*)
 .init_array    0x0000000008007f14        0x4 c:/tools/stm32cubeide_1.3.0/stm32cubeide/plugins/com.st.stm32cube.ide.mcu.externaltools.gnu-tools-for-stm32.7-2018-q2-update.win32_1.0.0.201904181610/tools/bin/../lib/gcc/arm-none-eabi/7.3.1/thumb/v7e-m/fpv5/hard/crtbegin.o
                0x0000000008007f18                PROVIDE (__init_array_end = .)
                0x0000000008007f18                . = ALIGN (0x4)

.fini_array     0x0000000008007f18        0x4
                0x0000000008007f18                . = ALIGN (0x4)
                [!provide]                        PROVIDE (__fini_array_start = .)
 *(SORT_BY_NAME(.fini_array.*))
 *(.fini_array*)
 .fini_array    0x0000000008007f18        0x4 c:/tools/stm32cubeide_1.3.0/stm32cubeide/plugins/com.st.stm32cube.ide.mcu.externaltools.gnu-tools-for-stm32.7-2018-q2-update.win32_1.0.0.201904181610/tools/bin/../lib/gcc/arm-none-eabi/7.3.1/thumb/v7e-m/fpv5/hard/crtbegin.o
                [!provide]                        PROVIDE (__fini_array_end = .)
                0x0000000008007f1c                . = ALIGN (0x4)
                0x0000000008007f1c                _sidata = LOADADDR (.data)

.data           0x0000000020000000      0x5fc load address 0x0000000008007f1c
                0x0000000020000000                . = ALIGN (0x4)
                0x0000000020000000                _sdata = .
 *(.data)
 *(.data*)
 .data.image    0x0000000020000000      0x400 Core/Src/main.o
                0x0000000020000000                image
 .data.SystemCoreClock
                0x0000000020000400        0x4 Core/Src/system_stm32f7xx.o
                0x0000000020000400                SystemCoreClock
 .data.uwTickPrio
                0x0000000020000404        0x4 Drivers/STM32F7xx_HAL_Driver/Src/stm32f7xx_hal.o
                0x0000000020000404                uwTickPrio
 .data.uwTickFreq
                0x0000000020000408        0x1 Drivers/STM32F7xx_HAL_Driver/Src/stm32f7xx_hal.o
                0x0000000020000408                uwTickFreq
 *fill*         0x0000000020000409        0x3 
 .data.USBD_CDC_DeviceQualifierDesc
                0x000000002000040c        0xa Middlewares/ST/STM32_USB_Device_Library/Class/CDC/Src/usbd_cdc.o
 *fill*         0x0000000020000416        0x2 
 .data.USBD_CDC
                0x0000000020000418       0x38 Middlewares/ST/STM32_USB_Device_Library/Class/CDC/Src/usbd_cdc.o
                0x0000000020000418                USBD_CDC
 .data.USBD_CDC_CfgHSDesc
                0x0000000020000450       0x43 Middlewares/ST/STM32_USB_Device_Library/Class/CDC/Src/usbd_cdc.o
 *fill*         0x0000000020000493        0x1 
 .data.USBD_CDC_CfgFSDesc
                0x0000000020000494       0x43 Middlewares/ST/STM32_USB_Device_Library/Class/CDC/Src/usbd_cdc.o
 *fill*         0x00000000200004d7        0x1 
 .data.USBD_CDC_OtherSpeedCfgDesc
                0x00000000200004d8       0x43 Middlewares/ST/STM32_USB_Device_Library/Class/CDC/Src/usbd_cdc.o
 *fill*         0x000000002000051b        0x1 
 .data.lineCoding
                0x000000002000051c        0x7 USB_DEVICE/App/usbd_cdc_if.o
 *fill*         0x0000000020000523        0x1 
 .data.USBD_Interface_fops_FS
                0x0000000020000524       0x14 USB_DEVICE/App/usbd_cdc_if.o
                0x0000000020000524                USBD_Interface_fops_FS
 .data.FS_Desc  0x0000000020000538       0x20 USB_DEVICE/App/usbd_desc.o
                0x0000000020000538                FS_Desc
 .data.USBD_FS_DeviceDesc
                0x0000000020000558       0x12 USB_DEVICE/App/usbd_desc.o
                0x0000000020000558                USBD_FS_DeviceDesc
 *fill*         0x000000002000056a        0x2 
 .data.USBD_FS_BOSDesc
                0x000000002000056c        0xc USB_DEVICE/App/usbd_desc.o
                0x000000002000056c                USBD_FS_BOSDesc
 .data.USBD_LangIDDesc
                0x0000000020000578        0x4 USB_DEVICE/App/usbd_desc.o
                0x0000000020000578                USBD_LangIDDesc
 .data.USBD_StringSerial
                0x000000002000057c       0x1a USB_DEVICE/App/usbd_desc.o
                0x000000002000057c                USBD_StringSerial
 *fill*         0x0000000020000596        0x2 
 .data._impure_ptr
                0x0000000020000598        0x4 c:/tools/stm32cubeide_1.3.0/stm32cubeide/plugins/com.st.stm32cube.ide.mcu.externaltools.gnu-tools-for-stm32.7-2018-q2-update.win32_1.0.0.201904181610/tools/bin/../lib/gcc/arm-none-eabi/7.3.1/../../../../arm-none-eabi/lib/thumb/v7e-m/fpv5/hard\libc_nano.a(lib_a-impure.o)
                0x0000000020000598                _impure_ptr
 .data.impure_data
                0x000000002000059c       0x60 c:/tools/stm32cubeide_1.3.0/stm32cubeide/plugins/com.st.stm32cube.ide.mcu.externaltools.gnu-tools-for-stm32.7-2018-q2-update.win32_1.0.0.201904181610/tools/bin/../lib/gcc/arm-none-eabi/7.3.1/../../../../arm-none-eabi/lib/thumb/v7e-m/fpv5/hard\libc_nano.a(lib_a-impure.o)
                0x00000000200005fc                . = ALIGN (0x4)
                0x00000000200005fc                _edata = .

.igot.plt       0x00000000200005fc        0x0 load address 0x0000000008008518
 .igot.plt      0x00000000200005fc        0x0 c:/tools/stm32cubeide_1.3.0/stm32cubeide/plugins/com.st.stm32cube.ide.mcu.externaltools.gnu-tools-for-stm32.7-2018-q2-update.win32_1.0.0.201904181610/tools/bin/../lib/gcc/arm-none-eabi/7.3.1/thumb/v7e-m/fpv5/hard/crtbegin.o
                0x00000000200005fc                . = ALIGN (0x4)

.bss            0x00000000200005fc     0x1994 load address 0x0000000008008518
                0x00000000200005fc                _sbss = .
                0x00000000200005fc                __bss_start__ = _sbss
 *(.bss)
 .bss           0x00000000200005fc       0x1c c:/tools/stm32cubeide_1.3.0/stm32cubeide/plugins/com.st.stm32cube.ide.mcu.externaltools.gnu-tools-for-stm32.7-2018-q2-update.win32_1.0.0.201904181610/tools/bin/../lib/gcc/arm-none-eabi/7.3.1/thumb/v7e-m/fpv5/hard/crtbegin.o
 *(.bss*)
 .bss.newFrameAvailable
                0x0000000020000618        0x1 Core/Src/main.o
                0x0000000020000618                newFrameAvailable
 *fill*         0x0000000020000619        0x3 
 .bss.heap_end.6424
                0x000000002000061c        0x4 Core/Src/sysmem.o
 .bss.cfgidx.10685
                0x0000000020000620        0x1 Middlewares/ST/STM32_USB_Device_Library/Core/Src/usbd_ctlreq.o
 *fill*         0x0000000020000621        0x3 
 .bss.i         0x0000000020000624        0x4 USB_DEVICE/App/usbd_cdc_if.o
                0x0000000020000624                i
 .bss.__malloc_free_list
                0x0000000020000628        0x4 c:/tools/stm32cubeide_1.3.0/stm32cubeide/plugins/com.st.stm32cube.ide.mcu.externaltools.gnu-tools-for-stm32.7-2018-q2-update.win32_1.0.0.201904181610/tools/bin/../lib/gcc/arm-none-eabi/7.3.1/../../../../arm-none-eabi/lib/thumb/v7e-m/fpv5/hard\libc_nano.a(lib_a-nano-mallocr.o)
                0x0000000020000628                __malloc_free_list
 .bss.__malloc_sbrk_start
                0x000000002000062c        0x4 c:/tools/stm32cubeide_1.3.0/stm32cubeide/plugins/com.st.stm32cube.ide.mcu.externaltools.gnu-tools-for-stm32.7-2018-q2-update.win32_1.0.0.201904181610/tools/bin/../lib/gcc/arm-none-eabi/7.3.1/../../../../arm-none-eabi/lib/thumb/v7e-m/fpv5/hard\libc_nano.a(lib_a-nano-mallocr.o)
                0x000000002000062c                __malloc_sbrk_start
 *(COMMON)
 COMMON         0x0000000020000630       0x80 Core/Src/main.o
                0x0000000020000630                huart3
 COMMON         0x00000000200006b0        0x2 Core/Src/oled_i2c.o
                0x00000000200006b0                OledLineNum
                0x00000000200006b1                OledCursorPos
 *fill*         0x00000000200006b2        0x2 
 COMMON         0x00000000200006b4        0x4 Drivers/STM32F7xx_HAL_Driver/Src/stm32f7xx_hal.o
                0x00000000200006b4                uwTick
 COMMON         0x00000000200006b8      0x2d0 USB_DEVICE/App/usb_device.o
                0x00000000200006b8                hUsbDeviceFS
 COMMON         0x0000000020000988     0x1000 USB_DEVICE/App/usbd_cdc_if.o
                0x0000000020000988                UserRxBufferFS
                0x0000000020001188                UserTxBufferFS
 COMMON         0x0000000020001988      0x200 USB_DEVICE/App/usbd_desc.o
                0x0000000020001988                USBD_StrDesc
 COMMON         0x0000000020001b88      0x404 USB_DEVICE/Target/usbd_conf.o
                0x0000000020001b88                hpcd_USB_OTG_FS
 COMMON         0x0000000020001f8c        0x4 c:/tools/stm32cubeide_1.3.0/stm32cubeide/plugins/com.st.stm32cube.ide.mcu.externaltools.gnu-tools-for-stm32.7-2018-q2-update.win32_1.0.0.201904181610/tools/bin/../lib/gcc/arm-none-eabi/7.3.1/../../../../arm-none-eabi/lib/thumb/v7e-m/fpv5/hard\libc_nano.a(lib_a-reent.o)
                0x0000000020001f8c                errno
                0x0000000020001f90                . = ALIGN (0x4)
                0x0000000020001f90                _ebss = .
                0x0000000020001f90                __bss_end__ = _ebss

._user_heap_stack
                0x0000000020001f90      0x600 load address 0x0000000008008518
                0x0000000020001f90                . = ALIGN (0x8)
                0x0000000020001f90                PROVIDE (end = .)
                [!provide]                        PROVIDE (_end = .)
                0x0000000020002190                . = (. + _Min_Heap_Size)
 *fill*         0x0000000020001f90      0x200 
                0x0000000020002590                . = (. + _Min_Stack_Size)
 *fill*         0x0000000020002190      0x400 
                0x0000000020002590                . = ALIGN (0x8)

/DISCARD/
 libc.a(*)
 libm.a(*)
 libgcc.a(*)

.ARM.attributes
                0x0000000000000000       0x2e
 *(.ARM.attributes)
 .ARM.attributes
                0x0000000000000000       0x20 c:/tools/stm32cubeide_1.3.0/stm32cubeide/plugins/com.st.stm32cube.ide.mcu.externaltools.gnu-tools-for-stm32.7-2018-q2-update.win32_1.0.0.201904181610/tools/bin/../lib/gcc/arm-none-eabi/7.3.1/thumb/v7e-m/fpv5/hard/crti.o
 .ARM.attributes
                0x0000000000000020       0x32 c:/tools/stm32cubeide_1.3.0/stm32cubeide/plugins/com.st.stm32cube.ide.mcu.externaltools.gnu-tools-for-stm32.7-2018-q2-update.win32_1.0.0.201904181610/tools/bin/../lib/gcc/arm-none-eabi/7.3.1/thumb/v7e-m/fpv5/hard/crtbegin.o
 .ARM.attributes
                0x0000000000000052       0x37 Core/Src/main.o
 .ARM.attributes
                0x0000000000000089       0x37 Core/Src/oled_i2c.o
 .ARM.attributes
                0x00000000000000c0       0x37 Core/Src/stm32f7xx_hal_msp.o
 .ARM.attributes
                0x00000000000000f7       0x37 Core/Src/stm32f7xx_it.o
 .ARM.attributes
                0x000000000000012e       0x37 Core/Src/sysmem.o
 .ARM.attributes
                0x0000000000000165       0x37 Core/Src/system_stm32f7xx.o
 .ARM.attributes
                0x000000000000019c       0x21 Core/Startup/startup_stm32f767zitx.o
 .ARM.attributes
                0x00000000000001bd       0x37 Drivers/STM32F7xx_HAL_Driver/Src/stm32f7xx_hal.o
 .ARM.attributes
                0x00000000000001f4       0x37 Drivers/STM32F7xx_HAL_Driver/Src/stm32f7xx_hal_cortex.o
 .ARM.attributes
                0x000000000000022b       0x37 Drivers/STM32F7xx_HAL_Driver/Src/stm32f7xx_hal_gpio.o
 .ARM.attributes
                0x0000000000000262       0x37 Drivers/STM32F7xx_HAL_Driver/Src/stm32f7xx_hal_pcd.o
 .ARM.attributes
                0x0000000000000299       0x37 Drivers/STM32F7xx_HAL_Driver/Src/stm32f7xx_hal_pcd_ex.o
 .ARM.attributes
                0x00000000000002d0       0x37 Drivers/STM32F7xx_HAL_Driver/Src/stm32f7xx_hal_pwr.o
 .ARM.attributes
                0x0000000000000307       0x37 Drivers/STM32F7xx_HAL_Driver/Src/stm32f7xx_hal_pwr_ex.o
 .ARM.attributes
                0x000000000000033e       0x37 Drivers/STM32F7xx_HAL_Driver/Src/stm32f7xx_hal_rcc.o
 .ARM.attributes
                0x0000000000000375       0x37 Drivers/STM32F7xx_HAL_Driver/Src/stm32f7xx_hal_rcc_ex.o
 .ARM.attributes
                0x00000000000003ac       0x37 Drivers/STM32F7xx_HAL_Driver/Src/stm32f7xx_hal_uart.o
 .ARM.attributes
                0x00000000000003e3       0x37 Drivers/STM32F7xx_HAL_Driver/Src/stm32f7xx_ll_usb.o
 .ARM.attributes
                0x000000000000041a       0x37 Middlewares/ST/STM32_USB_Device_Library/Class/CDC/Src/usbd_cdc.o
 .ARM.attributes
                0x0000000000000451       0x37 Middlewares/ST/STM32_USB_Device_Library/Core/Src/usbd_core.o
 .ARM.attributes
                0x0000000000000488       0x37 Middlewares/ST/STM32_USB_Device_Library/Core/Src/usbd_ctlreq.o
 .ARM.attributes
                0x00000000000004bf       0x37 Middlewares/ST/STM32_USB_Device_Library/Core/Src/usbd_ioreq.o
 .ARM.attributes
                0x00000000000004f6       0x37 USB_DEVICE/App/usb_device.o
 .ARM.attributes
                0x000000000000052d       0x37 USB_DEVICE/App/usbd_cdc_if.o
 .ARM.attributes
                0x0000000000000564       0x37 USB_DEVICE/App/usbd_desc.o
 .ARM.attributes
                0x000000000000059b       0x37 USB_DEVICE/Target/usbd_conf.o
 .ARM.attributes
                0x00000000000005d2       0x32 c:/tools/stm32cubeide_1.3.0/stm32cubeide/plugins/com.st.stm32cube.ide.mcu.externaltools.gnu-tools-for-stm32.7-2018-q2-update.win32_1.0.0.201904181610/tools/bin/../lib/gcc/arm-none-eabi/7.3.1/../../../../arm-none-eabi/lib/thumb/v7e-m/fpv5/hard\libc_nano.a(lib_a-errno.o)
 .ARM.attributes
                0x0000000000000604       0x32 c:/tools/stm32cubeide_1.3.0/stm32cubeide/plugins/com.st.stm32cube.ide.mcu.externaltools.gnu-tools-for-stm32.7-2018-q2-update.win32_1.0.0.201904181610/tools/bin/../lib/gcc/arm-none-eabi/7.3.1/../../../../arm-none-eabi/lib/thumb/v7e-m/fpv5/hard\libc_nano.a(lib_a-impure.o)
 .ARM.attributes
                0x0000000000000636       0x32 c:/tools/stm32cubeide_1.3.0/stm32cubeide/plugins/com.st.stm32cube.ide.mcu.externaltools.gnu-tools-for-stm32.7-2018-q2-update.win32_1.0.0.201904181610/tools/bin/../lib/gcc/arm-none-eabi/7.3.1/../../../../arm-none-eabi/lib/thumb/v7e-m/fpv5/hard\libc_nano.a(lib_a-init.o)
 .ARM.attributes
                0x0000000000000668       0x32 c:/tools/stm32cubeide_1.3.0/stm32cubeide/plugins/com.st.stm32cube.ide.mcu.externaltools.gnu-tools-for-stm32.7-2018-q2-update.win32_1.0.0.201904181610/tools/bin/../lib/gcc/arm-none-eabi/7.3.1/../../../../arm-none-eabi/lib/thumb/v7e-m/fpv5/hard\libc_nano.a(lib_a-malloc.o)
 .ARM.attributes
                0x000000000000069a       0x32 c:/tools/stm32cubeide_1.3.0/stm32cubeide/plugins/com.st.stm32cube.ide.mcu.externaltools.gnu-tools-for-stm32.7-2018-q2-update.win32_1.0.0.201904181610/tools/bin/../lib/gcc/arm-none-eabi/7.3.1/../../../../arm-none-eabi/lib/thumb/v7e-m/fpv5/hard\libc_nano.a(lib_a-memset.o)
 .ARM.attributes
                0x00000000000006cc       0x32 c:/tools/stm32cubeide_1.3.0/stm32cubeide/plugins/com.st.stm32cube.ide.mcu.externaltools.gnu-tools-for-stm32.7-2018-q2-update.win32_1.0.0.201904181610/tools/bin/../lib/gcc/arm-none-eabi/7.3.1/../../../../arm-none-eabi/lib/thumb/v7e-m/fpv5/hard\libc_nano.a(lib_a-nano-freer.o)
 .ARM.attributes
                0x00000000000006fe       0x32 c:/tools/stm32cubeide_1.3.0/stm32cubeide/plugins/com.st.stm32cube.ide.mcu.externaltools.gnu-tools-for-stm32.7-2018-q2-update.win32_1.0.0.201904181610/tools/bin/../lib/gcc/arm-none-eabi/7.3.1/../../../../arm-none-eabi/lib/thumb/v7e-m/fpv5/hard\libc_nano.a(lib_a-nano-mallocr.o)
 .ARM.attributes
                0x0000000000000730       0x32 c:/tools/stm32cubeide_1.3.0/stm32cubeide/plugins/com.st.stm32cube.ide.mcu.externaltools.gnu-tools-for-stm32.7-2018-q2-update.win32_1.0.0.201904181610/tools/bin/../lib/gcc/arm-none-eabi/7.3.1/../../../../arm-none-eabi/lib/thumb/v7e-m/fpv5/hard\libc_nano.a(lib_a-sbrkr.o)
 .ARM.attributes
                0x0000000000000762       0x32 c:/tools/stm32cubeide_1.3.0/stm32cubeide/plugins/com.st.stm32cube.ide.mcu.externaltools.gnu-tools-for-stm32.7-2018-q2-update.win32_1.0.0.201904181610/tools/bin/../lib/gcc/arm-none-eabi/7.3.1/../../../../arm-none-eabi/lib/thumb/v7e-m/fpv5/hard\libc_nano.a(lib_a-mlock.o)
 .ARM.attributes
                0x0000000000000794       0x32 c:/tools/stm32cubeide_1.3.0/stm32cubeide/plugins/com.st.stm32cube.ide.mcu.externaltools.gnu-tools-for-stm32.7-2018-q2-update.win32_1.0.0.201904181610/tools/bin/../lib/gcc/arm-none-eabi/7.3.1/../../../../arm-none-eabi/lib/thumb/v7e-m/fpv5/hard\libc_nano.a(lib_a-reent.o)
 .ARM.attributes
                0x00000000000007c6       0x20 c:/tools/stm32cubeide_1.3.0/stm32cubeide/plugins/com.st.stm32cube.ide.mcu.externaltools.gnu-tools-for-stm32.7-2018-q2-update.win32_1.0.0.201904181610/tools/bin/../lib/gcc/arm-none-eabi/7.3.1/thumb/v7e-m/fpv5/hard\libgcc.a(_aeabi_uldivmod.o)
 .ARM.attributes
                0x00000000000007e6       0x32 c:/tools/stm32cubeide_1.3.0/stm32cubeide/plugins/com.st.stm32cube.ide.mcu.externaltools.gnu-tools-for-stm32.7-2018-q2-update.win32_1.0.0.201904181610/tools/bin/../lib/gcc/arm-none-eabi/7.3.1/thumb/v7e-m/fpv5/hard\libgcc.a(_udivmoddi4.o)
 .ARM.attributes
                0x0000000000000818       0x20 c:/tools/stm32cubeide_1.3.0/stm32cubeide/plugins/com.st.stm32cube.ide.mcu.externaltools.gnu-tools-for-stm32.7-2018-q2-update.win32_1.0.0.201904181610/tools/bin/../lib/gcc/arm-none-eabi/7.3.1/thumb/v7e-m/fpv5/hard\libgcc.a(_dvmd_tls.o)
 .ARM.attributes
                0x0000000000000838       0x20 c:/tools/stm32cubeide_1.3.0/stm32cubeide/plugins/com.st.stm32cube.ide.mcu.externaltools.gnu-tools-for-stm32.7-2018-q2-update.win32_1.0.0.201904181610/tools/bin/../lib/gcc/arm-none-eabi/7.3.1/thumb/v7e-m/fpv5/hard/crtn.o
OUTPUT(i2c_lcd767.elf elf32-littlearm)

.debug_info     0x0000000000000000    0x17e38
 .debug_info    0x0000000000000000     0x19ed Core/Src/main.o
 .debug_info    0x00000000000019ed     0x121b Core/Src/oled_i2c.o
 .debug_info    0x0000000000002c08      0xa6a Core/Src/stm32f7xx_hal_msp.o
 .debug_info    0x0000000000003672      0x6ec Core/Src/stm32f7xx_it.o
 .debug_info    0x0000000000003d5e      0x91c Core/Src/sysmem.o
 .debug_info    0x000000000000467a      0x73d Core/Src/system_stm32f7xx.o
 .debug_info    0x0000000000004db7       0x22 Core/Startup/startup_stm32f767zitx.o
 .debug_info    0x0000000000004dd9      0xa46 Drivers/STM32F7xx_HAL_Driver/Src/stm32f7xx_hal.o
 .debug_info    0x000000000000581f     0x108c Drivers/STM32F7xx_HAL_Driver/Src/stm32f7xx_hal_cortex.o
 .debug_info    0x00000000000068ab      0x7e9 Drivers/STM32F7xx_HAL_Driver/Src/stm32f7xx_hal_gpio.o
 .debug_info    0x0000000000007094     0x1147 Drivers/STM32F7xx_HAL_Driver/Src/stm32f7xx_hal_pcd.o
 .debug_info    0x00000000000081db      0x810 Drivers/STM32F7xx_HAL_Driver/Src/stm32f7xx_hal_pcd_ex.o
 .debug_info    0x00000000000089eb      0x9b4 Drivers/STM32F7xx_HAL_Driver/Src/stm32f7xx_hal_pwr.o
 .debug_info    0x000000000000939f      0x96b Drivers/STM32F7xx_HAL_Driver/Src/stm32f7xx_hal_pwr_ex.o
 .debug_info    0x0000000000009d0a      0x996 Drivers/STM32F7xx_HAL_Driver/Src/stm32f7xx_hal_rcc.o
 .debug_info    0x000000000000a6a0      0x7d1 Drivers/STM32F7xx_HAL_Driver/Src/stm32f7xx_hal_rcc_ex.o
 .debug_info    0x000000000000ae71     0x16f7 Drivers/STM32F7xx_HAL_Driver/Src/stm32f7xx_hal_uart.o
 .debug_info    0x000000000000c568     0x1940 Drivers/STM32F7xx_HAL_Driver/Src/stm32f7xx_ll_usb.o
 .debug_info    0x000000000000dea8     0x1883 Middlewares/ST/STM32_USB_Device_Library/Class/CDC/Src/usbd_cdc.o
 .debug_info    0x000000000000f72b     0x12bc Middlewares/ST/STM32_USB_Device_Library/Core/Src/usbd_core.o
 .debug_info    0x00000000000109e7     0x1274 Middlewares/ST/STM32_USB_Device_Library/Core/Src/usbd_ctlreq.o
 .debug_info    0x0000000000011c5b      0xfbf Middlewares/ST/STM32_USB_Device_Library/Core/Src/usbd_ioreq.o
 .debug_info    0x0000000000012c1a      0xf32 USB_DEVICE/App/usb_device.o
 .debug_info    0x0000000000013b4c     0x1179 USB_DEVICE/App/usbd_cdc_if.o
 .debug_info    0x0000000000014cc5      0xdb2 USB_DEVICE/App/usbd_desc.o
 .debug_info    0x0000000000015a77     0x23c1 USB_DEVICE/Target/usbd_conf.o

.debug_abbrev   0x0000000000000000     0x3568
 .debug_abbrev  0x0000000000000000      0x24a Core/Src/main.o
 .debug_abbrev  0x000000000000024a      0x272 Core/Src/oled_i2c.o
 .debug_abbrev  0x00000000000004bc      0x191 Core/Src/stm32f7xx_hal_msp.o
 .debug_abbrev  0x000000000000064d      0x169 Core/Src/stm32f7xx_it.o
 .debug_abbrev  0x00000000000007b6      0x1bb Core/Src/sysmem.o
 .debug_abbrev  0x0000000000000971      0x147 Core/Src/system_stm32f7xx.o
 .debug_abbrev  0x0000000000000ab8       0x12 Core/Startup/startup_stm32f767zitx.o
 .debug_abbrev  0x0000000000000aca      0x1c7 Drivers/STM32F7xx_HAL_Driver/Src/stm32f7xx_hal.o
 .debug_abbrev  0x0000000000000c91      0x2fa Drivers/STM32F7xx_HAL_Driver/Src/stm32f7xx_hal_cortex.o
 .debug_abbrev  0x0000000000000f8b      0x1c9 Drivers/STM32F7xx_HAL_Driver/Src/stm32f7xx_hal_gpio.o
 .debug_abbrev  0x0000000000001154      0x266 Drivers/STM32F7xx_HAL_Driver/Src/stm32f7xx_hal_pcd.o
 .debug_abbrev  0x00000000000013ba      0x1c0 Drivers/STM32F7xx_HAL_Driver/Src/stm32f7xx_hal_pcd_ex.o
 .debug_abbrev  0x000000000000157a      0x1b6 Drivers/STM32F7xx_HAL_Driver/Src/stm32f7xx_hal_pwr.o
 .debug_abbrev  0x0000000000001730      0x1b8 Drivers/STM32F7xx_HAL_Driver/Src/stm32f7xx_hal_pwr_ex.o
 .debug_abbrev  0x00000000000018e8      0x268 Drivers/STM32F7xx_HAL_Driver/Src/stm32f7xx_hal_rcc.o
 .debug_abbrev  0x0000000000001b50      0x1ad Drivers/STM32F7xx_HAL_Driver/Src/stm32f7xx_hal_rcc_ex.o
 .debug_abbrev  0x0000000000001cfd      0x205 Drivers/STM32F7xx_HAL_Driver/Src/stm32f7xx_hal_uart.o
 .debug_abbrev  0x0000000000001f02      0x251 Drivers/STM32F7xx_HAL_Driver/Src/stm32f7xx_ll_usb.o
 .debug_abbrev  0x0000000000002153      0x2c1 Middlewares/ST/STM32_USB_Device_Library/Class/CDC/Src/usbd_cdc.o
 .debug_abbrev  0x0000000000002414      0x282 Middlewares/ST/STM32_USB_Device_Library/Core/Src/usbd_core.o
 .debug_abbrev  0x0000000000002696      0x2bf Middlewares/ST/STM32_USB_Device_Library/Core/Src/usbd_ctlreq.o
 .debug_abbrev  0x0000000000002955      0x201 Middlewares/ST/STM32_USB_Device_Library/Core/Src/usbd_ioreq.o
 .debug_abbrev  0x0000000000002b56      0x1df USB_DEVICE/App/usb_device.o
 .debug_abbrev  0x0000000000002d35      0x2ef USB_DEVICE/App/usbd_cdc_if.o
 .debug_abbrev  0x0000000000003024      0x26a USB_DEVICE/App/usbd_desc.o
 .debug_abbrev  0x000000000000328e      0x2da USB_DEVICE/Target/usbd_conf.o

.debug_aranges  0x0000000000000000      0xf70
 .debug_aranges
                0x0000000000000000       0x40 Core/Src/main.o
 .debug_aranges
                0x0000000000000040       0x80 Core/Src/oled_i2c.o
 .debug_aranges
                0x00000000000000c0       0x30 Core/Src/stm32f7xx_hal_msp.o
 .debug_aranges
                0x00000000000000f0       0x68 Core/Src/stm32f7xx_it.o
 .debug_aranges
                0x0000000000000158       0x20 Core/Src/sysmem.o
 .debug_aranges
                0x0000000000000178       0x28 Core/Src/system_stm32f7xx.o
 .debug_aranges
                0x00000000000001a0       0x28 Core/Startup/startup_stm32f767zitx.o
 .debug_aranges
                0x00000000000001c8      0x110 Drivers/STM32F7xx_HAL_Driver/Src/stm32f7xx_hal.o
 .debug_aranges
                0x00000000000002d8      0x118 Drivers/STM32F7xx_HAL_Driver/Src/stm32f7xx_hal_cortex.o
 .debug_aranges
                0x00000000000003f0       0x58 Drivers/STM32F7xx_HAL_Driver/Src/stm32f7xx_hal_gpio.o
 .debug_aranges
                0x0000000000000448      0x130 Drivers/STM32F7xx_HAL_Driver/Src/stm32f7xx_hal_pcd.o
 .debug_aranges
                0x0000000000000578       0x48 Drivers/STM32F7xx_HAL_Driver/Src/stm32f7xx_hal_pcd_ex.o
 .debug_aranges
                0x00000000000005c0       0xa0 Drivers/STM32F7xx_HAL_Driver/Src/stm32f7xx_hal_pwr.o
 .debug_aranges
                0x0000000000000660       0x80 Drivers/STM32F7xx_HAL_Driver/Src/stm32f7xx_hal_pwr_ex.o
 .debug_aranges
                0x00000000000006e0       0x88 Drivers/STM32F7xx_HAL_Driver/Src/stm32f7xx_hal_rcc.o
 .debug_aranges
                0x0000000000000768       0x50 Drivers/STM32F7xx_HAL_Driver/Src/stm32f7xx_hal_rcc_ex.o
 .debug_aranges
                0x00000000000007b8      0x218 Drivers/STM32F7xx_HAL_Driver/Src/stm32f7xx_hal_uart.o
 .debug_aranges
                0x00000000000009d0      0x198 Drivers/STM32F7xx_HAL_Driver/Src/stm32f7xx_ll_usb.o
 .debug_aranges
                0x0000000000000b68       0x90 Middlewares/ST/STM32_USB_Device_Library/Class/CDC/Src/usbd_cdc.o
 .debug_aranges
                0x0000000000000bf8       0xb8 Middlewares/ST/STM32_USB_Device_Library/Core/Src/usbd_core.o
 .debug_aranges
                0x0000000000000cb0       0x90 Middlewares/ST/STM32_USB_Device_Library/Core/Src/usbd_ctlreq.o
 .debug_aranges
                0x0000000000000d40       0x50 Middlewares/ST/STM32_USB_Device_Library/Core/Src/usbd_ioreq.o
 .debug_aranges
                0x0000000000000d90       0x20 USB_DEVICE/App/usb_device.o
 .debug_aranges
                0x0000000000000db0       0x48 USB_DEVICE/App/usbd_cdc_if.o
 .debug_aranges
                0x0000000000000df8       0x68 USB_DEVICE/App/usbd_desc.o
 .debug_aranges
                0x0000000000000e60      0x110 USB_DEVICE/Target/usbd_conf.o

.debug_ranges   0x0000000000000000      0xdd8
 .debug_ranges  0x0000000000000000       0x30 Core/Src/main.o
 .debug_ranges  0x0000000000000030       0x70 Core/Src/oled_i2c.o
 .debug_ranges  0x00000000000000a0       0x20 Core/Src/stm32f7xx_hal_msp.o
 .debug_ranges  0x00000000000000c0       0x58 Core/Src/stm32f7xx_it.o
 .debug_ranges  0x0000000000000118       0x10 Core/Src/sysmem.o
 .debug_ranges  0x0000000000000128       0x18 Core/Src/system_stm32f7xx.o
 .debug_ranges  0x0000000000000140       0x20 Core/Startup/startup_stm32f767zitx.o
 .debug_ranges  0x0000000000000160      0x100 Drivers/STM32F7xx_HAL_Driver/Src/stm32f7xx_hal.o
 .debug_ranges  0x0000000000000260      0x108 Drivers/STM32F7xx_HAL_Driver/Src/stm32f7xx_hal_cortex.o
 .debug_ranges  0x0000000000000368       0x48 Drivers/STM32F7xx_HAL_Driver/Src/stm32f7xx_hal_gpio.o
 .debug_ranges  0x00000000000003b0      0x120 Drivers/STM32F7xx_HAL_Driver/Src/stm32f7xx_hal_pcd.o
 .debug_ranges  0x00000000000004d0       0x38 Drivers/STM32F7xx_HAL_Driver/Src/stm32f7xx_hal_pcd_ex.o
 .debug_ranges  0x0000000000000508       0x90 Drivers/STM32F7xx_HAL_Driver/Src/stm32f7xx_hal_pwr.o
 .debug_ranges  0x0000000000000598       0x70 Drivers/STM32F7xx_HAL_Driver/Src/stm32f7xx_hal_pwr_ex.o
 .debug_ranges  0x0000000000000608       0x78 Drivers/STM32F7xx_HAL_Driver/Src/stm32f7xx_hal_rcc.o
 .debug_ranges  0x0000000000000680       0x40 Drivers/STM32F7xx_HAL_Driver/Src/stm32f7xx_hal_rcc_ex.o
 .debug_ranges  0x00000000000006c0      0x208 Drivers/STM32F7xx_HAL_Driver/Src/stm32f7xx_hal_uart.o
 .debug_ranges  0x00000000000008c8      0x188 Drivers/STM32F7xx_HAL_Driver/Src/stm32f7xx_ll_usb.o
 .debug_ranges  0x0000000000000a50       0x80 Middlewares/ST/STM32_USB_Device_Library/Class/CDC/Src/usbd_cdc.o
 .debug_ranges  0x0000000000000ad0       0xa8 Middlewares/ST/STM32_USB_Device_Library/Core/Src/usbd_core.o
 .debug_ranges  0x0000000000000b78       0x80 Middlewares/ST/STM32_USB_Device_Library/Core/Src/usbd_ctlreq.o
 .debug_ranges  0x0000000000000bf8       0x40 Middlewares/ST/STM32_USB_Device_Library/Core/Src/usbd_ioreq.o
 .debug_ranges  0x0000000000000c38       0x10 USB_DEVICE/App/usb_device.o
 .debug_ranges  0x0000000000000c48       0x38 USB_DEVICE/App/usbd_cdc_if.o
 .debug_ranges  0x0000000000000c80       0x58 USB_DEVICE/App/usbd_desc.o
 .debug_ranges  0x0000000000000cd8      0x100 USB_DEVICE/Target/usbd_conf.o

.debug_macro    0x0000000000000000    0x2ae91
 .debug_macro   0x0000000000000000      0x406 Core/Src/main.o
 .debug_macro   0x0000000000000406      0xa66 Core/Src/main.o
 .debug_macro   0x0000000000000e6c      0x189 Core/Src/main.o
 .debug_macro   0x0000000000000ff5       0x2e Core/Src/main.o
 .debug_macro   0x0000000000001023       0x3b Core/Src/main.o
 .debug_macro   0x000000000000105e       0x22 Core/Src/main.o
 .debug_macro   0x0000000000001080       0x8e Core/Src/main.o
 .debug_macro   0x000000000000110e       0x51 Core/Src/main.o
 .debug_macro   0x000000000000115f       0xef Core/Src/main.o
 .debug_macro   0x000000000000124e       0x6a Core/Src/main.o
 .debug_macro   0x00000000000012b8      0x1df Core/Src/main.o
 .debug_macro   0x0000000000001497       0x1c Core/Src/main.o
 .debug_macro   0x00000000000014b3       0x22 Core/Src/main.o
 .debug_macro   0x00000000000014d5       0xdf Core/Src/main.o
 .debug_macro   0x00000000000015b4     0x12cd Core/Src/main.o
 .debug_macro   0x0000000000002881      0x11f Core/Src/main.o
 .debug_macro   0x00000000000029a0       0x19 Core/Src/main.o
 .debug_macro   0x00000000000029b9    0x1a9b4 Core/Src/main.o
 .debug_macro   0x000000000001d36d       0x43 Core/Src/main.o
 .debug_macro   0x000000000001d3b0     0x36b4 Core/Src/main.o
 .debug_macro   0x0000000000020a64      0x174 Core/Src/main.o
 .debug_macro   0x0000000000020bd8       0x61 Core/Src/main.o
 .debug_macro   0x0000000000020c39     0x1add Core/Src/main.o
 .debug_macro   0x0000000000022716      0x6c4 Core/Src/main.o
 .debug_macro   0x0000000000022dda      0x18b Core/Src/main.o
 .debug_macro   0x0000000000022f65      0x117 Core/Src/main.o
 .debug_macro   0x000000000002307c      0x26f Core/Src/main.o
 .debug_macro   0x00000000000232eb       0x27 Core/Src/main.o
 .debug_macro   0x0000000000023312      0x24f Core/Src/main.o
 .debug_macro   0x0000000000023561       0x71 Core/Src/main.o
 .debug_macro   0x00000000000235d2       0x58 Core/Src/main.o
 .debug_macro   0x000000000002362a      0x236 Core/Src/main.o
 .debug_macro   0x0000000000023860      0x14f Core/Src/main.o
 .debug_macro   0x00000000000239af      0x3dc Core/Src/main.o
 .debug_macro   0x0000000000023d8b       0x12 Core/Src/main.o
 .debug_macro   0x0000000000023d9d      0x22c Core/Src/main.o
 .debug_macro   0x0000000000023fc9       0x61 Core/Src/main.o
 .debug_macro   0x000000000002402a       0xa5 Core/Src/main.o
 .debug_macro   0x00000000000240cf      0x12f Core/Src/main.o
 .debug_macro   0x00000000000241fe      0x108 Core/Src/main.o
 .debug_macro   0x0000000000024306       0x35 Core/Src/main.o
 .debug_macro   0x000000000002433b      0x589 Core/Src/main.o
 .debug_macro   0x00000000000248c4       0x44 Core/Src/main.o
 .debug_macro   0x0000000000024908      0x233 Core/Src/main.o
 .debug_macro   0x0000000000024b3b       0xba Core/Src/main.o
 .debug_macro   0x0000000000024bf5      0x15c Core/Src/main.o
 .debug_macro   0x0000000000024d51      0x118 Core/Src/main.o
 .debug_macro   0x0000000000024e69       0x46 Core/Src/main.o
 .debug_macro   0x0000000000024eaf       0x17 Core/Src/main.o
 .debug_macro   0x0000000000024ec6       0x3c Core/Src/main.o
 .debug_macro   0x0000000000024f02       0x34 Core/Src/main.o
 .debug_macro   0x0000000000024f36       0x16 Core/Src/main.o
 .debug_macro   0x0000000000024f4c       0x35 Core/Src/main.o
 .debug_macro   0x0000000000024f81      0x32a Core/Src/main.o
 .debug_macro   0x00000000000252ab       0x10 Core/Src/main.o
 .debug_macro   0x00000000000252bb       0x52 Core/Src/main.o
 .debug_macro   0x000000000002530d       0x1f Core/Src/main.o
 .debug_macro   0x000000000002532c       0x43 Core/Src/main.o
 .debug_macro   0x000000000002536f       0x20 Core/Src/main.o
 .debug_macro   0x000000000002538f      0x1a3 Core/Src/main.o
 .debug_macro   0x0000000000025532       0x10 Core/Src/main.o
 .debug_macro   0x0000000000025542       0x1c Core/Src/main.o
 .debug_macro   0x000000000002555e       0x52 Core/Src/main.o
 .debug_macro   0x00000000000255b0       0x40 Core/Src/main.o
 .debug_macro   0x00000000000255f0       0x10 Core/Src/main.o
 .debug_macro   0x0000000000025600       0x40 Core/Src/main.o
 .debug_macro   0x0000000000025640       0xd7 Core/Src/main.o
 .debug_macro   0x0000000000025717       0x1c Core/Src/main.o
 .debug_macro   0x0000000000025733       0x3d Core/Src/main.o
 .debug_macro   0x0000000000025770       0x16 Core/Src/main.o
 .debug_macro   0x0000000000025786      0x145 Core/Src/main.o
 .debug_macro   0x00000000000258cb       0x16 Core/Src/main.o
 .debug_macro   0x00000000000258e1       0x16 Core/Src/main.o
 .debug_macro   0x00000000000258f7       0x29 Core/Src/main.o
 .debug_macro   0x0000000000025920       0x16 Core/Src/main.o
 .debug_macro   0x0000000000025936       0x20 Core/Src/main.o
 .debug_macro   0x0000000000025956       0x65 Core/Src/main.o
 .debug_macro   0x00000000000259bb      0x1c4 Core/Src/main.o
 .debug_macro   0x0000000000025b7f      0x230 Core/Src/main.o
 .debug_macro   0x0000000000025daf      0x16e Core/Src/main.o
 .debug_macro   0x0000000000025f1d      0x387 Core/Src/oled_i2c.o
 .debug_macro   0x00000000000262a4       0x40 Core/Src/oled_i2c.o
 .debug_macro   0x00000000000262e4       0x94 Core/Src/oled_i2c.o
 .debug_macro   0x0000000000026378       0x57 Core/Src/oled_i2c.o
 .debug_macro   0x00000000000263cf       0x97 Core/Src/oled_i2c.o
 .debug_macro   0x0000000000026466      0x330 Core/Src/oled_i2c.o
 .debug_macro   0x0000000000026796       0xfd Core/Src/oled_i2c.o
 .debug_macro   0x0000000000026893       0x4c Core/Src/oled_i2c.o
 .debug_macro   0x00000000000268df       0xd9 Core/Src/oled_i2c.o
 .debug_macro   0x00000000000269b8       0x5b Core/Src/oled_i2c.o
 .debug_macro   0x0000000000026a13      0x202 Core/Src/stm32f7xx_hal_msp.o
 .debug_macro   0x0000000000026c15      0x20c Core/Src/stm32f7xx_it.o
 .debug_macro   0x0000000000026e21      0x1ae Core/Src/sysmem.o
 .debug_macro   0x0000000000026fcf      0x23b Core/Src/sysmem.o